153.110.241.228 - - [07/Mar/2017:14:06:09 +0800] "GET /docs/playbooks_conditionals.html HTTP/1.1" 200 16053 "http://www.ansible.com.cn/docs/playbooks_variables.html" "Mozilla/5.0 (Windows NT 6.1; WOW64; rv:45.0) Gecko/20100101 Firefox/45.0"
46.235.158.196 - - [07/Mar/2017:14:06:10 +0800] "GET /docs/playbooks_variables.html HTTP/1.1" 200 100672 "-" "Mozilla/5.0 (Windows NT 6.1; WOW64; rv:45.0) Gecko/20100101 Firefox/45.0"
106.37.232.114 - - [07/Mar/2017:14:06:13 +0800] "GET / HTTP/1.1" 200 18885 "https://www.baidu.com/link?url=u9nVTEz5IvdkrnHIBPSm1C_C-vzQHiv0kuYrbkVb3E6Qt3FacWjQJujed0bCdqBS&wd=&eqid=9647a9a30000e6b20000000358be4dcf" "Mozilla/5.0 (Macintosh; Intel Mac OS X 10_11_6) AppleWebKit/537.36 (KHTML, like Gecko) Chrome/56.0.2924.87 Safari/537.36"
106.37.232.114 - - [07/Mar/2017:14:06:13 +0800] "GET /_static/js/modernizr.min.js HTTP/1.1" 200 15414 "http://www.ansible.com.cn/" "Mozilla/5.0 (Macintosh; Intel Mac OS X 10_11_6) AppleWebKit/537.36 (KHTML, like Gecko) Chrome/56.0.2924.87 Safari/537.36"
106.37.232.114 - - [07/Mar/2017:14:06:13 +0800] "GET /_static/css/theme.css HTTP/1.1" 200 22148 "http://www.ansible.com.cn/" "Mozilla/5.0 (Macintosh; Intel Mac OS X 10_11_6) AppleWebKit/537.36 (KHTML, like Gecko) Chrome/56.0.2924.87 Safari/537.36"
106.37.232.114 - - [07/Mar/2017:14:06:13 +0800] "GET /_static/doctools.js HTTP/1.1" 200 7377 "http://www.ansible.com.cn/" "Mozilla/5.0 (Macintosh; Intel Mac OS X 10_11_6) AppleWebKit/537.36 (KHTML, like Gecko) Chrome/56.0.2924.87 Safari/537.36"
106.37.232.114 - - [07/Mar/2017:14:06:13 +0800] "GET /_static/underscore.js HTTP/1.1" 200 12140 "http://www.ansible.com.cn/" "Mozilla/5.0 (Macintosh; Intel Mac OS X 10_11_6) AppleWebKit/537.36 (KHTML, like Gecko) Chrome/56.0.2924.87 Safari/537.36"
106.37.232.114 - - [07/Mar/2017:14:06:13 +0800] "GET /_static/js/theme.js HTTP/1.1" 200 4280 "http://www.ansible.com.cn/" "Mozilla/5.0 (Macintosh; Intel Mac OS X 10_11_6) AppleWebKit/537.36 (KHTML, like Gecko) Chrome/56.0.2924.87 Safari/537.36"
106.37.232.114 - - [07/Mar/2017:14:06:13 +0800] "GET /_static/jquery.js HTTP/1.1" 200 95786 "http://www.ansible.com.cn/" "Mozilla/5.0 (Macintosh; Intel Mac OS X 10_11_6) AppleWebKit/537.36 (KHTML, like Gecko) Chrome/56.0.2924.87 Safari/537.36"
106.37.232.114 - - [07/Mar/2017:14:06:13 +0800] "GET /_static/fonts/RobotoSlab-Bold.ttf HTTP/1.1" 200 36596 "http://www.ansible.com.cn/_static/css/theme.css" "Mozilla/5.0 (Macintosh; Intel Mac OS X 10_11_6) AppleWebKit/537.36 (KHTML, like Gecko) Chrome/56.0.2924.87 Safari/537.36"
106.37.232.114 - - [07/Mar/2017:14:06:13 +0800] "GET /_static/fonts/fontawesome-webfont.woff?v=4.2.0 HTTP/1.1" 200 44432 "http://www.ansible.com.cn/_static/css/theme.css" "Mozilla/5.0 (Macintosh; Intel Mac OS X 10_11_6) AppleWebKit/537.36 (KHTML, like Gecko) Chrome/56.0.2924.87 Safari/537.36"
106.37.232.114 - - [07/Mar/2017:14:06:13 +0800] "GET /_static/fonts/Lato-Regular.ttf HTTP/1.1" 200 81980 "http://www.ansible.com.cn/_static/css/theme.css" "Mozilla/5.0 (Macintosh; Intel Mac OS X 10_11_6) AppleWebKit/537.36 (KHTML, like Gecko) Chrome/56.0.2924.87 Safari/537.36"
106.37.232.114 - - [07/Mar/2017:14:06:14 +0800] "GET /_static/fonts/Lato-Bold.ttf HTTP/1.1" 200 82368 "http://www.ansible.com.cn/_static/css/theme.css" "Mozilla/5.0 (Macintosh; Intel Mac OS X 10_11_6) AppleWebKit/537.36 (KHTML, like Gecko) Chrome/56.0.2924.87 Safari/537.36"
106.37.232.114 - - [07/Mar/2017:14:06:14 +0800] "GET /favicon.ico HTTP/1.1" 200 2504 "http://www.ansible.com.cn/" "Mozilla/5.0 (Macintosh; Intel Mac OS X 10_11_6) AppleWebKit/537.36 (KHTML, like Gecko) Chrome/56.0.2924.87 Safari/537.36"
106.37.232.114 - - [07/Mar/2017:14:07:03 +0800] "GET / HTTP/1.1" 200 18885 "-" "%E6%9C%89%E9%81%93%E4%BA%91%E7%AC%94%E8%AE%B0/6230 CFNetwork/760.6.3 Darwin/15.6.0 (x86_64)"
106.37.232.114 - - [07/Mar/2017:14:07:27 +0800] "GET /docs/intro_configuration.html HTTP/1.1" 200 23657 "http://www.ansible.com.cn/" "Mozilla/5.0 (Macintosh; Intel Mac OS X 10_11_6) AppleWebKit/537.36 (KHTML, like Gecko) Chrome/56.0.2924.87 Safari/537.36"
106.37.232.114 - - [07/Mar/2017:14:07:27 +0800] "GET /docs/_static/js/modernizr.min.js HTTP/1.1" 200 15414 "http://www.ansible.com.cn/docs/intro_configuration.html" "Mozilla/5.0 (Macintosh; Intel Mac OS X 10_11_6) AppleWebKit/537.36 (KHTML, like Gecko) Chrome/56.0.2924.87 Safari/537.36"
106.37.232.114 - - [07/Mar/2017:14:07:41 +0800] "GET /docs/intro_configuration.html HTTP/1.1" 200 23657 "-" "%E6%9C%89%E9%81%93%E4%BA%91%E7%AC%94%E8%AE%B0/6230 CFNetwork/760.6.3 Darwin/15.6.0 (x86_64)"
153.110.241.228 - - [07/Mar/2017:14:08:24 +0800] "GET /docs/playbooks_variables.html HTTP/1.1" 200 26968 "http://www.ansible.com.cn/docs/playbooks_roles.html" "Mozilla/5.0 (Windows NT 6.1; WOW64; rv:45.0) Gecko/20100101 Firefox/45.0"
218.93.118.132 - - [07/Mar/2017:14:08:33 +0800] "GET /docs/playbooks_variables.html HTTP/1.1" 200 26968 "http://www.ansible.com.cn/docs/playbooks_best_practices.html" "Mozilla/5.0 (Windows NT 10.0; Win64; x64) AppleWebKit/537.36 (KHTML, like Gecko) Chrome/56.0.2924.87 Safari/537.36"
42.156.138.27 - - [07/Mar/2017:14:09:21 +0800] "GET /docs/playbooks_vault.html HTTP/1.1" 200 13516 "-" "Mozilla/5.0 (Windows NT 6.1; Win64; x64; rv:2.0b13pre) Gecko/20110307 Firefox/4.0b13pre"
140.206.63.34 - - [07/Mar/2017:14:09:24 +0800] "GET /docs/intro_inventory.html HTTP/1.1" 200 15540 "http://www.ansible.com.cn/docs/intro_getting_started.html" "Mozilla/5.0 (Windows NT 6.1; WOW64) AppleWebKit/537.36 (KHTML, like Gecko) Chrome/43.0.2357.124 Safari/537.36"
42.156.136.27 - - [07/Mar/2017:14:09:36 +0800] "GET /docs/playbooks_vault.html HTTP/1.1" 200 60775 "-" "Mozilla/5.0 (Windows NT 6.1; Win64; x64; rv:2.0b13pre) Gecko/20110307 Firefox/4.0b13pre"
116.231.175.12 - - [07/Mar/2017:14:09:51 +0800] "GET /docs/playbooks_roles.html HTTP/1.1" 200 19104 "http://www.ansible.com.cn/docs/playbooks_intro.html" "Mozilla/5.0 (Windows NT 6.1; WOW64; Trident/7.0; rv:11.0) like Gecko"
106.37.232.114 - - [07/Mar/2017:14:10:04 +0800] "GET /_static/fonts/RobotoSlab-Regular.ttf HTTP/1.1" 200 36276 "http://www.ansible.com.cn/_static/css/theme.css" "Mozilla/5.0 (Macintosh; Intel Mac OS X 10_11_6) AppleWebKit/537.36 (KHTML, like Gecko) Chrome/56.0.2924.87 Safari/537.36"
119.62.48.23 - - [07/Mar/2017:14:11:18 +0800] "GET /favicon.ico HTTP/1.1" 200 2504 "-" "Mozilla/5.0 (Windows NT 10.0; WOW64) AppleWebKit/537.36 (KHTML, like Gecko) Chrome/49.0.2623.75 Safari/537.36"
49.4.178.50 - - [07/Mar/2017:14:11:35 +0800] "GET / HTTP/1.1" 200 18885 "https://www.baidu.com/link?url=WkN3SyUWT3oPpxZXCGljfRmEqjwicoe_YxVfWGXhm-s76wbzd-yF7PghXaB20hZ8&wd=&eqid=abe610bc0054ffad0000000258be4f0f" "Mozilla/5.0 (Windows NT 10.0; Win64; x64) AppleWebKit/537.36 (KHTML, like Gecko) Chrome/54.0.2840.99 Safari/537.36"
49.4.178.50 - - [07/Mar/2017:14:11:35 +0800] "GET /_static/css/theme.css HTTP/1.1" 200 22148 "http://www.ansible.com.cn/" "Mozilla/5.0 (Windows NT 10.0; Win64; x64) AppleWebKit/537.36 (KHTML, like Gecko) Chrome/54.0.2840.99 Safari/537.36"
49.4.178.50 - - [07/Mar/2017:14:11:35 +0800] "GET /_static/js/modernizr.min.js HTTP/1.1" 200 15414 "http://www.ansible.com.cn/" "Mozilla/5.0 (Windows NT 10.0; Win64; x64) AppleWebKit/537.36 (KHTML, like Gecko) Chrome/54.0.2840.99 Safari/537.36"
49.4.178.50 - - [07/Mar/2017:14:11:35 +0800] "GET /_static/underscore.js HTTP/1.1" 200 12140 "http://www.ansible.com.cn/" "Mozilla/5.0 (Windows NT 10.0; Win64; x64) AppleWebKit/537.36 (KHTML, like Gecko) Chrome/54.0.2840.99 Safari/537.36"
49.4.178.50 - - [07/Mar/2017:14:11:35 +0800] "GET /_static/doctools.js HTTP/1.1" 200 7377 "http://www.ansible.com.cn/" "Mozilla/5.0 (Windows NT 10.0; Win64; x64) AppleWebKit/537.36 (KHTML, like Gecko) Chrome/54.0.2840.99 Safari/537.36"
49.4.178.50 - - [07/Mar/2017:14:11:35 +0800] "GET /_static/js/theme.js HTTP/1.1" 200 4280 "http://www.ansible.com.cn/" "Mozilla/5.0 (Windows NT 10.0; Win64; x64) AppleWebKit/537.36 (KHTML, like Gecko) Chrome/54.0.2840.99 Safari/537.36"
49.4.178.50 - - [07/Mar/2017:14:11:35 +0800] "GET /_static/jquery.js HTTP/1.1" 200 95786 "http://www.ansible.com.cn/" "Mozilla/5.0 (Windows NT 10.0; Win64; x64) AppleWebKit/537.36 (KHTML, like Gecko) Chrome/54.0.2840.99 Safari/537.36"
49.4.178.50 - - [07/Mar/2017:14:11:35 +0800] "GET /_static/fonts/Lato-Regular.ttf HTTP/1.1" 200 81980 "http://www.ansible.com.cn/_static/css/theme.css" "Mozilla/5.0 (Windows NT 10.0; Win64; x64) AppleWebKit/537.36 (KHTML, like Gecko) Chrome/54.0.2840.99 Safari/537.36"
49.4.178.50 - - [07/Mar/2017:14:11:35 +0800] "GET /_static/fonts/fontawesome-webfont.woff?v=4.2.0 HTTP/1.1" 200 44432 "http://www.ansible.com.cn/_static/css/theme.css" "Mozilla/5.0 (Windows NT 10.0; Win64; x64) AppleWebKit/537.36 (KHTML, like Gecko) Chrome/54.0.2840.99 Safari/537.36"
49.4.178.50 - - [07/Mar/2017:14:11:35 +0800] "GET /_static/fonts/RobotoSlab-Bold.ttf HTTP/1.1" 200 36596 "http://www.ansible.com.cn/_static/css/theme.css" "Mozilla/5.0 (Windows NT 10.0; Win64; x64) AppleWebKit/537.36 (KHTML, like Gecko) Chrome/54.0.2840.99 Safari/537.36"
49.4.178.50 - - [07/Mar/2017:14:11:35 +0800] "GET /_static/fonts/Lato-Bold.ttf HTTP/1.1" 200 82368 "http://www.ansible.com.cn/_static/css/theme.css" "Mozilla/5.0 (Windows NT 10.0; Win64; x64) AppleWebKit/537.36 (KHTML, like Gecko) Chrome/54.0.2840.99 Safari/537.36"
49.4.178.50 - - [07/Mar/2017:14:11:36 +0800] "GET /favicon.ico HTTP/1.1" 200 2504 "http://www.ansible.com.cn/" "Mozilla/5.0 (Windows NT 10.0; Win64; x64) AppleWebKit/537.36 (KHTML, like Gecko) Chrome/54.0.2840.99 Safari/537.36"
49.4.178.50 - - [07/Mar/2017:14:11:37 +0800] "GET /_static/fonts/RobotoSlab-Regular.ttf HTTP/1.1" 200 36276 "http://www.ansible.com.cn/_static/css/theme.css" "Mozilla/5.0 (Windows NT 10.0; Win64; x64) AppleWebKit/537.36 (KHTML, like Gecko) Chrome/54.0.2840.99 Safari/537.36"
101.95.189.42 - - [07/Mar/2017:14:11:47 +0800] "GET /docs/playbooks_variables.html HTTP/1.1" 200 26968 "http://www.ansible.com.cn/docs/playbooks_roles.html" "Mozilla/5.0 (Windows NT 6.1; WOW64; rv:51.0) Gecko/20100101 Firefox/51.0"
116.231.117.51 - - [07/Mar/2017:14:11:50 +0800] "GET / HTTP/1.1" 200 18885 "-" "Mozilla/5.0 (Windows NT 10.0; WOW64) AppleWebKit/537.36 (KHTML, like Gecko) Chrome/55.0.2883.87 Safari/537.36"
116.231.117.51 - - [07/Mar/2017:14:11:50 +0800] "GET /_static/js/modernizr.min.js HTTP/1.1" 200 15414 "http://www.ansible.com.cn/" "Mozilla/5.0 (Windows NT 10.0; WOW64) AppleWebKit/537.36 (KHTML, like Gecko) Chrome/55.0.2883.87 Safari/537.36"
116.231.117.51 - - [07/Mar/2017:14:11:50 +0800] "GET /_static/css/theme.css HTTP/1.1" 304 0 "http://www.ansible.com.cn/" "Mozilla/5.0 (Windows NT 10.0; WOW64) AppleWebKit/537.36 (KHTML, like Gecko) Chrome/55.0.2883.87 Safari/537.36"
116.231.117.51 - - [07/Mar/2017:14:11:50 +0800] "GET /_static/underscore.js HTTP/1.1" 304 0 "http://www.ansible.com.cn/" "Mozilla/5.0 (Windows NT 10.0; WOW64) AppleWebKit/537.36 (KHTML, like Gecko) Chrome/55.0.2883.87 Safari/537.36"
116.231.117.51 - - [07/Mar/2017:14:11:50 +0800] "GET /_static/jquery.js HTTP/1.1" 304 0 "http://www.ansible.com.cn/" "Mozilla/5.0 (Windows NT 10.0; WOW64) AppleWebKit/537.36 (KHTML, like Gecko) Chrome/55.0.2883.87 Safari/537.36"
116.231.117.51 - - [07/Mar/2017:14:11:50 +0800] "GET /_static/doctools.js HTTP/1.1" 304 0 "http://www.ansible.com.cn/" "Mozilla/5.0 (Windows NT 10.0; WOW64) AppleWebKit/537.36 (KHTML, like Gecko) Chrome/55.0.2883.87 Safari/537.36"
116.231.117.51 - - [07/Mar/2017:14:11:50 +0800] "GET /_static/js/theme.js HTTP/1.1" 304 0 "http://www.ansible.com.cn/" "Mozilla/5.0 (Windows NT 10.0; WOW64) AppleWebKit/537.36 (KHTML, like Gecko) Chrome/55.0.2883.87 Safari/537.36"
116.231.117.51 - - [07/Mar/2017:14:11:50 +0800] "GET /_static/fonts/Lato-Regular.ttf HTTP/1.1" 200 81980 "http://www.ansible.com.cn/_static/css/theme.css" "Mozilla/5.0 (Windows NT 10.0; WOW64) AppleWebKit/537.36 (KHTML, like Gecko) Chrome/55.0.2883.87 Safari/537.36"
116.231.117.51 - - [07/Mar/2017:14:11:50 +0800] "GET /_static/fonts/fontawesome-webfont.woff?v=4.2.0 HTTP/1.1" 200 44432 "http://www.ansible.com.cn/_static/css/theme.css" "Mozilla/5.0 (Windows NT 10.0; WOW64) AppleWebKit/537.36 (KHTML, like Gecko) Chrome/55.0.2883.87 Safari/537.36"
116.231.117.51 - - [07/Mar/2017:14:11:50 +0800] "GET /_static/fonts/RobotoSlab-Bold.ttf HTTP/1.1" 200 36596 "http://www.ansible.com.cn/_static/css/theme.css" "Mozilla/5.0 (Windows NT 10.0; WOW64) AppleWebKit/537.36 (KHTML, like Gecko) Chrome/55.0.2883.87 Safari/537.36"
116.231.117.51 - - [07/Mar/2017:14:11:50 +0800] "GET /_static/fonts/Lato-Bold.ttf HTTP/1.1" 200 82368 "http://www.ansible.com.cn/_static/css/theme.css" "Mozilla/5.0 (Windows NT 10.0; WOW64) AppleWebKit/537.36 (KHTML, like Gecko) Chrome/55.0.2883.87 Safari/537.36"
116.231.117.51 - - [07/Mar/2017:14:11:51 +0800] "GET /_static/fonts/RobotoSlab-Regular.ttf HTTP/1.1" 200 36276 "http://www.ansible.com.cn/_static/css/theme.css" "Mozilla/5.0 (Windows NT 10.0; WOW64) AppleWebKit/537.36 (KHTML, like Gecko) Chrome/55.0.2883.87 Safari/537.36"
101.95.189.42 - - [07/Mar/2017:14:11:52 +0800] "GET /docs/playbooks_variables.html HTTP/1.1" 200 26968 "http://www.ansible.com.cn/docs/playbooks_roles.html" "Mozilla/5.0 (Windows NT 6.1; WOW64; rv:51.0) Gecko/20100101 Firefox/51.0"
116.231.117.51 - - [07/Mar/2017:14:12:01 +0800] "GET /docs/modules.html HTTP/1.1" 200 11630 "http://www.ansible.com.cn/" "Mozilla/5.0 (Windows NT 10.0; WOW64) AppleWebKit/537.36 (KHTML, like Gecko) Chrome/55.0.2883.87 Safari/537.36"
116.231.117.51 - - [07/Mar/2017:14:12:06 +0800] "GET /docs/_static/js/modernizr.min.js HTTP/1.1" 304 0 "http://www.ansible.com.cn/docs/modules.html" "Mozilla/5.0 (Windows NT 10.0; WOW64) AppleWebKit/537.36 (KHTML, like Gecko) Chrome/55.0.2883.87 Safari/537.36"
116.231.117.51 - - [07/Mar/2017:14:12:15 +0800] "GET /docs/modules_intro.html HTTP/1.1" 200 12437 "http://www.ansible.com.cn/docs/modules.html" "Mozilla/5.0 (Windows NT 10.0; WOW64) AppleWebKit/537.36 (KHTML, like Gecko) Chrome/55.0.2883.87 Safari/537.36"
221.122.17.3 - - [07/Mar/2017:14:12:19 +0800] "GET /docs/intro_getting_started.html HTTP/1.1" 200 14927 "http://www.ansible.com.cn/docs/intro_installation.html" "Mozilla/5.0 (Windows NT 6.1; WOW64) AppleWebKit/537.36 (KHTML, like Gecko) Chrome/56.0.2924.87 Safari/537.36"
86.100.71.243 - - [07/Mar/2017:14:13:15 +0800] "GET /wp-login.php HTTP/1.1" 404 149 "-" "Mozilla/5.0 (Windows NT 6.1; WOW64; rv:40.0) Gecko/20100101 Firefox/40.1"
86.100.71.243 - - [07/Mar/2017:14:13:16 +0800] "GET / HTTP/1.1" 200 99590 "-" "Mozilla/5.0 (Windows NT 6.1; WOW64; rv:40.0) Gecko/20100101 Firefox/40.1"
101.95.189.42 - - [07/Mar/2017:14:13:41 +0800] "GET /docs/playbooks_conditionals.html HTTP/1.1" 200 16053 "http://www.ansible.com.cn/docs/playbooks_variables.html" "Mozilla/5.0 (Windows NT 6.1; WOW64; rv:51.0) Gecko/20100101 Firefox/51.0"
101.95.189.42 - - [07/Mar/2017:14:13:49 +0800] "GET /docs/YAMLSyntax.html HTTP/1.1" 200 12835 "http://www.ansible.com.cn/docs/playbooks_conditionals.html" "Mozilla/5.0 (Windows NT 6.1; WOW64; rv:51.0) Gecko/20100101 Firefox/51.0"
116.231.117.51 - - [07/Mar/2017:14:13:54 +0800] "GET /docs/modules_core.html HTTP/1.1" 200 11734 "http://www.ansible.com.cn/docs/modules_intro.html" "Mozilla/5.0 (Windows NT 10.0; WOW64) AppleWebKit/537.36 (KHTML, like Gecko) Chrome/55.0.2883.87 Safari/537.36"
116.231.117.51 - - [07/Mar/2017:14:14:08 +0800] "GET /docs/modules_extra.html HTTP/1.1" 200 11959 "http://www.ansible.com.cn/docs/modules_core.html" "Mozilla/5.0 (Windows NT 10.0; WOW64) AppleWebKit/537.36 (KHTML, like Gecko) Chrome/55.0.2883.87 Safari/537.36"
119.96.203.87 - - [07/Mar/2017:14:14:20 +0800] "GET /docs/modules_core.html HTTP/1.1" 200 11734 "http://www.ansible.com.cn/docs/playbooks_roles.html" "Mozilla/5.0 (Windows NT 10.0; Win64; x64) AppleWebKit/537.36 (KHTML, like Gecko) Chrome/51.0.2704.79 Safari/537.36 Edge/14.14393"
119.96.203.87 - - [07/Mar/2017:14:14:28 +0800] "GET /docs/modules.html HTTP/1.1" 200 11630 "http://www.ansible.com.cn/docs/modules_core.html" "Mozilla/5.0 (Windows NT 10.0; Win64; x64) AppleWebKit/537.36 (KHTML, like Gecko) Chrome/51.0.2704.79 Safari/537.36 Edge/14.14393"
153.110.241.228 - - [07/Mar/2017:14:15:06 +0800] "GET /docs/modules_core.html HTTP/1.1" 200 11734 "http://www.ansible.com.cn/docs/playbooks_roles.html" "Mozilla/5.0 (Windows NT 6.1; WOW64; rv:45.0) Gecko/20100101 Firefox/45.0"
153.110.241.228 - - [07/Mar/2017:14:15:07 +0800] "GET /docs/modules_extra.html HTTP/1.1" 200 11959 "http://www.ansible.com.cn/docs/modules_core.html" "Mozilla/5.0 (Windows NT 6.1; WOW64; rv:45.0) Gecko/20100101 Firefox/45.0"
153.110.241.228 - - [07/Mar/2017:14:15:19 +0800] "GET /docs/common_return_values.html HTTP/1.1" 200 12191 "http://www.ansible.com.cn/docs/modules_extra.html" "Mozilla/5.0 (Windows NT 6.1; WOW64; rv:45.0) Gecko/20100101 Firefox/45.0"
153.110.241.228 - - [07/Mar/2017:14:15:27 +0800] "GET /docs/guides.html HTTP/1.1" 200 11350 "http://www.ansible.com.cn/docs/common_return_values.html" "Mozilla/5.0 (Windows NT 6.1; WOW64; rv:45.0) Gecko/20100101 Firefox/45.0"
153.110.241.228 - - [07/Mar/2017:14:15:39 +0800] "GET /docs/modules.html HTTP/1.1" 200 11630 "http://www.ansible.com.cn/docs/common_return_values.html" "Mozilla/5.0 (Windows NT 6.1; WOW64; rv:45.0) Gecko/20100101 Firefox/45.0"
153.110.241.228 - - [07/Mar/2017:14:15:41 +0800] "GET /docs/modules_intro.html HTTP/1.1" 200 12437 "http://www.ansible.com.cn/docs/modules.html" "Mozilla/5.0 (Windows NT 6.1; WOW64; rv:45.0) Gecko/20100101 Firefox/45.0"
140.206.63.34 - - [07/Mar/2017:14:16:37 +0800] "GET /docs/intro_dynamic_inventory.html HTTP/1.1" 200 17156 "http://www.ansible.com.cn/docs/intro_inventory.html" "Mozilla/5.0 (Windows NT 10.0; Win64; x64) AppleWebKit/537.36 (KHTML, like Gecko) Chrome/51.0.2704.79 Safari/537.36 Edge/14.14393"
120.42.99.167 - - [07/Mar/2017:14:18:32 +0800] "GET / HTTP/1.1" 200 18885 "https://www.google.com.hk/" "Mozilla/5.0 (Windows NT 10.0; WOW64) AppleWebKit/537.36 (KHTML, like Gecko) Chrome/55.0.2883.75 Safari/537.36"
120.42.99.167 - - [07/Mar/2017:14:18:32 +0800] "GET /_static/css/theme.css HTTP/1.1" 200 22148 "http://www.ansible.com.cn/" "Mozilla/5.0 (Windows NT 10.0; WOW64) AppleWebKit/537.36 (KHTML, like Gecko) Chrome/55.0.2883.75 Safari/537.36"
120.42.99.167 - - [07/Mar/2017:14:18:32 +0800] "GET /_static/js/modernizr.min.js HTTP/1.1" 200 15414 "http://www.ansible.com.cn/" "Mozilla/5.0 (Windows NT 10.0; WOW64) AppleWebKit/537.36 (KHTML, like Gecko) Chrome/55.0.2883.75 Safari/537.36"
120.42.99.167 - - [07/Mar/2017:14:18:32 +0800] "GET /_static/underscore.js HTTP/1.1" 200 12140 "http://www.ansible.com.cn/" "Mozilla/5.0 (Windows NT 10.0; WOW64) AppleWebKit/537.36 (KHTML, like Gecko) Chrome/55.0.2883.75 Safari/537.36"
120.42.99.167 - - [07/Mar/2017:14:18:32 +0800] "GET /_static/doctools.js HTTP/1.1" 200 7377 "http://www.ansible.com.cn/" "Mozilla/5.0 (Windows NT 10.0; WOW64) AppleWebKit/537.36 (KHTML, like Gecko) Chrome/55.0.2883.75 Safari/537.36"
120.42.99.167 - - [07/Mar/2017:14:18:32 +0800] "GET /_static/js/theme.js HTTP/1.1" 200 4280 "http://www.ansible.com.cn/" "Mozilla/5.0 (Windows NT 10.0; WOW64) AppleWebKit/537.36 (KHTML, like Gecko) Chrome/55.0.2883.75 Safari/537.36"
120.42.99.167 - - [07/Mar/2017:14:18:32 +0800] "GET /_static/jquery.js HTTP/1.1" 200 95786 "http://www.ansible.com.cn/" "Mozilla/5.0 (Windows NT 10.0; WOW64) AppleWebKit/537.36 (KHTML, like Gecko) Chrome/55.0.2883.75 Safari/537.36"
120.42.99.167 - - [07/Mar/2017:14:18:33 +0800] "GET /_static/fonts/fontawesome-webfont.woff?v=4.2.0 HTTP/1.1" 200 44432 "http://www.ansible.com.cn/_static/css/theme.css" "Mozilla/5.0 (Windows NT 10.0; WOW64) AppleWebKit/537.36 (KHTML, like Gecko) Chrome/55.0.2883.75 Safari/537.36"
120.42.99.167 - - [07/Mar/2017:14:18:33 +0800] "GET /_static/fonts/RobotoSlab-Bold.ttf HTTP/1.1" 200 36596 "http://www.ansible.com.cn/_static/css/theme.css" "Mozilla/5.0 (Windows NT 10.0; WOW64) AppleWebKit/537.36 (KHTML, like Gecko) Chrome/55.0.2883.75 Safari/537.36"
120.42.99.167 - - [07/Mar/2017:14:18:33 +0800] "GET /_static/fonts/Lato-Regular.ttf HTTP/1.1" 200 81980 "http://www.ansible.com.cn/_static/css/theme.css" "Mozilla/5.0 (Windows NT 10.0; WOW64) AppleWebKit/537.36 (KHTML, like Gecko) Chrome/55.0.2883.75 Safari/537.36"
120.42.99.167 - - [07/Mar/2017:14:18:33 +0800] "GET /_static/fonts/Lato-Bold.ttf HTTP/1.1" 200 82368 "http://www.ansible.com.cn/_static/css/theme.css" "Mozilla/5.0 (Windows NT 10.0; WOW64) AppleWebKit/537.36 (KHTML, like Gecko) Chrome/55.0.2883.75 Safari/537.36"
120.42.99.167 - - [07/Mar/2017:14:18:33 +0800] "GET /favicon.ico HTTP/1.1" 200 2504 "http://www.ansible.com.cn/" "Mozilla/5.0 (Windows NT 10.0; WOW64) AppleWebKit/537.36 (KHTML, like Gecko) Chrome/55.0.2883.75 Safari/537.36"
220.181.108.163 - - [07/Mar/2017:14:18:39 +0800] "GET / HTTP/1.1" 200 18885 "-" "Mozilla/5.0 (compatible; Baiduspider/2.0; +http://www.baidu.com/search/spider.html)"
120.42.99.167 - - [07/Mar/2017:14:18:39 +0800] "GET /docs/quickstart.html HTTP/1.1" 200 11261 "http://www.ansible.com.cn/" "Mozilla/5.0 (Windows NT 10.0; WOW64) AppleWebKit/537.36 (KHTML, like Gecko) Chrome/55.0.2883.75 Safari/537.36"
120.42.99.167 - - [07/Mar/2017:14:18:39 +0800] "GET /docs/_static/js/modernizr.min.js HTTP/1.1" 200 15414 "http://www.ansible.com.cn/docs/quickstart.html" "Mozilla/5.0 (Windows NT 10.0; WOW64) AppleWebKit/537.36 (KHTML, like Gecko) Chrome/55.0.2883.75 Safari/537.36"
101.226.66.172 - - [07/Mar/2017:14:18:43 +0800] "GET /_static/fonts/fontawesome-webfont.woff?v=4.2.0 HTTP/1.1" 200 44432 "http://www.ansible.com.cn/_static/css/theme.css" "Mozilla/5.0 (Windows NT 6.1; WOW64; Trident/7.0; SLCC2; .NET CLR 2.0.50727; .NET CLR 3.5.30729; .NET CLR 3.0.30729; Media Center PC 6.0; .NET4.0C; .NET4.0E; InfoPath.3; rv:11.0) like Gecko"
103.218.216.113 - - [07/Mar/2017:14:19:02 +0800] "GET /favicon.ico HTTP/1.1" 304 0 "-" "Mozilla/5.0 (Windows; U; MSIE 6.0; Windows NT 5.1; SV1; .NET CLR 2.0.50727; BIDUBrowser 8.4)"
180.167.7.200 - - [07/Mar/2017:14:19:12 +0800] "GET / HTTP/1.1" 200 18885 "http://www.baidu.com/link?url=RCthdJPLwy83aPg3tniSnhDNl1kAIltJRsD0bqkm9zSX6Xrcx7ZKtnEAHDkwZJF5&wd=&eqid=ce992036005eafc20000000458be50db" "Mozilla/5.0 (Windows NT 6.1; Win64; x64) AppleWebKit/537.36 (KHTML, like Gecko) Chrome/56.0.2924.87 Safari/537.36"
180.167.7.200 - - [07/Mar/2017:14:19:12 +0800] "GET /_static/js/modernizr.min.js HTTP/1.1" 200 15414 "http://www.ansible.com.cn/" "Mozilla/5.0 (Windows NT 6.1; Win64; x64) AppleWebKit/537.36 (KHTML, like Gecko) Chrome/56.0.2924.87 Safari/537.36"
180.167.7.200 - - [07/Mar/2017:14:19:12 +0800] "GET /_static/css/theme.css HTTP/1.1" 304 0 "http://www.ansible.com.cn/" "Mozilla/5.0 (Windows NT 6.1; Win64; x64) AppleWebKit/537.36 (KHTML, like Gecko) Chrome/56.0.2924.87 Safari/537.36"
180.167.7.200 - - [07/Mar/2017:14:19:12 +0800] "GET /_static/doctools.js HTTP/1.1" 200 7377 "http://www.ansible.com.cn/" "Mozilla/5.0 (Windows NT 6.1; Win64; x64) AppleWebKit/537.36 (KHTML, like Gecko) Chrome/56.0.2924.87 Safari/537.36"
180.167.7.200 - - [07/Mar/2017:14:19:12 +0800] "GET /_static/js/theme.js HTTP/1.1" 200 4280 "http://www.ansible.com.cn/" "Mozilla/5.0 (Windows NT 6.1; Win64; x64) AppleWebKit/537.36 (KHTML, like Gecko) Chrome/56.0.2924.87 Safari/537.36"
180.167.7.200 - - [07/Mar/2017:14:19:12 +0800] "GET /_static/underscore.js HTTP/1.1" 200 12140 "http://www.ansible.com.cn/" "Mozilla/5.0 (Windows NT 6.1; Win64; x64) AppleWebKit/537.36 (KHTML, like Gecko) Chrome/56.0.2924.87 Safari/537.36"
180.167.7.200 - - [07/Mar/2017:14:19:12 +0800] "GET /_static/jquery.js HTTP/1.1" 200 95786 "http://www.ansible.com.cn/" "Mozilla/5.0 (Windows NT 6.1; Win64; x64) AppleWebKit/537.36 (KHTML, like Gecko) Chrome/56.0.2924.87 Safari/537.36"
180.167.7.200 - - [07/Mar/2017:14:19:12 +0800] "GET /_static/fonts/fontawesome-webfont.woff?v=4.2.0 HTTP/1.1" 200 44432 "http://www.ansible.com.cn/_static/css/theme.css" "Mozilla/5.0 (Windows NT 6.1; Win64; x64) AppleWebKit/537.36 (KHTML, like Gecko) Chrome/56.0.2924.87 Safari/537.36"
180.167.7.200 - - [07/Mar/2017:14:19:12 +0800] "GET /_static/fonts/Lato-Regular.ttf HTTP/1.1" 200 81980 "http://www.ansible.com.cn/_static/css/theme.css" "Mozilla/5.0 (Windows NT 6.1; Win64; x64) AppleWebKit/537.36 (KHTML, like Gecko) Chrome/56.0.2924.87 Safari/537.36"
180.167.7.200 - - [07/Mar/2017:14:19:12 +0800] "GET /_static/fonts/RobotoSlab-Bold.ttf HTTP/1.1" 200 36596 "http://www.ansible.com.cn/_static/css/theme.css" "Mozilla/5.0 (Windows NT 6.1; Win64; x64) AppleWebKit/537.36 (KHTML, like Gecko) Chrome/56.0.2924.87 Safari/537.36"
180.167.7.200 - - [07/Mar/2017:14:19:12 +0800] "GET /_static/fonts/Lato-Bold.ttf HTTP/1.1" 200 82368 "http://www.ansible.com.cn/_static/css/theme.css" "Mozilla/5.0 (Windows NT 6.1; Win64; x64) AppleWebKit/537.36 (KHTML, like Gecko) Chrome/56.0.2924.87 Safari/537.36"
180.167.7.200 - - [07/Mar/2017:14:19:12 +0800] "GET /favicon.ico HTTP/1.1" 200 2504 "http://www.ansible.com.cn/" "Mozilla/5.0 (Windows NT 6.1; Win64; x64) AppleWebKit/537.36 (KHTML, like Gecko) Chrome/56.0.2924.87 Safari/537.36"
119.96.203.87 - - [07/Mar/2017:14:19:15 +0800] "GET /docs/modules_intro.html HTTP/1.1" 200 12437 "http://www.ansible.com.cn/docs/modules_core.html" "Mozilla/5.0 (Windows NT 10.0; Win64; x64) AppleWebKit/537.36 (KHTML, like Gecko) Chrome/51.0.2704.79 Safari/537.36 Edge/14.14393"
180.167.7.200 - - [07/Mar/2017:14:19:15 +0800] "GET /docs/playbooks.html HTTP/1.1" 200 13937 "http://www.ansible.com.cn/" "Mozilla/5.0 (Windows NT 6.1; Win64; x64) AppleWebKit/537.36 (KHTML, like Gecko) Chrome/56.0.2924.87 Safari/537.36"
180.167.7.200 - - [07/Mar/2017:14:19:15 +0800] "GET /docs/_static/js/modernizr.min.js HTTP/1.1" 200 15414 "http://www.ansible.com.cn/docs/playbooks.html" "Mozilla/5.0 (Windows NT 6.1; Win64; x64) AppleWebKit/537.36 (KHTML, like Gecko) Chrome/56.0.2924.87 Safari/537.36"
185.2.196.196 - - [07/Mar/2017:14:19:15 +0800] "GET /_static/fonts/Lato-Regular.ttf HTTP/1.1" 200 29186 "-" "Mozilla/5.0 (Windows NT 6.1; Win64; x64) AppleWebKit/537.36 (KHTML, like Gecko) Chrome/56.0.2924.87 Safari/537.36"
185.2.196.196 - - [07/Mar/2017:14:19:16 +0800] "GET /_static/fonts/RobotoSlab-Bold.ttf HTTP/1.1" 200 36596 "-" "Mozilla/5.0 (Windows NT 6.1; Win64; x64) AppleWebKit/537.36 (KHTML, like Gecko) Chrome/56.0.2924.87 Safari/537.36"
174.255.134.216 - - [07/Mar/2017:14:19:17 +0800] "HEAD / HTTP/1.1" 200 0 "-" "Mozilla/5.0 (Linux; Android 4.4; Nexus 5 Build/LMY48B ) AppleWebKit/537.36 (KHTML, like Gecko) Version/4.0 Chrome/30.0.0.0 Mobile Safari/537.36"
185.2.196.196 - - [07/Mar/2017:14:19:19 +0800] "GET / HTTP/1.1" 200 15798 "-" "Mozilla/5.0 (Windows NT 6.1; Win64; x64) AppleWebKit/537.36 (KHTML, like Gecko) Chrome/56.0.2924.87 Safari/537.36"
185.2.196.196 - - [07/Mar/2017:14:19:20 +0800] "GET /docs/playbooks.html HTTP/1.1" 200 65579 "-" "Mozilla/5.0 (Windows NT 6.1; Win64; x64) AppleWebKit/537.36 (KHTML, like Gecko) Chrome/56.0.2924.87 Safari/537.36"
180.167.7.200 - - [07/Mar/2017:14:19:24 +0800] "GET /docs/playbooks_intro.html HTTP/1.1" 200 18148 "http://www.ansible.com.cn/docs/playbooks.html" "Mozilla/5.0 (Windows NT 6.1; Win64; x64) AppleWebKit/537.36 (KHTML, like Gecko) Chrome/56.0.2924.87 Safari/537.36"
185.2.196.196 - - [07/Mar/2017:14:19:29 +0800] "GET /docs/playbooks_intro.html HTTP/1.1" 200 71776 "-" "Mozilla/5.0 (Windows NT 6.1; Win64; x64) AppleWebKit/537.36 (KHTML, like Gecko) Chrome/56.0.2924.87 Safari/537.36"
223.223.190.194 - - [07/Mar/2017:14:19:30 +0800] "GET /docs/intro_getting_started.html HTTP/1.1" 200 14927 "http://www.ansible.com.cn/docs/intro_installation.html" "Mozilla/5.0 (Windows NT 6.1; WOW64) AppleWebKit/537.36 (KHTML, like Gecko) Chrome/55.0.2883.87 Safari/537.36"
103.218.216.113 - - [07/Mar/2017:14:19:57 +0800] "GET /favicon.ico HTTP/1.1" 304 0 "-" "Mozilla/5.0 (Windows; U; MSIE 6.0; Windows NT 5.1; SV1; .NET CLR 2.0.50727; BIDUBrowser 8.4)"
119.137.54.214 - - [07/Mar/2017:14:20:04 +0800] "GET /docs/intro_installation.html HTTP/1.1" 200 16913 "-" "Mozilla/5.0 (Windows NT 10.0; WOW64) AppleWebKit/537.36 (KHTML, like Gecko) Chrome/56.0.2924.87 Safari/537.36"
119.137.54.214 - - [07/Mar/2017:14:20:04 +0800] "GET /_static/underscore.js HTTP/1.1" 200 12140 "http://www.ansible.com.cn/docs/intro_installation.html" "Mozilla/5.0 (Windows NT 10.0; WOW64) AppleWebKit/537.36 (KHTML, like Gecko) Chrome/56.0.2924.87 Safari/537.36"
119.137.54.214 - - [07/Mar/2017:14:20:04 +0800] "GET /_static/doctools.js HTTP/1.1" 200 7377 "http://www.ansible.com.cn/docs/intro_installation.html" "Mozilla/5.0 (Windows NT 10.0; WOW64) AppleWebKit/537.36 (KHTML, like Gecko) Chrome/56.0.2924.87 Safari/537.36"
119.137.54.214 - - [07/Mar/2017:14:20:04 +0800] "GET /_static/js/theme.js HTTP/1.1" 200 4280 "http://www.ansible.com.cn/docs/intro_installation.html" "Mozilla/5.0 (Windows NT 10.0; WOW64) AppleWebKit/537.36 (KHTML, like Gecko) Chrome/56.0.2924.87 Safari/537.36"
119.137.54.214 - - [07/Mar/2017:14:20:04 +0800] "GET /_static/css/theme.css HTTP/1.1" 200 22148 "http://www.ansible.com.cn/docs/intro_installation.html" "Mozilla/5.0 (Windows NT 10.0; WOW64) AppleWebKit/537.36 (KHTML, like Gecko) Chrome/56.0.2924.87 Safari/537.36"
119.137.54.214 - - [07/Mar/2017:14:20:04 +0800] "GET /docs/_static/js/modernizr.min.js HTTP/1.1" 200 15414 "http://www.ansible.com.cn/docs/intro_installation.html" "Mozilla/5.0 (Windows NT 10.0; WOW64) AppleWebKit/537.36 (KHTML, like Gecko) Chrome/56.0.2924.87 Safari/537.36"
120.42.99.167 - - [07/Mar/2017:14:20:05 +0800] "GET /_static/fonts/RobotoSlab-Regular.ttf HTTP/1.1" 200 36276 "http://www.ansible.com.cn/_static/css/theme.css" "Mozilla/5.0 (Windows NT 10.0; WOW64) AppleWebKit/537.36 (KHTML, like Gecko) Chrome/55.0.2883.75 Safari/537.36"
119.137.54.214 - - [07/Mar/2017:14:20:05 +0800] "GET /_static/jquery.js HTTP/1.1" 200 95786 "http://www.ansible.com.cn/docs/intro_installation.html" "Mozilla/5.0 (Windows NT 10.0; WOW64) AppleWebKit/537.36 (KHTML, like Gecko) Chrome/56.0.2924.87 Safari/537.36"
119.137.54.214 - - [07/Mar/2017:14:20:05 +0800] "GET /_static/fonts/fontawesome-webfont.woff?v=4.2.0 HTTP/1.1" 200 44432 "http://www.ansible.com.cn/_static/css/theme.css" "Mozilla/5.0 (Windows NT 10.0; WOW64) AppleWebKit/537.36 (KHTML, like Gecko) Chrome/56.0.2924.87 Safari/537.36"
119.137.54.214 - - [07/Mar/2017:14:20:05 +0800] "GET /_static/fonts/Lato-Regular.ttf HTTP/1.1" 200 81980 "http://www.ansible.com.cn/_static/css/theme.css" "Mozilla/5.0 (Windows NT 10.0; WOW64) AppleWebKit/537.36 (KHTML, like Gecko) Chrome/56.0.2924.87 Safari/537.36"
119.137.54.214 - - [07/Mar/2017:14:20:05 +0800] "GET /_static/fonts/RobotoSlab-Bold.ttf HTTP/1.1" 200 36596 "http://www.ansible.com.cn/_static/css/theme.css" "Mozilla/5.0 (Windows NT 10.0; WOW64) AppleWebKit/537.36 (KHTML, like Gecko) Chrome/56.0.2924.87 Safari/537.36"
119.137.54.214 - - [07/Mar/2017:14:20:05 +0800] "GET /_static/fonts/Lato-Bold.ttf HTTP/1.1" 200 82368 "http://www.ansible.com.cn/_static/css/theme.css" "Mozilla/5.0 (Windows NT 10.0; WOW64) AppleWebKit/537.36 (KHTML, like Gecko) Chrome/56.0.2924.87 Safari/537.36"
106.38.0.87 - - [07/Mar/2017:14:20:30 +0800] "GET /_static/css/theme.css HTTP/1.1" 304 0 "http://www.ansible.com.cn/docs/quickstart.html" "Mozilla/5.0 (Macintosh; Intel Mac OS X 10.12; rv:45.0) Gecko/20100101 Firefox/45.0"
106.38.0.87 - - [07/Mar/2017:14:20:30 +0800] "GET /docs/_static/js/modernizr.min.js HTTP/1.1" 304 0 "http://www.ansible.com.cn/docs/quickstart.html" "Mozilla/5.0 (Macintosh; Intel Mac OS X 10.12; rv:45.0) Gecko/20100101 Firefox/45.0"
106.38.0.87 - - [07/Mar/2017:14:20:30 +0800] "GET /_static/jquery.js HTTP/1.1" 304 0 "http://www.ansible.com.cn/docs/quickstart.html" "Mozilla/5.0 (Macintosh; Intel Mac OS X 10.12; rv:45.0) Gecko/20100101 Firefox/45.0"
106.38.0.87 - - [07/Mar/2017:14:20:30 +0800] "GET /_static/doctools.js HTTP/1.1" 304 0 "http://www.ansible.com.cn/docs/quickstart.html" "Mozilla/5.0 (Macintosh; Intel Mac OS X 10.12; rv:45.0) Gecko/20100101 Firefox/45.0"
106.38.0.87 - - [07/Mar/2017:14:20:30 +0800] "GET /_static/underscore.js HTTP/1.1" 304 0 "http://www.ansible.com.cn/docs/quickstart.html" "Mozilla/5.0 (Macintosh; Intel Mac OS X 10.12; rv:45.0) Gecko/20100101 Firefox/45.0"
106.38.0.87 - - [07/Mar/2017:14:20:30 +0800] "GET /_static/js/theme.js HTTP/1.1" 304 0 "http://www.ansible.com.cn/docs/quickstart.html" "Mozilla/5.0 (Macintosh; Intel Mac OS X 10.12; rv:45.0) Gecko/20100101 Firefox/45.0"
122.225.229.154 - - [07/Mar/2017:14:20:31 +0800] "GET / HTTP/1.1" 200 18885 "-" "Mozilla/5.0 (Windows NT 6.1; WOW64) AppleWebKit/537.36 (KHTML, like Gecko) Chrome/40.0.2214.111 Safari/537.36"
122.225.229.154 - - [07/Mar/2017:14:20:32 +0800] "GET /_static/css/theme.css HTTP/1.1" 200 102034 "http://ansible.com.cn/" "Mozilla/5.0 (Windows NT 6.1; WOW64) AppleWebKit/537.36 (KHTML, like Gecko) Chrome/40.0.2214.111 Safari/537.36"
122.225.229.154 - - [07/Mar/2017:14:20:32 +0800] "GET /_static/js/modernizr.min.js HTTP/1.1" 200 15414 "http://ansible.com.cn/" "Mozilla/5.0 (Windows NT 6.1; WOW64) AppleWebKit/537.36 (KHTML, like Gecko) Chrome/40.0.2214.111 Safari/537.36"
122.225.229.154 - - [07/Mar/2017:14:20:32 +0800] "GET /_static/js/theme.js HTTP/1.1" 200 4280 "http://ansible.com.cn/" "Mozilla/5.0 (Windows NT 6.1; WOW64) AppleWebKit/537.36 (KHTML, like Gecko) Chrome/40.0.2214.111 Safari/537.36"
122.225.229.154 - - [07/Mar/2017:14:20:32 +0800] "GET /_static/underscore.js HTTP/1.1" 200 12140 "http://ansible.com.cn/" "Mozilla/5.0 (Windows NT 6.1; WOW64) AppleWebKit/537.36 (KHTML, like Gecko) Chrome/40.0.2214.111 Safari/537.36"
122.225.229.154 - - [07/Mar/2017:14:20:32 +0800] "GET /_static/doctools.js HTTP/1.1" 200 7377 "http://ansible.com.cn/" "Mozilla/5.0 (Windows NT 6.1; WOW64) AppleWebKit/537.36 (KHTML, like Gecko) Chrome/40.0.2214.111 Safari/537.36"
122.225.229.154 - - [07/Mar/2017:14:20:32 +0800] "GET /_static/jquery.js HTTP/1.1" 200 95786 "http://ansible.com.cn/" "Mozilla/5.0 (Windows NT 6.1; WOW64) AppleWebKit/537.36 (KHTML, like Gecko) Chrome/40.0.2214.111 Safari/537.36"
122.225.229.154 - - [07/Mar/2017:14:20:32 +0800] "GET /_static/fonts/Lato-Bold.ttf HTTP/1.1" 200 82368 "http://ansible.com.cn/_static/css/theme.css" "Mozilla/5.0 (Windows NT 6.1; WOW64) AppleWebKit/537.36 (KHTML, like Gecko) Chrome/40.0.2214.111 Safari/537.36"
122.225.229.154 - - [07/Mar/2017:14:20:32 +0800] "GET /_static/fonts/fontawesome-webfont.woff?v=4.2.0 HTTP/1.1" 200 44432 "http://ansible.com.cn/_static/css/theme.css" "Mozilla/5.0 (Windows NT 6.1; WOW64) AppleWebKit/537.36 (KHTML, like Gecko) Chrome/40.0.2214.111 Safari/537.36"
122.225.229.154 - - [07/Mar/2017:14:20:32 +0800] "GET /_static/fonts/RobotoSlab-Bold.ttf HTTP/1.1" 200 36596 "http://ansible.com.cn/_static/css/theme.css" "Mozilla/5.0 (Windows NT 6.1; WOW64) AppleWebKit/537.36 (KHTML, like Gecko) Chrome/40.0.2214.111 Safari/537.36"
122.225.229.154 - - [07/Mar/2017:14:20:32 +0800] "GET /_static/fonts/Lato-Regular.ttf HTTP/1.1" 200 81980 "http://ansible.com.cn/_static/css/theme.css" "Mozilla/5.0 (Windows NT 6.1; WOW64) AppleWebKit/537.36 (KHTML, like Gecko) Chrome/40.0.2214.111 Safari/537.36"
122.225.229.154 - - [07/Mar/2017:14:20:33 +0800] "GET /favicon.ico HTTP/1.1" 200 2504 "-" "Mozilla/5.0 (Windows NT 6.1; WOW64) AppleWebKit/537.36 (KHTML, like Gecko) Chrome/40.0.2214.111 Safari/537.36"
106.38.0.87 - - [07/Mar/2017:14:20:33 +0800] "GET /docs/intro_configuration.html HTTP/1.1" 200 23657 "http://www.ansible.com.cn/docs/intro.html" "Mozilla/5.0 (Macintosh; Intel Mac OS X 10.12; rv:45.0) Gecko/20100101 Firefox/45.0"
106.38.0.87 - - [07/Mar/2017:14:20:34 +0800] "GET /docs/intro_windows.html HTTP/1.1" 200 16831 "http://www.ansible.com.cn/docs/intro_configuration.html" "Mozilla/5.0 (Macintosh; Intel Mac OS X 10.12; rv:45.0) Gecko/20100101 Firefox/45.0"
122.225.229.154 - - [07/Mar/2017:14:20:35 +0800] "GET /_static/fonts/RobotoSlab-Regular.ttf HTTP/1.1" 200 36276 "http://ansible.com.cn/_static/css/theme.css" "Mozilla/5.0 (Windows NT 6.1; WOW64) AppleWebKit/537.36 (KHTML, like Gecko) Chrome/40.0.2214.111 Safari/537.36"
180.167.7.200 - - [07/Mar/2017:14:20:46 +0800] "GET /_static/fonts/RobotoSlab-Regular.ttf HTTP/1.1" 200 36276 "http://www.ansible.com.cn/_static/css/theme.css" "Mozilla/5.0 (Windows NT 6.1; Win64; x64) AppleWebKit/537.36 (KHTML, like Gecko) Chrome/56.0.2924.87 Safari/537.36"
199.19.249.196 - - [07/Mar/2017:14:20:48 +0800] "GET /_static/fonts/RobotoSlab-Regular.ttf HTTP/1.1" 200 36276 "-" "Mozilla/5.0 (Windows NT 6.1; Win64; x64) AppleWebKit/537.36 (KHTML, like Gecko) Chrome/56.0.2924.87 Safari/537.36"
183.129.152.46 - - [07/Mar/2017:14:21:13 +0800] "GET / HTTP/1.1" 200 18885 "https://www.google.com/" "Mozilla/5.0 (Windows NT 6.1; WOW64) AppleWebKit/537.36 (KHTML, like Gecko) Chrome/56.0.2924.87 Safari/537.36"
183.129.152.46 - - [07/Mar/2017:14:21:13 +0800] "GET /_static/css/theme.css HTTP/1.1" 200 22148 "http://www.ansible.com.cn/" "Mozilla/5.0 (Windows NT 6.1; WOW64) AppleWebKit/537.36 (KHTML, like Gecko) Chrome/56.0.2924.87 Safari/537.36"
183.129.152.46 - - [07/Mar/2017:14:21:13 +0800] "GET /_static/js/modernizr.min.js HTTP/1.1" 200 15414 "http://www.ansible.com.cn/" "Mozilla/5.0 (Windows NT 6.1; WOW64) AppleWebKit/537.36 (KHTML, like Gecko) Chrome/56.0.2924.87 Safari/537.36"
183.129.152.46 - - [07/Mar/2017:14:21:13 +0800] "GET /_static/underscore.js HTTP/1.1" 200 12140 "http://www.ansible.com.cn/" "Mozilla/5.0 (Windows NT 6.1; WOW64) AppleWebKit/537.36 (KHTML, like Gecko) Chrome/56.0.2924.87 Safari/537.36"
183.129.152.46 - - [07/Mar/2017:14:21:13 +0800] "GET /_static/doctools.js HTTP/1.1" 200 7377 "http://www.ansible.com.cn/" "Mozilla/5.0 (Windows NT 6.1; WOW64) AppleWebKit/537.36 (KHTML, like Gecko) Chrome/56.0.2924.87 Safari/537.36"
183.129.152.46 - - [07/Mar/2017:14:21:13 +0800] "GET /_static/js/theme.js HTTP/1.1" 200 4280 "http://www.ansible.com.cn/" "Mozilla/5.0 (Windows NT 6.1; WOW64) AppleWebKit/537.36 (KHTML, like Gecko) Chrome/56.0.2924.87 Safari/537.36"
183.129.152.46 - - [07/Mar/2017:14:21:13 +0800] "GET /_static/jquery.js HTTP/1.1" 200 95786 "http://www.ansible.com.cn/" "Mozilla/5.0 (Windows NT 6.1; WOW64) AppleWebKit/537.36 (KHTML, like Gecko) Chrome/56.0.2924.87 Safari/537.36"
183.129.152.46 - - [07/Mar/2017:14:21:13 +0800] "GET /_static/fonts/Lato-Regular.ttf HTTP/1.1" 200 81980 "http://www.ansible.com.cn/_static/css/theme.css" "Mozilla/5.0 (Windows NT 6.1; WOW64) AppleWebKit/537.36 (KHTML, like Gecko) Chrome/56.0.2924.87 Safari/537.36"
183.129.152.46 - - [07/Mar/2017:14:21:13 +0800] "GET /_static/fonts/RobotoSlab-Bold.ttf HTTP/1.1" 200 36596 "http://www.ansible.com.cn/_static/css/theme.css" "Mozilla/5.0 (Windows NT 6.1; WOW64) AppleWebKit/537.36 (KHTML, like Gecko) Chrome/56.0.2924.87 Safari/537.36"
183.129.152.46 - - [07/Mar/2017:14:21:14 +0800] "GET /_static/fonts/fontawesome-webfont.woff?v=4.2.0 HTTP/1.1" 200 44432 "http://www.ansible.com.cn/_static/css/theme.css" "Mozilla/5.0 (Windows NT 6.1; WOW64) AppleWebKit/537.36 (KHTML, like Gecko) Chrome/56.0.2924.87 Safari/537.36"
183.129.152.46 - - [07/Mar/2017:14:21:14 +0800] "GET /_static/fonts/Lato-Bold.ttf HTTP/1.1" 200 82368 "http://www.ansible.com.cn/_static/css/theme.css" "Mozilla/5.0 (Windows NT 6.1; WOW64) AppleWebKit/537.36 (KHTML, like Gecko) Chrome/56.0.2924.87 Safari/537.36"
183.129.152.46 - - [07/Mar/2017:14:21:14 +0800] "GET /favicon.ico HTTP/1.1" 200 2504 "http://www.ansible.com.cn/" "Mozilla/5.0 (Windows NT 6.1; WOW64) AppleWebKit/537.36 (KHTML, like Gecko) Chrome/56.0.2924.87 Safari/537.36"
183.129.152.46 - - [07/Mar/2017:14:21:19 +0800] "GET /_static/fonts/RobotoSlab-Regular.ttf HTTP/1.1" 200 36276 "http://www.ansible.com.cn/_static/css/theme.css" "Mozilla/5.0 (Windows NT 6.1; WOW64) AppleWebKit/537.36 (KHTML, like Gecko) Chrome/56.0.2924.87 Safari/537.36"
183.129.152.46 - - [07/Mar/2017:14:21:44 +0800] "GET /docs/intro.html HTTP/1.1" 200 11515 "http://www.ansible.com.cn/" "Mozilla/5.0 (Windows NT 6.1; WOW64) AppleWebKit/537.36 (KHTML, like Gecko) Chrome/56.0.2924.87 Safari/537.36"
183.129.152.46 - - [07/Mar/2017:14:21:50 +0800] "GET /docs/_static/js/modernizr.min.js HTTP/1.1" 200 15414 "http://www.ansible.com.cn/docs/intro.html" "Mozilla/5.0 (Windows NT 6.1; WOW64) AppleWebKit/537.36 (KHTML, like Gecko) Chrome/56.0.2924.87 Safari/537.36"
183.129.152.46 - - [07/Mar/2017:14:22:26 +0800] "GET /index.html HTTP/1.1" 200 18885 "http://www.ansible.com.cn/docs/intro.html" "Mozilla/5.0 (Windows NT 6.1; WOW64) AppleWebKit/537.36 (KHTML, like Gecko) Chrome/56.0.2924.87 Safari/537.36"
183.129.152.46 - - [07/Mar/2017:14:22:33 +0800] "GET /docs/intro_getting_started.html HTTP/1.1" 200 14927 "http://www.ansible.com.cn/index.html" "Mozilla/5.0 (Windows NT 6.1; WOW64) AppleWebKit/537.36 (KHTML, like Gecko) Chrome/56.0.2924.87 Safari/537.36"
139.162.108.48 - - [07/Mar/2017:14:22:42 +0800] "GET / HTTP/1.1" 200 18885 "https://www.google.com/" "Mozilla/5.0 (Windows NT 6.1; Win64; x64) AppleWebKit/537.36 (KHTML, like Gecko) Chrome/56.0.2924.87 Safari/537.36"
119.137.54.214 - - [07/Mar/2017:14:22:44 +0800] "GET /_static/fonts/RobotoSlab-Regular.ttf HTTP/1.1" 200 36276 "http://www.ansible.com.cn/_static/css/theme.css" "Mozilla/5.0 (Windows NT 10.0; WOW64) AppleWebKit/537.36 (KHTML, like Gecko) Chrome/56.0.2924.87 Safari/537.36"
112.17.243.209 - - [07/Mar/2017:14:22:50 +0800] "GET / HTTP/1.1" 200 18885 "https://www.baidu.com/link?url=jxNJGUzlGOSvXeiV9NLc1uZ01M7i6CrTSbnalxoilo1qKfUgd_W_zXGzuMEypaNH&wd=&eqid=c227f0ef002971950000000658be51b4" "Mozilla/5.0 (Windows NT 10.0; Win64; x64) AppleWebKit/537.36 (KHTML, like Gecko) Chrome/51.0.2704.79 Safari/537.36 Edge/14.14393"
112.17.243.209 - - [07/Mar/2017:14:22:50 +0800] "GET /_static/css/theme.css HTTP/1.1" 200 22148 "http://www.ansible.com.cn/" "Mozilla/5.0 (Windows NT 10.0; Win64; x64) AppleWebKit/537.36 (KHTML, like Gecko) Chrome/51.0.2704.79 Safari/537.36 Edge/14.14393"
112.17.243.209 - - [07/Mar/2017:14:22:50 +0800] "GET /_static/js/modernizr.min.js HTTP/1.1" 200 15414 "http://www.ansible.com.cn/" "Mozilla/5.0 (Windows NT 10.0; Win64; x64) AppleWebKit/537.36 (KHTML, like Gecko) Chrome/51.0.2704.79 Safari/537.36 Edge/14.14393"
112.17.243.209 - - [07/Mar/2017:14:22:51 +0800] "GET /_static/underscore.js HTTP/1.1" 200 12140 "http://www.ansible.com.cn/" "Mozilla/5.0 (Windows NT 10.0; Win64; x64) AppleWebKit/537.36 (KHTML, like Gecko) Chrome/51.0.2704.79 Safari/537.36 Edge/14.14393"
112.17.243.209 - - [07/Mar/2017:14:22:51 +0800] "GET /_static/doctools.js HTTP/1.1" 200 7377 "http://www.ansible.com.cn/" "Mozilla/5.0 (Windows NT 10.0; Win64; x64) AppleWebKit/537.36 (KHTML, like Gecko) Chrome/51.0.2704.79 Safari/537.36 Edge/14.14393"
112.17.243.209 - - [07/Mar/2017:14:22:51 +0800] "GET /_static/js/theme.js HTTP/1.1" 200 4280 "http://www.ansible.com.cn/" "Mozilla/5.0 (Windows NT 10.0; Win64; x64) AppleWebKit/537.36 (KHTML, like Gecko) Chrome/51.0.2704.79 Safari/537.36 Edge/14.14393"
112.17.243.209 - - [07/Mar/2017:14:22:51 +0800] "GET /_static/fonts/Lato-Bold.ttf HTTP/1.1" 200 82368 "http://www.ansible.com.cn/" "Mozilla/5.0 (Windows NT 10.0; Win64; x64) AppleWebKit/537.36 (KHTML, like Gecko) Chrome/51.0.2704.79 Safari/537.36 Edge/14.14393"
112.17.243.209 - - [07/Mar/2017:14:22:51 +0800] "GET /_static/fonts/fontawesome-webfont.woff?v=4.2.0 HTTP/1.1" 200 44432 "http://www.ansible.com.cn/" "Mozilla/5.0 (Windows NT 10.0; Win64; x64) AppleWebKit/537.36 (KHTML, like Gecko) Chrome/51.0.2704.79 Safari/537.36 Edge/14.14393"
112.17.243.209 - - [07/Mar/2017:14:22:51 +0800] "GET /_static/fonts/RobotoSlab-Regular.ttf HTTP/1.1" 200 36276 "http://www.ansible.com.cn/" "Mozilla/5.0 (Windows NT 10.0; Win64; x64) AppleWebKit/537.36 (KHTML, like Gecko) Chrome/51.0.2704.79 Safari/537.36 Edge/14.14393"
112.17.243.209 - - [07/Mar/2017:14:22:51 +0800] "GET /_static/fonts/RobotoSlab-Bold.ttf HTTP/1.1" 200 36596 "http://www.ansible.com.cn/" "Mozilla/5.0 (Windows NT 10.0; Win64; x64) AppleWebKit/537.36 (KHTML, like Gecko) Chrome/51.0.2704.79 Safari/537.36 Edge/14.14393"
112.17.243.209 - - [07/Mar/2017:14:22:51 +0800] "GET /_static/jquery.js HTTP/1.1" 200 95786 "http://www.ansible.com.cn/" "Mozilla/5.0 (Windows NT 10.0; Win64; x64) AppleWebKit/537.36 (KHTML, like Gecko) Chrome/51.0.2704.79 Safari/537.36 Edge/14.14393"
112.17.243.209 - - [07/Mar/2017:14:22:51 +0800] "GET /_static/fonts/Lato-Regular.ttf HTTP/1.1" 200 81980 "http://www.ansible.com.cn/" "Mozilla/5.0 (Windows NT 10.0; Win64; x64) AppleWebKit/537.36 (KHTML, like Gecko) Chrome/51.0.2704.79 Safari/537.36 Edge/14.14393"
112.17.243.209 - - [07/Mar/2017:14:22:51 +0800] "GET /favicon.ico HTTP/1.1" 200 2504 "-" "Mozilla/5.0 (Windows NT 10.0; Win64; x64) AppleWebKit/537.36 (KHTML, like Gecko) Chrome/51.0.2704.79 Safari/537.36 Edge/14.14393"
139.162.108.48 - - [07/Mar/2017:14:22:52 +0800] "GET /_static/js/theme.js HTTP/1.1" 200 4280 "http://www.ansible.com.cn/" "Mozilla/5.0 (Windows NT 6.1; Win64; x64) AppleWebKit/537.36 (KHTML, like Gecko) Chrome/56.0.2924.87 Safari/537.36"
139.162.108.48 - - [07/Mar/2017:14:22:52 +0800] "GET /_static/js/modernizr.min.js HTTP/1.1" 200 15414 "http://www.ansible.com.cn/" "Mozilla/5.0 (Windows NT 6.1; Win64; x64) AppleWebKit/537.36 (KHTML, like Gecko) Chrome/56.0.2924.87 Safari/537.36"
183.129.152.46 - - [07/Mar/2017:14:22:56 +0800] "GET /docs/modules.html HTTP/1.1" 200 11630 "http://www.ansible.com.cn/docs/intro_getting_started.html" "Mozilla/5.0 (Windows NT 6.1; WOW64) AppleWebKit/537.36 (KHTML, like Gecko) Chrome/56.0.2924.87 Safari/537.36"
139.162.108.48 - - [07/Mar/2017:14:22:57 +0800] "GET /_static/jquery.js HTTP/1.1" 200 95786 "http://www.ansible.com.cn/" "Mozilla/5.0 (Windows NT 6.1; Win64; x64) AppleWebKit/537.36 (KHTML, like Gecko) Chrome/56.0.2924.87 Safari/537.36"
139.162.108.48 - - [07/Mar/2017:14:22:57 +0800] "GET /_static/underscore.js HTTP/1.1" 200 12140 "http://www.ansible.com.cn/" "Mozilla/5.0 (Windows NT 6.1; Win64; x64) AppleWebKit/537.36 (KHTML, like Gecko) Chrome/56.0.2924.87 Safari/537.36"
139.162.108.48 - - [07/Mar/2017:14:22:58 +0800] "GET /_static/doctools.js HTTP/1.1" 200 7377 "http://www.ansible.com.cn/" "Mozilla/5.0 (Windows NT 6.1; Win64; x64) AppleWebKit/537.36 (KHTML, like Gecko) Chrome/56.0.2924.87 Safari/537.36"
139.162.108.48 - - [07/Mar/2017:14:23:02 +0800] "GET /_static/css/theme.css HTTP/1.1" 200 102034 "http://www.ansible.com.cn/" "Mozilla/5.0 (Windows NT 6.1; Win64; x64) AppleWebKit/537.36 (KHTML, like Gecko) Chrome/56.0.2924.87 Safari/537.36"
61.151.226.202 - - [07/Mar/2017:14:23:06 +0800] "GET /docs/modules.html HTTP/1.1" 200 11630 "http://www.ansible.com.cn/docs/intro_getting_started.html" "Mozilla/5.0 (Windows NT 6.1; WOW64; Trident/7.0; SLCC2; .NET CLR 2.0.50727; .NET CLR 3.5.30729; .NET CLR 3.0.30729; Media Center PC 6.0; .NET4.0C; .NET4.0E; InfoPath.3; rv:11.0) like Gecko"
61.151.226.202 - - [07/Mar/2017:14:23:06 +0800] "GET /docs/_static/js/modernizr.min.js HTTP/1.1" 200 15414 "http://www.ansible.com.cn/docs/modules.html" "Mozilla/5.0 (Windows NT 6.1; WOW64; rv:50.0) Gecko/20100101 Firefox/50.0"
112.17.243.209 - - [07/Mar/2017:14:23:06 +0800] "GET /docs/quickstart.html HTTP/1.1" 200 11261 "http://www.ansible.com.cn/" "Mozilla/5.0 (Windows NT 10.0; Win64; x64) AppleWebKit/537.36 (KHTML, like Gecko) Chrome/51.0.2704.79 Safari/537.36 Edge/14.14393"
112.17.243.209 - - [07/Mar/2017:14:23:06 +0800] "GET /docs/_static/js/modernizr.min.js HTTP/1.1" 200 15414 "http://www.ansible.com.cn/docs/quickstart.html" "Mozilla/5.0 (Windows NT 10.0; Win64; x64) AppleWebKit/537.36 (KHTML, like Gecko) Chrome/51.0.2704.79 Safari/537.36 Edge/14.14393"
61.151.226.202 - - [07/Mar/2017:14:23:06 +0800] "GET /_static/jquery.js HTTP/1.1" 200 95786 "http://www.ansible.com.cn/docs/modules.html" "Mozilla/5.0 (Windows NT 6.1; WOW64) AppleWebKit/537.36 (KHTML, like Gecko) Chrome/56.0.2924.87 Safari/537.36"
61.151.226.202 - - [07/Mar/2017:14:23:06 +0800] "GET /_static/underscore.js HTTP/1.1" 200 12140 "http://www.ansible.com.cn/docs/modules.html" "Mozilla/5.0 (Macintosh; Intel Mac OS X 10_12_4) AppleWebKit/537.36 (KHTML, like Gecko) \x09\x09\x09Chrome/55.0.2883.95 Safari/537.36"
61.151.226.202 - - [07/Mar/2017:14:23:07 +0800] "GET /_static/doctools.js HTTP/1.1" 200 7377 "http://www.ansible.com.cn/docs/modules.html" "Mozilla/5.0 (Windows NT 6.1; WOW64) AppleWebKit/537.36 (KHTML, like Gecko) Chrome/53.0.2785.104 Safari/537.36 Core/1.53.2141.400 QQBrowser/9.5.10219.400"
61.151.226.202 - - [07/Mar/2017:14:23:07 +0800] "GET /_static/js/theme.js HTTP/1.1" 200 4280 "http://www.ansible.com.cn/docs/modules.html" "Mozilla/5.0 (Windows NT 6.1; WOW64) AppleWebKit/537.36 (KHTML, like Gecko) Chrome/56.0.2924.87 Safari/537.36"
112.17.243.209 - - [07/Mar/2017:14:23:10 +0800] "GET /docs/tower.html HTTP/1.1" 200 11622 "http://www.ansible.com.cn/docs/quickstart.html" "Mozilla/5.0 (Windows NT 10.0; Win64; x64) AppleWebKit/537.36 (KHTML, like Gecko) Chrome/51.0.2704.79 Safari/537.36 Edge/14.14393"
221.122.155.230 - - [07/Mar/2017:14:23:10 +0800] "GET / HTTP/1.1" 200 18885 "https://www.baidu.com/link?url=u7Rltdk-HOxwLZVrXQzZmjFS5ZQmi4buGagKeiRpETFNgEpx3AN1jhQGtU-WOd4m&wd=&eqid=b0eed931004e7cd70000000258be51cd" "Mozilla/5.0 (Windows NT 10.0; WOW64) AppleWebKit/537.36 (KHTML, like Gecko) Chrome/52.0.2743.24 Safari/537.36"
221.122.155.230 - - [07/Mar/2017:14:23:10 +0800] "GET /_static/css/theme.css HTTP/1.1" 200 22148 "http://www.ansible.com.cn/" "Mozilla/5.0 (Windows NT 10.0; WOW64) AppleWebKit/537.36 (KHTML, like Gecko) Chrome/52.0.2743.24 Safari/537.36"
221.122.155.230 - - [07/Mar/2017:14:23:11 +0800] "GET /_static/js/modernizr.min.js HTTP/1.1" 200 15414 "http://www.ansible.com.cn/" "Mozilla/5.0 (Windows NT 10.0; WOW64) AppleWebKit/537.36 (KHTML, like Gecko) Chrome/52.0.2743.24 Safari/537.36"
221.122.155.230 - - [07/Mar/2017:14:23:11 +0800] "GET /_static/underscore.js HTTP/1.1" 200 12140 "http://www.ansible.com.cn/" "Mozilla/5.0 (Windows NT 10.0; WOW64) AppleWebKit/537.36 (KHTML, like Gecko) Chrome/52.0.2743.24 Safari/537.36"
221.122.155.230 - - [07/Mar/2017:14:23:11 +0800] "GET /_static/doctools.js HTTP/1.1" 200 7377 "http://www.ansible.com.cn/" "Mozilla/5.0 (Windows NT 10.0; WOW64) AppleWebKit/537.36 (KHTML, like Gecko) Chrome/52.0.2743.24 Safari/537.36"
