221.122.155.230 - - [07/Mar/2017:14:23:11 +0800] "GET /_static/js/theme.js HTTP/1.1" 200 4280 "http://www.ansible.com.cn/" "Mozilla/5.0 (Windows NT 10.0; WOW64) AppleWebKit/537.36 (KHTML, like Gecko) Chrome/52.0.2743.24 Safari/537.36"
221.122.155.230 - - [07/Mar/2017:14:23:11 +0800] "GET /_static/jquery.js HTTP/1.1" 200 95786 "http://www.ansible.com.cn/" "Mozilla/5.0 (Windows NT 10.0; WOW64) AppleWebKit/537.36 (KHTML, like Gecko) Chrome/52.0.2743.24 Safari/537.36"
221.122.155.230 - - [07/Mar/2017:14:23:11 +0800] "GET /_static/fonts/Lato-Regular.ttf HTTP/1.1" 200 81980 "http://www.ansible.com.cn/_static/css/theme.css" "Mozilla/5.0 (Windows NT 10.0; WOW64) AppleWebKit/537.36 (KHTML, like Gecko) Chrome/52.0.2743.24 Safari/537.36"
221.122.155.230 - - [07/Mar/2017:14:23:11 +0800] "GET /_static/fonts/RobotoSlab-Bold.ttf HTTP/1.1" 200 36596 "http://www.ansible.com.cn/_static/css/theme.css" "Mozilla/5.0 (Windows NT 10.0; WOW64) AppleWebKit/537.36 (KHTML, like Gecko) Chrome/52.0.2743.24 Safari/537.36"
221.122.155.230 - - [07/Mar/2017:14:23:11 +0800] "GET /_static/fonts/Lato-Bold.ttf HTTP/1.1" 200 82368 "http://www.ansible.com.cn/_static/css/theme.css" "Mozilla/5.0 (Windows NT 10.0; WOW64) AppleWebKit/537.36 (KHTML, like Gecko) Chrome/52.0.2743.24 Safari/537.36"
221.122.155.230 - - [07/Mar/2017:14:23:11 +0800] "GET /_static/fonts/fontawesome-webfont.woff?v=4.2.0 HTTP/1.1" 200 44432 "http://www.ansible.com.cn/_static/css/theme.css" "Mozilla/5.0 (Windows NT 10.0; WOW64) AppleWebKit/537.36 (KHTML, like Gecko) Chrome/52.0.2743.24 Safari/537.36"
221.122.155.230 - - [07/Mar/2017:14:23:11 +0800] "GET /favicon.ico HTTP/1.1" 200 2504 "http://www.ansible.com.cn/" "Mozilla/5.0 (Windows NT 10.0; WOW64) AppleWebKit/537.36 (KHTML, like Gecko) Chrome/52.0.2743.24 Safari/537.36"
139.162.108.48 - - [07/Mar/2017:14:23:11 +0800] "GET /_static/css/theme.css HTTP/1.1" 200 102034 "http://www.ansible.com.cn/" "Mozilla/5.0 (Windows NT 6.1; Win64; x64) AppleWebKit/537.36 (KHTML, like Gecko) Chrome/56.0.2924.87 Safari/537.36"
122.225.229.154 - - [07/Mar/2017:14:23:13 +0800] "GET /docs/YAMLSyntax.html HTTP/1.1" 200 12835 "http://ansible.com.cn/" "Mozilla/5.0 (Windows NT 6.1; WOW64) AppleWebKit/537.36 (KHTML, like Gecko) Chrome/40.0.2214.111 Safari/537.36"
122.225.229.154 - - [07/Mar/2017:14:23:14 +0800] "GET /docs/_static/js/modernizr.min.js HTTP/1.1" 200 15414 "http://ansible.com.cn/docs/YAMLSyntax.html" "Mozilla/5.0 (Windows NT 6.1; WOW64) AppleWebKit/537.36 (KHTML, like Gecko) Chrome/40.0.2214.111 Safari/537.36"
139.162.108.48 - - [07/Mar/2017:14:23:14 +0800] "GET /_static/fonts/Lato-Bold.ttf HTTP/1.1" 200 82368 "http://www.ansible.com.cn/_static/css/theme.css" "Mozilla/5.0 (Windows NT 6.1; Win64; x64) AppleWebKit/537.36 (KHTML, like Gecko) Chrome/56.0.2924.87 Safari/537.36"
139.162.108.48 - - [07/Mar/2017:14:23:14 +0800] "GET /_static/fonts/Lato-Regular.ttf HTTP/1.1" 200 81980 "http://www.ansible.com.cn/_static/css/theme.css" "Mozilla/5.0 (Windows NT 6.1; Win64; x64) AppleWebKit/537.36 (KHTML, like Gecko) Chrome/56.0.2924.87 Safari/537.36"
139.162.108.48 - - [07/Mar/2017:14:23:14 +0800] "GET /_static/fonts/fontawesome-webfont.woff?v=4.2.0 HTTP/1.1" 200 44432 "http://www.ansible.com.cn/_static/css/theme.css" "Mozilla/5.0 (Windows NT 6.1; Win64; x64) AppleWebKit/537.36 (KHTML, like Gecko) Chrome/56.0.2924.87 Safari/537.36"
139.162.108.48 - - [07/Mar/2017:14:23:15 +0800] "GET /_static/fonts/RobotoSlab-Bold.ttf HTTP/1.1" 200 36596 "http://www.ansible.com.cn/_static/css/theme.css" "Mozilla/5.0 (Windows NT 6.1; Win64; x64) AppleWebKit/537.36 (KHTML, like Gecko) Chrome/56.0.2924.87 Safari/537.36"
221.122.155.230 - - [07/Mar/2017:14:23:25 +0800] "GET /_static/fonts/RobotoSlab-Regular.ttf HTTP/1.1" 200 36276 "http://www.ansible.com.cn/_static/css/theme.css" "Mozilla/5.0 (Windows NT 10.0; WOW64) AppleWebKit/537.36 (KHTML, like Gecko) Chrome/52.0.2743.24 Safari/537.36"
139.162.108.48 - - [07/Mar/2017:14:23:30 +0800] "GET /favicon.ico HTTP/1.1" 200 2504 "http://www.ansible.com.cn/" "Mozilla/5.0 (Windows NT 6.1; Win64; x64) AppleWebKit/537.36 (KHTML, like Gecko) Chrome/56.0.2924.87 Safari/537.36"
221.122.155.230 - - [07/Mar/2017:14:23:36 +0800] "GET /docs/modules_extra.html HTTP/1.1" 200 11959 "http://www.ansible.com.cn/" "Mozilla/5.0 (Windows NT 10.0; WOW64) AppleWebKit/537.36 (KHTML, like Gecko) Chrome/52.0.2743.24 Safari/537.36"
221.122.155.230 - - [07/Mar/2017:14:23:41 +0800] "GET /docs/_static/js/modernizr.min.js HTTP/1.1" 200 15414 "http://www.ansible.com.cn/docs/modules_extra.html" "Mozilla/5.0 (Windows NT 10.0; WOW64) AppleWebKit/537.36 (KHTML, like Gecko) Chrome/52.0.2743.24 Safari/537.36"
112.17.243.209 - - [07/Mar/2017:14:23:41 +0800] "GET /docs/community.html HTTP/1.1" 200 19101 "http://www.ansible.com.cn/docs/tower.html" "Mozilla/5.0 (Windows NT 10.0; Win64; x64) AppleWebKit/537.36 (KHTML, like Gecko) Chrome/51.0.2704.79 Safari/537.36 Edge/14.14393"
112.17.243.209 - - [07/Mar/2017:14:23:52 +0800] "GET /docs/galaxy.html HTTP/1.1" 200 13015 "http://www.ansible.com.cn/docs/community.html" "Mozilla/5.0 (Windows NT 10.0; Win64; x64) AppleWebKit/537.36 (KHTML, like Gecko) Chrome/51.0.2704.79 Safari/537.36 Edge/14.14393"
125.69.76.87 - - [07/Mar/2017:14:24:02 +0800] "GET /_static/js/modernizr.min.js HTTP/1.1" 200 15414 "http://www.ansible.com.cn/" "Mozilla/5.0 (Windows NT 6.1; Win64; x64) AppleWebKit/537.36 (KHTML, like Gecko) Chrome/56.0.2924.87 Safari/537.36"
125.69.76.87 - - [07/Mar/2017:14:24:02 +0800] "GET / HTTP/1.1" 200 99590 "https://www.baidu.com/link?url=CCtgrrifZM1mwv2pdOYtzdDTZ5gP8Wi9vWEZjtlScIf3t2r0OBQrG-pFwUEfgu4L&wd=&eqid=99790c1700013ee40000000358be51f9" "Mozilla/5.0 (Windows NT 6.1; Win64; x64) AppleWebKit/537.36 (KHTML, like Gecko) Chrome/56.0.2924.87 Safari/537.36"
125.69.76.87 - - [07/Mar/2017:14:24:02 +0800] "GET /_static/css/theme.css HTTP/1.1" 200 102034 "http://www.ansible.com.cn/" "Mozilla/5.0 (Windows NT 6.1; Win64; x64) AppleWebKit/537.36 (KHTML, like Gecko) Chrome/56.0.2924.87 Safari/537.36"
125.69.76.87 - - [07/Mar/2017:14:24:02 +0800] "GET /_static/underscore.js HTTP/1.1" 200 12140 "http://www.ansible.com.cn/" "Mozilla/5.0 (Windows NT 6.1; Win64; x64) AppleWebKit/537.36 (KHTML, like Gecko) Chrome/56.0.2924.87 Safari/537.36"
125.69.76.87 - - [07/Mar/2017:14:24:02 +0800] "GET /_static/js/theme.js HTTP/1.1" 200 4280 "http://www.ansible.com.cn/" "Mozilla/5.0 (Windows NT 6.1; Win64; x64) AppleWebKit/537.36 (KHTML, like Gecko) Chrome/56.0.2924.87 Safari/537.36"
125.69.76.87 - - [07/Mar/2017:14:24:02 +0800] "GET /_static/jquery.js HTTP/1.1" 200 95786 "http://www.ansible.com.cn/" "Mozilla/5.0 (Windows NT 6.1; Win64; x64) AppleWebKit/537.36 (KHTML, like Gecko) Chrome/56.0.2924.87 Safari/537.36"
125.69.76.87 - - [07/Mar/2017:14:24:02 +0800] "GET /_static/doctools.js HTTP/1.1" 200 7377 "http://www.ansible.com.cn/" "Mozilla/5.0 (Windows NT 6.1; Win64; x64) AppleWebKit/537.36 (KHTML, like Gecko) Chrome/56.0.2924.87 Safari/537.36"
125.69.76.87 - - [07/Mar/2017:14:24:03 +0800] "GET /_static/fonts/Lato-Bold.ttf HTTP/1.1" 200 82368 "http://www.ansible.com.cn/_static/css/theme.css" "Mozilla/5.0 (Windows NT 6.1; Win64; x64) AppleWebKit/537.36 (KHTML, like Gecko) Chrome/56.0.2924.87 Safari/537.36"
125.69.76.87 - - [07/Mar/2017:14:24:03 +0800] "GET /_static/fonts/RobotoSlab-Bold.ttf HTTP/1.1" 200 36596 "http://www.ansible.com.cn/_static/css/theme.css" "Mozilla/5.0 (Windows NT 6.1; Win64; x64) AppleWebKit/537.36 (KHTML, like Gecko) Chrome/56.0.2924.87 Safari/537.36"
125.69.76.87 - - [07/Mar/2017:14:24:03 +0800] "GET /_static/fonts/fontawesome-webfont.woff?v=4.2.0 HTTP/1.1" 200 44432 "http://www.ansible.com.cn/_static/css/theme.css" "Mozilla/5.0 (Windows NT 6.1; Win64; x64) AppleWebKit/537.36 (KHTML, like Gecko) Chrome/56.0.2924.87 Safari/537.36"
125.69.76.87 - - [07/Mar/2017:14:24:03 +0800] "GET /_static/fonts/Lato-Regular.ttf HTTP/1.1" 200 81980 "http://www.ansible.com.cn/_static/css/theme.css" "Mozilla/5.0 (Windows NT 6.1; Win64; x64) AppleWebKit/537.36 (KHTML, like Gecko) Chrome/56.0.2924.87 Safari/537.36"
125.69.76.87 - - [07/Mar/2017:14:24:03 +0800] "GET /favicon.ico HTTP/1.1" 200 2504 "http://www.ansible.com.cn/" "Mozilla/5.0 (Windows NT 6.1; Win64; x64) AppleWebKit/537.36 (KHTML, like Gecko) Chrome/56.0.2924.87 Safari/537.36"
61.180.150.241 - - [07/Mar/2017:14:24:04 +0800] "GET / HTTP/1.1" 304 0 "-" "Mozilla/5.0 (Windows NT 6.1; Win64; x64) AppleWebKit/537.36 (KHTML, like Gecko) Chrome/56.0.2924.87 Safari/537.36"
61.180.150.241 - - [07/Mar/2017:14:24:13 +0800] "GET /_static/fonts/RobotoSlab-Regular.ttf HTTP/1.1" 200 36276 "http://www.ansible.com.cn/_static/css/theme.css" "Mozilla/5.0 (Windows NT 6.1; Win64; x64) AppleWebKit/537.36 (KHTML, like Gecko) Chrome/56.0.2924.87 Safari/537.36"
61.180.150.241 - - [07/Mar/2017:14:24:16 +0800] "GET /docs/intro_getting_started.html HTTP/1.1" 200 14927 "http://www.ansible.com.cn/" "Mozilla/5.0 (Windows NT 6.1; Win64; x64) AppleWebKit/537.36 (KHTML, like Gecko) Chrome/56.0.2924.87 Safari/537.36"
180.163.220.126 - - [07/Mar/2017:14:24:18 +0800] "GET /docs/intro_dynamic_inventory.html HTTP/1.1" 200 17156 "http://www.ansible.com.cn/docs/intro_dynamic_inventory.html" "Mozilla/5.0 (Windows NT 6.2) AppleWebKit/537.36 (KHTML, like Gecko) Chrome/31.0.1650.63 Safari/537.36 QIHU 360SE; 360Spider"
125.69.76.87 - - [07/Mar/2017:14:24:18 +0800] "GET /docs/playbooks_intro.html HTTP/1.1" 200 71776 "http://www.ansible.com.cn/" "Mozilla/5.0 (Windows NT 6.1; Win64; x64) AppleWebKit/537.36 (KHTML, like Gecko) Chrome/56.0.2924.87 Safari/537.36"
61.180.150.241 - - [07/Mar/2017:14:24:21 +0800] "GET /docs/_static/js/modernizr.min.js HTTP/1.1" 200 15414 "http://www.ansible.com.cn/docs/intro_getting_started.html" "Mozilla/5.0 (Windows NT 6.1; Win64; x64) AppleWebKit/537.36 (KHTML, like Gecko) Chrome/56.0.2924.87 Safari/537.36"
125.69.76.87 - - [07/Mar/2017:14:24:23 +0800] "GET /docs/_static/js/modernizr.min.js HTTP/1.1" 200 15414 "http://www.ansible.com.cn/docs/playbooks_intro.html" "Mozilla/5.0 (Windows NT 6.1; Win64; x64) AppleWebKit/537.36 (KHTML, like Gecko) Chrome/56.0.2924.87 Safari/537.36"
112.17.243.209 - - [07/Mar/2017:14:24:25 +0800] "GET /docs/test_strategies.html HTTP/1.1" 200 16040 "http://www.ansible.com.cn/docs/galaxy.html" "Mozilla/5.0 (Windows NT 10.0; Win64; x64) AppleWebKit/537.36 (KHTML, like Gecko) Chrome/51.0.2704.79 Safari/537.36 Edge/14.14393"
122.225.229.154 - - [07/Mar/2017:14:24:33 +0800] "GET /docs/modules_core.html HTTP/1.1" 200 11734 "http://ansible.com.cn/docs/YAMLSyntax.html" "Mozilla/5.0 (Windows NT 6.1; WOW64) AppleWebKit/537.36 (KHTML, like Gecko) Chrome/40.0.2214.111 Safari/537.36"
218.240.53.21 - - [07/Mar/2017:14:24:36 +0800] "GET / HTTP/1.1" 200 18885 "https://www.google.com/" "Mozilla/5.0 (Windows NT 10.0; Win64; x64) AppleWebKit/537.36 (KHTML, like Gecko) Chrome/56.0.2924.87 Safari/537.36"
218.240.53.21 - - [07/Mar/2017:14:24:36 +0800] "GET /_static/css/theme.css HTTP/1.1" 200 22148 "http://www.ansible.com.cn/" "Mozilla/5.0 (Windows NT 10.0; Win64; x64) AppleWebKit/537.36 (KHTML, like Gecko) Chrome/56.0.2924.87 Safari/537.36"
218.240.53.21 - - [07/Mar/2017:14:24:36 +0800] "GET /_static/underscore.js HTTP/1.1" 200 12140 "http://www.ansible.com.cn/" "Mozilla/5.0 (Windows NT 10.0; Win64; x64) AppleWebKit/537.36 (KHTML, like Gecko) Chrome/56.0.2924.87 Safari/537.36"
218.240.53.21 - - [07/Mar/2017:14:24:36 +0800] "GET /_static/doctools.js HTTP/1.1" 200 7377 "http://www.ansible.com.cn/" "Mozilla/5.0 (Windows NT 10.0; Win64; x64) AppleWebKit/537.36 (KHTML, like Gecko) Chrome/56.0.2924.87 Safari/537.36"
218.240.53.21 - - [07/Mar/2017:14:24:36 +0800] "GET /_static/js/theme.js HTTP/1.1" 200 4280 "http://www.ansible.com.cn/" "Mozilla/5.0 (Windows NT 10.0; Win64; x64) AppleWebKit/537.36 (KHTML, like Gecko) Chrome/56.0.2924.87 Safari/537.36"
218.240.53.21 - - [07/Mar/2017:14:24:36 +0800] "GET /_static/js/modernizr.min.js HTTP/1.1" 200 15414 "http://www.ansible.com.cn/" "Mozilla/5.0 (Windows NT 10.0; Win64; x64) AppleWebKit/537.36 (KHTML, like Gecko) Chrome/56.0.2924.87 Safari/537.36"
218.240.53.21 - - [07/Mar/2017:14:24:36 +0800] "GET /_static/jquery.js HTTP/1.1" 200 95786 "http://www.ansible.com.cn/" "Mozilla/5.0 (Windows NT 10.0; Win64; x64) AppleWebKit/537.36 (KHTML, like Gecko) Chrome/56.0.2924.87 Safari/537.36"
122.225.229.154 - - [07/Mar/2017:14:24:38 +0800] "GET /docs/modules_extra.html HTTP/1.1" 200 11959 "http://ansible.com.cn/docs/modules_core.html" "Mozilla/5.0 (Windows NT 6.1; WOW64) AppleWebKit/537.36 (KHTML, like Gecko) Chrome/40.0.2214.111 Safari/537.36"
218.240.53.21 - - [07/Mar/2017:14:24:39 +0800] "GET /_static/fonts/fontawesome-webfont.woff?v=4.2.0 HTTP/1.1" 200 44432 "http://www.ansible.com.cn/_static/css/theme.css" "Mozilla/5.0 (Windows NT 10.0; Win64; x64) AppleWebKit/537.36 (KHTML, like Gecko) Chrome/56.0.2924.87 Safari/537.36"
218.240.53.21 - - [07/Mar/2017:14:24:40 +0800] "GET /_static/fonts/Lato-Regular.ttf HTTP/1.1" 200 81980 "http://www.ansible.com.cn/_static/css/theme.css" "Mozilla/5.0 (Windows NT 10.0; Win64; x64) AppleWebKit/537.36 (KHTML, like Gecko) Chrome/56.0.2924.87 Safari/537.36"
218.240.53.21 - - [07/Mar/2017:14:24:40 +0800] "GET /_static/fonts/Lato-Bold.ttf HTTP/1.1" 200 82368 "http://www.ansible.com.cn/_static/css/theme.css" "Mozilla/5.0 (Windows NT 10.0; Win64; x64) AppleWebKit/537.36 (KHTML, like Gecko) Chrome/56.0.2924.87 Safari/537.36"
112.17.243.209 - - [07/Mar/2017:14:24:41 +0800] "GET /docs/playbooks.html HTTP/1.1" 200 13937 "http://www.ansible.com.cn/docs/test_strategies.html" "Mozilla/5.0 (Windows NT 10.0; Win64; x64) AppleWebKit/537.36 (KHTML, like Gecko) Chrome/51.0.2704.79 Safari/537.36 Edge/14.14393"
218.240.53.21 - - [07/Mar/2017:14:24:44 +0800] "GET /_static/fonts/RobotoSlab-Bold.ttf HTTP/1.1" 200 36596 "http://www.ansible.com.cn/_static/css/theme.css" "Mozilla/5.0 (Windows NT 10.0; Win64; x64) AppleWebKit/537.36 (KHTML, like Gecko) Chrome/56.0.2924.87 Safari/537.36"
218.240.53.21 - - [07/Mar/2017:14:24:44 +0800] "GET /favicon.ico HTTP/1.1" 200 2504 "http://www.ansible.com.cn/" "Mozilla/5.0 (Windows NT 10.0; Win64; x64) AppleWebKit/537.36 (KHTML, like Gecko) Chrome/56.0.2924.87 Safari/537.36"
112.17.243.209 - - [07/Mar/2017:14:24:44 +0800] "GET /docs/playbooks_intro.html HTTP/1.1" 200 18148 "http://www.ansible.com.cn/docs/playbooks.html" "Mozilla/5.0 (Windows NT 10.0; Win64; x64) AppleWebKit/537.36 (KHTML, like Gecko) Chrome/51.0.2704.79 Safari/537.36 Edge/14.14393"
119.137.54.214 - - [07/Mar/2017:14:24:50 +0800] "GET /docs/intro_getting_started.html HTTP/1.1" 200 14927 "http://www.ansible.com.cn/docs/intro_getting_started.html" "Mozilla/5.0 (Windows NT 10.0; WOW64) AppleWebKit/537.36 (KHTML, like Gecko) Chrome/56.0.2924.87 Safari/537.36"
218.240.53.21 - - [07/Mar/2017:14:24:58 +0800] "GET /docs/developing_inventory.html HTTP/1.1" 200 13181 "http://www.ansible.com.cn/" "Mozilla/5.0 (Windows NT 10.0; Win64; x64) AppleWebKit/537.36 (KHTML, like Gecko) Chrome/56.0.2924.87 Safari/537.36"
218.240.53.21 - - [07/Mar/2017:14:24:58 +0800] "GET /docs/_static/js/modernizr.min.js HTTP/1.1" 200 15414 "http://www.ansible.com.cn/docs/developing_inventory.html" "Mozilla/5.0 (Windows NT 10.0; Win64; x64) AppleWebKit/537.36 (KHTML, like Gecko) Chrome/56.0.2924.87 Safari/537.36"
176.14.244.114 - - [07/Mar/2017:14:25:01 +0800] "GET /docs/playbooks_intro.html HTTP/1.1" 200 18148 "http://yandex.ru/clck/jsredir?from=yandex.ru%3Bsearch%3Bweb%3B%3B&text=&etext=1353.WY1VDiyBvVUGAGUNEtlEbLgip7KWYnsYhrbbswvLuyhHLPaFQIhIrOT5if-yP0_h.d0b6ba9a59a9c7dbc55c93d0dc61b7c869da3381&uuid=&state=_BLhILn4SxNIvvL0W45KSic66uCIg23qh8iRG98qeIXmeppkgUc0YL_nDC5hqtEQ6WayFoZKRZE&data=UlNrNmk5WktYejR0eWJFYk1Ldmtxbmh1MjdrUVdKY3RHNlR2WXV5SUtRUkpxbldIRktQTTQ3NkE2YUhzQ0s3VjExZWFGdUtNb3N2dlJUb3FQcnV5azVuT3ZxTnVLakdqaWNJdUdJbDh4YXhiQm1RWmhUS2JoZk1CQWN4Z2dQQ2lUeTZjR3JHbTRHOA&b64e=2&sign=bb0883bd6374f96f2a5d75ab64200b20&keyno=0&cst=AiuY0DBWFJ7IXge4WdYJQULnoVAFacUfyihBGrOkL9XmBODxF30IPhyHRjsqOJAVyi48jOI-nbrga6zT3WRKbrynfuTVYFz8rgXN2qK0chZ2s4ECR5qhF2qFpivZqlQKiH0w6sgnxkaj8-vDS5V76bjUwNCfmyhu&ref=orjY4mGPRjk5boDnW0uvlrrd71vZw9kp5uQozpMtKCW8s5kfnNkNjxDwdY8-eh4Yt8Cf7Q33MKfyXegDLqx7CUguYRYfSyAxcmxERXsKU0CV2tHhS0XGejFa2js5xNmc&l10n=ru&cts=1488864521860&mc=7.00897140616" "Mozilla/4.0 (compatible; MSIE 8.0; Windows NT 5.1; Trident/4.0; .NET CLR 1.1.4322; .NET CLR 2.0.50727; .NET CLR 3.0.4506.2152; .NET CLR 3.5.30729)"
176.14.244.114 - - [07/Mar/2017:14:25:02 +0800] "GET /_static/css/theme.css HTTP/1.1" 200 22148 "http://www.ansible.com.cn/docs/playbooks_intro.html" "Mozilla/4.0 (compatible; MSIE 8.0; Windows NT 5.1; Trident/4.0; .NET CLR 1.1.4322; .NET CLR 2.0.50727; .NET CLR 3.0.4506.2152; .NET CLR 3.5.30729)"
176.14.244.114 - - [07/Mar/2017:14:25:02 +0800] "GET /docs/_static/js/modernizr.min.js HTTP/1.1" 200 15414 "http://www.ansible.com.cn/docs/playbooks_intro.html" "Mozilla/4.0 (compatible; MSIE 8.0; Windows NT 5.1; Trident/4.0; .NET CLR 1.1.4322; .NET CLR 2.0.50727; .NET CLR 3.0.4506.2152; .NET CLR 3.5.30729)"
112.17.243.209 - - [07/Mar/2017:14:25:02 +0800] "GET /docs/intro.html HTTP/1.1" 200 11515 "http://www.ansible.com.cn/docs/playbooks_intro.html" "Mozilla/5.0 (Windows NT 10.0; Win64; x64) AppleWebKit/537.36 (KHTML, like Gecko) Chrome/51.0.2704.79 Safari/537.36 Edge/14.14393"
176.14.244.114 - - [07/Mar/2017:14:25:04 +0800] "GET /_static/fonts/fontawesome-webfont.eot? HTTP/1.1" 200 38205 "http://www.ansible.com.cn/docs/playbooks_intro.html" "Mozilla/4.0 (compatible; MSIE 8.0; Windows NT 5.1; Trident/4.0; .NET CLR 1.1.4322; .NET CLR 2.0.50727; .NET CLR 3.0.4506.2152; .NET CLR 3.5.30729)"
176.14.244.114 - - [07/Mar/2017:14:25:05 +0800] "GET /_static/jquery.js HTTP/1.1" 200 95786 "http://www.ansible.com.cn/docs/playbooks_intro.html" "Mozilla/4.0 (compatible; MSIE 8.0; Windows NT 5.1; Trident/4.0; .NET CLR 1.1.4322; .NET CLR 2.0.50727; .NET CLR 3.0.4506.2152; .NET CLR 3.5.30729)"
112.17.243.209 - - [07/Mar/2017:14:25:05 +0800] "GET /docs/intro_installation.html HTTP/1.1" 200 16913 "http://www.ansible.com.cn/docs/intro.html" "Mozilla/5.0 (Windows NT 10.0; Win64; x64) AppleWebKit/537.36 (KHTML, like Gecko) Chrome/51.0.2704.79 Safari/537.36 Edge/14.14393"
176.14.244.114 - - [07/Mar/2017:14:25:06 +0800] "GET /_static/underscore.js HTTP/1.1" 200 12140 "http://www.ansible.com.cn/docs/playbooks_intro.html" "Mozilla/4.0 (compatible; MSIE 8.0; Windows NT 5.1; Trident/4.0; .NET CLR 1.1.4322; .NET CLR 2.0.50727; .NET CLR 3.0.4506.2152; .NET CLR 3.5.30729)"
176.14.244.114 - - [07/Mar/2017:14:25:10 +0800] "GET /_static/doctools.js HTTP/1.1" 200 7377 "http://www.ansible.com.cn/docs/playbooks_intro.html" "Mozilla/4.0 (compatible; MSIE 8.0; Windows NT 5.1; Trident/4.0; .NET CLR 1.1.4322; .NET CLR 2.0.50727; .NET CLR 3.0.4506.2152; .NET CLR 3.5.30729)"
112.17.243.209 - - [07/Mar/2017:14:25:10 +0800] "GET /docs/intro_adhoc.html HTTP/1.1" 200 17122 "http://www.ansible.com.cn/docs/intro_installation.html" "Mozilla/5.0 (Windows NT 10.0; Win64; x64) AppleWebKit/537.36 (KHTML, like Gecko) Chrome/51.0.2704.79 Safari/537.36 Edge/14.14393"
176.14.244.114 - - [07/Mar/2017:14:25:11 +0800] "GET /_static/js/theme.js HTTP/1.1" 200 4280 "http://www.ansible.com.cn/docs/playbooks_intro.html" "Mozilla/4.0 (compatible; MSIE 8.0; Windows NT 5.1; Trident/4.0; .NET CLR 1.1.4322; .NET CLR 2.0.50727; .NET CLR 3.0.4506.2152; .NET CLR 3.5.30729)"
223.202.12.254 - - [07/Mar/2017:14:25:15 +0800] "GET /_static/fonts/RobotoSlab-Regular.ttf HTTP/1.1" 200 36276 "http://www.ansible.com.cn/_static/css/theme.css" "Mozilla/5.0 (Windows NT 6.1; WOW64; rv:51.0) Gecko/20100101 Firefox/51.0"
140.206.63.34 - - [07/Mar/2017:14:25:18 +0800] "GET /docs/intro_dynamic_inventory.html HTTP/1.1" 200 17156 "http://www.ansible.com.cn/docs/intro_inventory.html" "Mozilla/5.0 (Windows NT 6.1; WOW64) AppleWebKit/537.36 (KHTML, like Gecko) Chrome/43.0.2357.124 Safari/537.36"
218.240.53.21 - - [07/Mar/2017:14:25:25 +0800] "GET /docs/developing_plugins.html HTTP/1.1" 200 14063 "http://www.ansible.com.cn/docs/developing_inventory.html" "Mozilla/5.0 (Windows NT 10.0; Win64; x64) AppleWebKit/537.36 (KHTML, like Gecko) Chrome/56.0.2924.87 Safari/537.36"
218.240.53.21 - - [07/Mar/2017:14:25:32 +0800] "GET /docs/developing_test_pr.html HTTP/1.1" 200 15297 "http://www.ansible.com.cn/docs/developing_plugins.html" "Mozilla/5.0 (Windows NT 10.0; Win64; x64) AppleWebKit/537.36 (KHTML, like Gecko) Chrome/56.0.2924.87 Safari/537.36"
218.240.53.21 - - [07/Mar/2017:14:25:38 +0800] "GET /docs/tower.html HTTP/1.1" 200 11622 "http://www.ansible.com.cn/docs/developing_test_pr.html" "Mozilla/5.0 (Windows NT 10.0; Win64; x64) AppleWebKit/537.36 (KHTML, like Gecko) Chrome/56.0.2924.87 Safari/537.36"
183.129.152.46 - - [07/Mar/2017:14:25:43 +0800] "GET /docs/playbooks.html HTTP/1.1" 200 13937 "http://www.ansible.com.cn/docs/modules.html" "Mozilla/5.0 (Windows NT 6.1; WOW64) AppleWebKit/537.36 (KHTML, like Gecko) Chrome/56.0.2924.87 Safari/537.36"
218.240.53.21 - - [07/Mar/2017:14:25:48 +0800] "GET /docs/community.html HTTP/1.1" 200 19101 "http://www.ansible.com.cn/docs/tower.html" "Mozilla/5.0 (Windows NT 10.0; Win64; x64) AppleWebKit/537.36 (KHTML, like Gecko) Chrome/56.0.2924.87 Safari/537.36"
218.240.53.21 - - [07/Mar/2017:14:26:02 +0800] "GET /_static/fonts/RobotoSlab-Regular.ttf HTTP/1.1" 200 36276 "http://www.ansible.com.cn/_static/css/theme.css" "Mozilla/5.0 (Windows NT 10.0; Win64; x64) AppleWebKit/537.36 (KHTML, like Gecko) Chrome/56.0.2924.87 Safari/537.36"
114.80.215.216 - - [07/Mar/2017:14:26:15 +0800] "GET / HTTP/1.1" 200 18885 "https://www.baidu.com/link?url=jyJjqK2j8Hf3EGQsyMv1A66yZBNljM1VMgeA6FGku7-5VUz1n-DWDbkvv-z0Yc2i&wd=&eqid=ed4fe907006445ae0000000458be5282" "Mozilla/5.0 (Windows NT 10.0; WOW64) AppleWebKit/537.36 (KHTML, like Gecko) Chrome/50.0.2661.102 Safari/537.36"
114.80.215.216 - - [07/Mar/2017:14:26:15 +0800] "GET /_static/css/theme.css HTTP/1.1" 200 22148 "http://www.ansible.com.cn/" "Mozilla/5.0 (Windows NT 10.0; WOW64) AppleWebKit/537.36 (KHTML, like Gecko) Chrome/50.0.2661.102 Safari/537.36"
114.80.215.216 - - [07/Mar/2017:14:26:15 +0800] "GET /_static/js/modernizr.min.js HTTP/1.1" 200 15414 "http://www.ansible.com.cn/" "Mozilla/5.0 (Windows NT 10.0; WOW64) AppleWebKit/537.36 (KHTML, like Gecko) Chrome/50.0.2661.102 Safari/537.36"
114.80.215.216 - - [07/Mar/2017:14:26:15 +0800] "GET /_static/underscore.js HTTP/1.1" 200 12140 "http://www.ansible.com.cn/" "Mozilla/5.0 (Windows NT 10.0; WOW64) AppleWebKit/537.36 (KHTML, like Gecko) Chrome/50.0.2661.102 Safari/537.36"
114.80.215.216 - - [07/Mar/2017:14:26:15 +0800] "GET /_static/doctools.js HTTP/1.1" 200 7377 "http://www.ansible.com.cn/" "Mozilla/5.0 (Windows NT 10.0; WOW64) AppleWebKit/537.36 (KHTML, like Gecko) Chrome/50.0.2661.102 Safari/537.36"
114.80.215.216 - - [07/Mar/2017:14:26:15 +0800] "GET /_static/js/theme.js HTTP/1.1" 200 4280 "http://www.ansible.com.cn/" "Mozilla/5.0 (Windows NT 10.0; WOW64) AppleWebKit/537.36 (KHTML, like Gecko) Chrome/50.0.2661.102 Safari/537.36"
114.80.215.216 - - [07/Mar/2017:14:26:15 +0800] "GET /_static/jquery.js HTTP/1.1" 200 95786 "http://www.ansible.com.cn/" "Mozilla/5.0 (Windows NT 10.0; WOW64) AppleWebKit/537.36 (KHTML, like Gecko) Chrome/50.0.2661.102 Safari/537.36"
114.80.215.216 - - [07/Mar/2017:14:26:15 +0800] "GET /_static/fonts/Lato-Regular.ttf HTTP/1.1" 200 81980 "http://www.ansible.com.cn/_static/css/theme.css" "Mozilla/5.0 (Windows NT 10.0; WOW64) AppleWebKit/537.36 (KHTML, like Gecko) Chrome/50.0.2661.102 Safari/537.36"
114.80.215.216 - - [07/Mar/2017:14:26:15 +0800] "GET /_static/fonts/fontawesome-webfont.woff?v=4.2.0 HTTP/1.1" 200 44432 "http://www.ansible.com.cn/_static/css/theme.css" "Mozilla/5.0 (Windows NT 10.0; WOW64) AppleWebKit/537.36 (KHTML, like Gecko) Chrome/50.0.2661.102 Safari/537.36"
114.80.215.216 - - [07/Mar/2017:14:26:15 +0800] "GET /_static/fonts/RobotoSlab-Bold.ttf HTTP/1.1" 200 36596 "http://www.ansible.com.cn/_static/css/theme.css" "Mozilla/5.0 (Windows NT 10.0; WOW64) AppleWebKit/537.36 (KHTML, like Gecko) Chrome/50.0.2661.102 Safari/537.36"
114.80.215.216 - - [07/Mar/2017:14:26:15 +0800] "GET /_static/fonts/Lato-Bold.ttf HTTP/1.1" 200 82368 "http://www.ansible.com.cn/_static/css/theme.css" "Mozilla/5.0 (Windows NT 10.0; WOW64) AppleWebKit/537.36 (KHTML, like Gecko) Chrome/50.0.2661.102 Safari/537.36"
114.80.215.216 - - [07/Mar/2017:14:26:16 +0800] "GET /favicon.ico HTTP/1.1" 200 2504 "http://www.ansible.com.cn/" "Mozilla/5.0 (Windows NT 10.0; WOW64) AppleWebKit/537.36 (KHTML, like Gecko) Chrome/50.0.2661.102 Safari/537.36"
114.80.215.216 - - [07/Mar/2017:14:26:24 +0800] "GET /docs/intro_inventory.html HTTP/1.1" 200 15540 "http://www.ansible.com.cn/" "Mozilla/5.0 (Windows NT 10.0; WOW64) AppleWebKit/537.36 (KHTML, like Gecko) Chrome/50.0.2661.102 Safari/537.36"
114.80.215.216 - - [07/Mar/2017:14:26:24 +0800] "GET /docs/_static/js/modernizr.min.js HTTP/1.1" 200 15414 "http://www.ansible.com.cn/docs/intro_inventory.html" "Mozilla/5.0 (Windows NT 10.0; WOW64) AppleWebKit/537.36 (KHTML, like Gecko) Chrome/50.0.2661.102 Safari/537.36"
125.69.76.87 - - [07/Mar/2017:14:26:40 +0800] "GET /_static/fonts/RobotoSlab-Regular.ttf HTTP/1.1" 200 36276 "http://www.ansible.com.cn/_static/css/theme.css" "Mozilla/5.0 (Windows NT 6.1; Win64; x64) AppleWebKit/537.36 (KHTML, like Gecko) Chrome/56.0.2924.87 Safari/537.36"
103.218.216.97 - - [07/Mar/2017:14:26:49 +0800] "GET / HTTP/1.1" 304 0 "http://www.baidu.com/link?url=I_P1TKmqknUq10l3T79iMoiwDDmPqlh5JKNu33yEusO5zs9FQXU1O6TpSpm9Ya5Y&wd=&eqid=f4939e3b002be4600000000658be518d" "Mozilla/5.0 (Windows NT 6.1; WOW64; Trident/7.0; rv:11.0) like Gecko"
103.218.216.97 - - [07/Mar/2017:14:26:49 +0800] "GET /_static/jquery.js HTTP/1.1" 304 0 "http://www.ansible.com.cn/" "Mozilla/5.0 (Windows NT 6.1; WOW64; Trident/7.0; rv:11.0) like Gecko"
103.218.216.97 - - [07/Mar/2017:14:26:49 +0800] "GET /_static/js/modernizr.min.js HTTP/1.1" 304 0 "http://www.ansible.com.cn/" "Mozilla/5.0 (Windows NT 6.1; WOW64; Trident/7.0; rv:11.0) like Gecko"
103.218.216.97 - - [07/Mar/2017:14:26:49 +0800] "GET /_static/doctools.js HTTP/1.1" 304 0 "http://www.ansible.com.cn/" "Mozilla/5.0 (Windows NT 6.1; WOW64; Trident/7.0; rv:11.0) like Gecko"
103.218.216.97 - - [07/Mar/2017:14:26:49 +0800] "GET /_static/underscore.js HTTP/1.1" 304 0 "http://www.ansible.com.cn/" "Mozilla/5.0 (Windows NT 6.1; WOW64; Trident/7.0; rv:11.0) like Gecko"
103.218.216.97 - - [07/Mar/2017:14:26:49 +0800] "GET /_static/js/theme.js HTTP/1.1" 304 0 "http://www.ansible.com.cn/" "Mozilla/5.0 (Windows NT 6.1; WOW64; Trident/7.0; rv:11.0) like Gecko"
103.218.216.97 - - [07/Mar/2017:14:26:49 +0800] "GET /_static/css/theme.css HTTP/1.1" 200 102034 "http://www.ansible.com.cn/" "Mozilla/5.0 (Windows NT 6.1; WOW64; Trident/7.0; rv:11.0) like Gecko"
103.218.216.97 - - [07/Mar/2017:14:26:49 +0800] "GET /_static/fonts/Lato-Regular.ttf HTTP/1.1" 304 0 "http://www.ansible.com.cn/" "Mozilla/5.0 (Windows NT 6.1; WOW64; Trident/7.0; rv:11.0) like Gecko"
103.218.216.97 - - [07/Mar/2017:14:26:49 +0800] "GET /_static/fonts/Lato-Bold.ttf HTTP/1.1" 304 0 "http://www.ansible.com.cn/" "Mozilla/5.0 (Windows NT 6.1; WOW64; Trident/7.0; rv:11.0) like Gecko"
103.218.216.97 - - [07/Mar/2017:14:26:49 +0800] "GET /_static/fonts/RobotoSlab-Regular.ttf HTTP/1.1" 304 0 "http://www.ansible.com.cn/" "Mozilla/5.0 (Windows NT 6.1; WOW64; Trident/7.0; rv:11.0) like Gecko"
103.218.216.97 - - [07/Mar/2017:14:26:49 +0800] "GET /_static/fonts/RobotoSlab-Bold.ttf HTTP/1.1" 304 0 "http://www.ansible.com.cn/" "Mozilla/5.0 (Windows NT 6.1; WOW64; Trident/7.0; rv:11.0) like Gecko"
103.218.216.97 - - [07/Mar/2017:14:26:49 +0800] "GET /_static/fonts/fontawesome-webfont.eot? HTTP/1.1" 200 38205 "http://www.ansible.com.cn/" "Mozilla/5.0 (Windows NT 6.1; WOW64; Trident/7.0; rv:11.0) like Gecko"
103.218.216.97 - - [07/Mar/2017:14:26:50 +0800] "GET /favicon.ico HTTP/1.1" 304 0 "-" "Mozilla/5.0 (Windows NT 6.1; WOW64; Trident/7.0; rv:11.0) like Gecko"
218.240.53.21 - - [07/Mar/2017:14:27:17 +0800] "GET /docs/YAMLSyntax.html HTTP/1.1" 200 12835 "http://www.ansible.com.cn/docs/community.html" "Mozilla/5.0 (Windows NT 10.0; Win64; x64) AppleWebKit/537.36 (KHTML, like Gecko) Chrome/56.0.2924.87 Safari/537.36"
58.247.171.4 - - [07/Mar/2017:14:27:21 +0800] "GET /docs/faq.html HTTP/1.1" 200 16654 "http://cn.bing.com/search?q=ansible+debug&qs=n&form=QBLH&sp=-1&pq=ansible+debug&sc=5-13&sk=&cvid=5F941B2A84F94591A2794C763A1BF7E4" "Mozilla/5.0 (Windows NT 10.0; Win64; x64) AppleWebKit/537.36 (KHTML, like Gecko) Chrome/56.0.2924.87 Safari/537.36"
123.160.246.6 - - [07/Mar/2017:14:27:32 +0800] "GET /index.html HTTP/1.1" 200 18885 "http://www.ansible.com.cn/docs/modules.html" "Mozilla/5.0 (Windows NT 10.0; WOW64; rv:51.0) Gecko/20100101 Firefox/51.0"
183.129.152.46 - - [07/Mar/2017:14:27:54 +0800] "GET /docs/quickstart.html HTTP/1.1" 200 11261 "http://www.ansible.com.cn/docs/playbooks.html" "Mozilla/5.0 (Windows NT 6.1; WOW64) AppleWebKit/537.36 (KHTML, like Gecko) Chrome/56.0.2924.87 Safari/537.36"
113.207.75.130 - - [07/Mar/2017:14:28:13 +0800] "GET /search.html?q=root&check_keywords=yes&area=default HTTP/1.1" 200 10945 "http://ansible.com.cn/docs/playbooks_roles.html" "Mozilla/5.0 (Windows NT 6.3; WOW64) AppleWebKit/537.36 (KHTML, like Gecko) Chrome/53.0.2785.116 Safari/537.36"
113.207.75.130 - - [07/Mar/2017:14:28:13 +0800] "GET /_sources/docs/become.txt HTTP/1.1" 200 1943 "http://ansible.com.cn/search.html?q=root&check_keywords=yes&area=default" "Mozilla/5.0 (Windows NT 6.3; WOW64) AppleWebKit/537.36 (KHTML, like Gecko) Chrome/53.0.2785.116 Safari/537.36"
113.207.75.130 - - [07/Mar/2017:14:28:14 +0800] "GET /_sources/docs/intro_configuration.txt HTTP/1.1" 200 9813 "http://ansible.com.cn/search.html?q=root&check_keywords=yes&area=default" "Mozilla/5.0 (Windows NT 6.3; WOW64) AppleWebKit/537.36 (KHTML, like Gecko) Chrome/53.0.2785.116 Safari/537.36"
113.207.75.130 - - [07/Mar/2017:14:28:14 +0800] "GET /_sources/docs/intro_adhoc.txt HTTP/1.1" 200 5425 "http://ansible.com.cn/search.html?q=root&check_keywords=yes&area=default" "Mozilla/5.0 (Windows NT 6.3; WOW64) AppleWebKit/537.36 (KHTML, like Gecko) Chrome/53.0.2785.116 Safari/537.36"
113.207.75.130 - - [07/Mar/2017:14:28:14 +0800] "GET /_sources/docs/playbooks_roles.txt HTTP/1.1" 200 7211 "http://ansible.com.cn/search.html?q=root&check_keywords=yes&area=default" "Mozilla/5.0 (Windows NT 6.3; WOW64) AppleWebKit/537.36 (KHTML, like Gecko) Chrome/53.0.2785.116 Safari/537.36"
113.207.75.130 - - [07/Mar/2017:14:28:14 +0800] "GET /_sources/docs/guide_rax.txt HTTP/1.1" 200 8626 "http://ansible.com.cn/search.html?q=root&check_keywords=yes&area=default" "Mozilla/5.0 (Windows NT 6.3; WOW64) AppleWebKit/537.36 (KHTML, like Gecko) Chrome/53.0.2785.116 Safari/537.36"
113.207.75.130 - - [07/Mar/2017:14:28:14 +0800] "GET /_sources/docs/playbooks_variables.txt HTTP/1.1" 200 14328 "http://ansible.com.cn/search.html?q=root&check_keywords=yes&area=default" "Mozilla/5.0 (Windows NT 6.3; WOW64) AppleWebKit/537.36 (KHTML, like Gecko) Chrome/53.0.2785.116 Safari/537.36"
113.207.75.130 - - [07/Mar/2017:14:28:15 +0800] "GET /_sources/playbooks_variables.txt HTTP/1.1" 200 14212 "http://ansible.com.cn/search.html?q=root&check_keywords=yes&area=default" "Mozilla/5.0 (Windows NT 6.3; WOW64) AppleWebKit/537.36 (KHTML, like Gecko) Chrome/53.0.2785.116 Safari/537.36"
113.207.75.130 - - [07/Mar/2017:14:28:15 +0800] "GET /_sources/docs/playbooks_async.txt HTTP/1.1" 200 1427 "http://ansible.com.cn/search.html?q=root&check_keywords=yes&area=default" "Mozilla/5.0 (Windows NT 6.3; WOW64) AppleWebKit/537.36 (KHTML, like Gecko) Chrome/53.0.2785.116 Safari/537.36"
113.207.75.130 - - [07/Mar/2017:14:28:15 +0800] "GET /_sources/docs/playbooks_loops.txt HTTP/1.1" 200 6625 "http://ansible.com.cn/search.html?q=root&check_keywords=yes&area=default" "Mozilla/5.0 (Windows NT 6.3; WOW64) AppleWebKit/537.36 (KHTML, like Gecko) Chrome/53.0.2785.116 Safari/537.36"
113.207.75.130 - - [07/Mar/2017:14:28:15 +0800] "GET /_sources/docs/guide_rolling_upgrade.txt HTTP/1.1" 200 6381 "http://ansible.com.cn/search.html?q=root&check_keywords=yes&area=default" "Mozilla/5.0 (Windows NT 6.3; WOW64) AppleWebKit/537.36 (KHTML, like Gecko) Chrome/53.0.2785.116 Safari/537.36"
113.207.75.130 - - [07/Mar/2017:14:28:15 +0800] "GET /_sources/docs/intro_getting_started.txt HTTP/1.1" 200 3559 "http://ansible.com.cn/search.html?q=root&check_keywords=yes&area=default" "Mozilla/5.0 (Windows NT 6.3; WOW64) AppleWebKit/537.36 (KHTML, like Gecko) Chrome/53.0.2785.116 Safari/537.36"
123.126.118.139 - - [07/Mar/2017:14:28:15 +0800] "GET / HTTP/1.1" 200 18885 "-" "Mozilla/5.0 (Windows; U; Windows NT 5.1; zh-CN; rv:1.9b4) Gecko/2008030317 Firefox/3.0b4"
123.151.138.59 - - [07/Mar/2017:14:28:15 +0800] "GET /_static/css/theme.css HTTP/1.1" 304 0 "http://www.ansible.com.cn/" "Mozilla/5.0 (iPhone 6p; CPU iPhone OS 10_2 like Mac OS X) AppleWebKit/602.3.12 (KHTML, like Gecko) Version/10.0 MQQBrowser/7.3 Mobile/14C92 Safari/8536.25 MttCustomUA/2 QBWebViewType/1"
123.151.138.59 - - [07/Mar/2017:14:28:15 +0800] "GET /_static/underscore.js HTTP/1.1" 304 0 "http://www.ansible.com.cn/" "Mozilla/5.0 (iPhone 6p; CPU iPhone OS 10_2 like Mac OS X) AppleWebKit/602.3.12 (KHTML, like Gecko) Version/10.0 MQQBrowser/7.3 Mobile/14C92 Safari/8536.25 MttCustomUA/2 QBWebViewType/1"
123.151.138.59 - - [07/Mar/2017:14:28:15 +0800] "GET /_static/doctools.js HTTP/1.1" 304 0 "http://www.ansible.com.cn/" "Mozilla/5.0 (iPhone 6p; CPU iPhone OS 10_2 like Mac OS X) AppleWebKit/602.3.12 (KHTML, like Gecko) Version/10.0 MQQBrowser/7.3 Mobile/14C92 Safari/8536.25 MttCustomUA/2 QBWebViewType/1"
123.151.138.59 - - [07/Mar/2017:14:28:15 +0800] "GET /_static/jquery.js HTTP/1.1" 304 0 "http://www.ansible.com.cn/" "Mozilla/5.0 (iPhone 6p; CPU iPhone OS 10_2 like Mac OS X) AppleWebKit/602.3.12 (KHTML, like Gecko) Version/10.0 MQQBrowser/7.3 Mobile/14C92 Safari/8536.25 MttCustomUA/2 QBWebViewType/1"
125.39.208.232 - - [07/Mar/2017:14:28:15 +0800] "GET / HTTP/1.1" 200 18885 "-" "Mozilla/5.0 (Windows; U; Windows NT 5.1; zh-CN; rv:1.9b4) Gecko/2008030317 Firefox/3.0b4"
123.151.138.59 - - [07/Mar/2017:14:28:15 +0800] "GET /_static/js/theme.js HTTP/1.1" 304 0 "http://www.ansible.com.cn/" "Mozilla/5.0 (iPhone 6p; CPU iPhone OS 10_2 like Mac OS X) AppleWebKit/602.3.12 (KHTML, like Gecko) Version/10.0 MQQBrowser/7.3 Mobile/14C92 Safari/8536.25 MttCustomUA/2 QBWebViewType/1"
111.30.137.183 - - [07/Mar/2017:14:28:15 +0800] "GET / HTTP/1.1" 200 18885 "-" "Mozilla/5.0 (Windows; U; Windows NT 5.1; zh-CN; rv:1.9b4) Gecko/2008030317 Firefox/3.0b4"
123.126.124.148 - - [07/Mar/2017:14:28:15 +0800] "GET / HTTP/1.1" 200 18885 "-" "Mozilla/5.0 (Windows; U; Windows NT 5.1; zh-CN; rv:1.9b4) Gecko/2008030317 Firefox/3.0b4"
111.161.105.16 - - [07/Mar/2017:14:28:15 +0800] "GET / HTTP/1.1" 200 18885 "-" "Mozilla/5.0 (Windows; U; Windows NT 5.1; zh-CN; rv:1.9b4) Gecko/2008030317 Firefox/3.0b4"
111.30.141.104 - - [07/Mar/2017:14:28:15 +0800] "GET / HTTP/1.1" 200 18885 "-" "Mozilla/5.0 (Windows; U; Windows NT 5.1; zh-CN; rv:1.9b4) Gecko/2008030317 Firefox/3.0b4"
113.207.75.130 - - [07/Mar/2017:14:28:15 +0800] "GET /_sources/docs/playbooks_conditionals.txt HTTP/1.1" 200 4646 "http://ansible.com.cn/search.html?q=root&check_keywords=yes&area=default" "Mozilla/5.0 (Windows NT 6.3; WOW64) AppleWebKit/537.36 (KHTML, like Gecko) Chrome/53.0.2785.116 Safari/537.36"
111.161.59.193 - - [07/Mar/2017:14:28:15 +0800] "GET / HTTP/1.1" 200 18885 "-" "Mozilla/5.0 (Windows; U; Windows NT 5.1; zh-CN; rv:1.9b4) Gecko/2008030317 Firefox/3.0b4"
111.30.131.199 - - [07/Mar/2017:14:28:15 +0800] "GET / HTTP/1.1" 200 18885 "-" "Mozilla/5.0 (Windows; U; Windows NT 5.1; zh-CN; rv:1.9b4) Gecko/2008030317 Firefox/3.0b4"
111.30.137.187 - - [07/Mar/2017:14:28:16 +0800] "GET / HTTP/1.1" 200 18885 "-" "Mozilla/5.0 (Windows; U; Windows NT 5.1; zh-CN; rv:1.9b4) Gecko/2008030317 Firefox/3.0b4"
111.30.137.184 - - [07/Mar/2017:14:28:16 +0800] "GET / HTTP/1.1" 200 18885 "-" "Mozilla/5.0 (Windows; U; Windows NT 5.1; zh-CN; rv:1.9b4) Gecko/2008030317 Firefox/3.0b4"
113.207.75.130 - - [07/Mar/2017:14:28:16 +0800] "GET /_sources/docs/playbooks_environment.txt HTTP/1.1" 200 939 "http://ansible.com.cn/search.html?q=root&check_keywords=yes&area=default" "Mozilla/5.0 (Windows NT 6.3; WOW64) AppleWebKit/537.36 (KHTML, like Gecko) Chrome/53.0.2785.116 Safari/537.36"
113.207.75.130 - - [07/Mar/2017:14:28:38 +0800] "GET /docs/become.html?highlight=root HTTP/1.1" 200 13165 "http://ansible.com.cn/search.html?q=root&check_keywords=yes&area=default" "Mozilla/5.0 (Windows NT 6.3; WOW64) AppleWebKit/537.36 (KHTML, like Gecko) Chrome/53.0.2785.116 Safari/537.36"
198.133.224.147 - - [07/Mar/2017:14:28:38 +0800] "GET / HTTP/1.1" 200 99590 "-" "Mozilla/5.0 (X11; Ubuntu; Linux x86_64; rv:15.0) Gecko/20100101 Firefox/15.0"
119.139.198.125 - - [07/Mar/2017:14:28:42 +0800] "GET / HTTP/1.1" 200 18885 "https://www.baidu.com/link?url=lFjTp7CairwE0h_n7D1VW-Sxk-6FM3Lui5QUQU6b7pc8wLRx1g8jtPgMaFEx6XiG&wd=&eqid=b0f0f5de0086e3270000000658be5318" "Mozilla/5.0 (Macintosh; Intel Mac OS X 10_12_2) AppleWebKit/537.36 (KHTML, like Gecko) Chrome/50.0.2661.75 Safari/537.36 QQBrowser/4.1.4132.400"
119.139.198.125 - - [07/Mar/2017:14:28:42 +0800] "GET /_static/css/theme.css HTTP/1.1" 200 22148 "http://www.ansible.com.cn/" "Mozilla/5.0 (Macintosh; Intel Mac OS X 10_12_2) AppleWebKit/537.36 (KHTML, like Gecko) Chrome/50.0.2661.75 Safari/537.36 QQBrowser/4.1.4132.400"
119.139.198.125 - - [07/Mar/2017:14:28:42 +0800] "GET /_static/underscore.js HTTP/1.1" 200 12140 "http://www.ansible.com.cn/" "Mozilla/5.0 (Macintosh; Intel Mac OS X 10_12_2) AppleWebKit/537.36 (KHTML, like Gecko) Chrome/50.0.2661.75 Safari/537.36 QQBrowser/4.1.4132.400"
119.139.198.125 - - [07/Mar/2017:14:28:42 +0800] "GET /_static/js/theme.js HTTP/1.1" 200 4280 "http://www.ansible.com.cn/" "Mozilla/5.0 (Macintosh; Intel Mac OS X 10_12_2) AppleWebKit/537.36 (KHTML, like Gecko) Chrome/50.0.2661.75 Safari/537.36 QQBrowser/4.1.4132.400"
119.139.198.125 - - [07/Mar/2017:14:28:42 +0800] "GET /_static/doctools.js HTTP/1.1" 200 7377 "http://www.ansible.com.cn/" "Mozilla/5.0 (Macintosh; Intel Mac OS X 10_12_2) AppleWebKit/537.36 (KHTML, like Gecko) Chrome/50.0.2661.75 Safari/537.36 QQBrowser/4.1.4132.400"
119.139.198.125 - - [07/Mar/2017:14:28:42 +0800] "GET /_static/js/modernizr.min.js HTTP/1.1" 200 15414 "http://www.ansible.com.cn/" "Mozilla/5.0 (Macintosh; Intel Mac OS X 10_12_2) AppleWebKit/537.36 (KHTML, like Gecko) Chrome/50.0.2661.75 Safari/537.36 QQBrowser/4.1.4132.400"
119.139.198.125 - - [07/Mar/2017:14:28:42 +0800] "GET /_static/jquery.js HTTP/1.1" 200 95786 "http://www.ansible.com.cn/" "Mozilla/5.0 (Macintosh; Intel Mac OS X 10_12_2) AppleWebKit/537.36 (KHTML, like Gecko) Chrome/50.0.2661.75 Safari/537.36 QQBrowser/4.1.4132.400"
119.139.198.125 - - [07/Mar/2017:14:28:42 +0800] "GET /_static/fonts/fontawesome-webfont.woff?v=4.2.0 HTTP/1.1" 200 44432 "http://www.ansible.com.cn/_static/css/theme.css" "Mozilla/5.0 (Macintosh; Intel Mac OS X 10_12_2) AppleWebKit/537.36 (KHTML, like Gecko) Chrome/50.0.2661.75 Safari/537.36 QQBrowser/4.1.4132.400"
119.139.198.125 - - [07/Mar/2017:14:28:42 +0800] "GET /_static/fonts/RobotoSlab-Bold.ttf HTTP/1.1" 200 36596 "http://www.ansible.com.cn/_static/css/theme.css" "Mozilla/5.0 (Macintosh; Intel Mac OS X 10_12_2) AppleWebKit/537.36 (KHTML, like Gecko) Chrome/50.0.2661.75 Safari/537.36 QQBrowser/4.1.4132.400"
119.139.198.125 - - [07/Mar/2017:14:28:42 +0800] "GET /_static/fonts/Lato-Regular.ttf HTTP/1.1" 200 81980 "http://www.ansible.com.cn/_static/css/theme.css" "Mozilla/5.0 (Macintosh; Intel Mac OS X 10_12_2) AppleWebKit/537.36 (KHTML, like Gecko) Chrome/50.0.2661.75 Safari/537.36 QQBrowser/4.1.4132.400"
119.139.198.125 - - [07/Mar/2017:14:28:42 +0800] "GET /_static/fonts/Lato-Bold.ttf HTTP/1.1" 200 82368 "http://www.ansible.com.cn/_static/css/theme.css" "Mozilla/5.0 (Macintosh; Intel Mac OS X 10_12_2) AppleWebKit/537.36 (KHTML, like Gecko) Chrome/50.0.2661.75 Safari/537.36 QQBrowser/4.1.4132.400"
119.139.198.125 - - [07/Mar/2017:14:28:43 +0800] "GET /favicon.ico HTTP/1.1" 200 2504 "http://www.ansible.com.cn/" "Mozilla/5.0 (Macintosh; Intel Mac OS X 10_12_2) AppleWebKit/537.36 (KHTML, like Gecko) Chrome/50.0.2661.75 Safari/537.36 QQBrowser/4.1.4132.400"
103.30.233.241 - - [07/Mar/2017:14:28:44 +0800] "GET / HTTP/1.1" 200 18885 "https://www.google.com.hk/" "Mozilla/5.0 (Windows NT 10.0; Win64; x64) AppleWebKit/537.36 (KHTML, like Gecko) Chrome/56.0.2924.87 Safari/537.36"
119.139.198.125 - - [07/Mar/2017:14:28:46 +0800] "GET /docs/intro_getting_started.html HTTP/1.1" 200 14927 "http://www.ansible.com.cn/" "Mozilla/5.0 (Macintosh; Intel Mac OS X 10_12_2) AppleWebKit/537.36 (KHTML, like Gecko) Chrome/50.0.2661.75 Safari/537.36 QQBrowser/4.1.4132.400"
119.139.198.125 - - [07/Mar/2017:14:28:46 +0800] "GET /docs/_static/js/modernizr.min.js HTTP/1.1" 200 15414 "http://www.ansible.com.cn/docs/intro_getting_started.html" "Mozilla/5.0 (Macintosh; Intel Mac OS X 10_12_2) AppleWebKit/537.36 (KHTML, like Gecko) Chrome/50.0.2661.75 Safari/537.36 QQBrowser/4.1.4132.400"
103.30.233.241 - - [07/Mar/2017:14:28:48 +0800] "GET / HTTP/1.1" 200 18885 "https://www.google.com.hk/" "Mozilla/5.0 (Windows NT 10.0; Win64; x64) AppleWebKit/537.36 (KHTML, like Gecko) Chrome/56.0.2924.87 Safari/537.36"
103.30.233.241 - - [07/Mar/2017:14:28:50 +0800] "GET /_static/css/theme.css HTTP/1.1" 200 22148 "http://www.ansible.com.cn/" "Mozilla/5.0 (Windows NT 10.0; Win64; x64) AppleWebKit/537.36 (KHTML, like Gecko) Chrome/56.0.2924.87 Safari/537.36"
103.30.233.241 - - [07/Mar/2017:14:28:51 +0800] "GET /_static/underscore.js HTTP/1.1" 200 12140 "http://www.ansible.com.cn/" "Mozilla/5.0 (Windows NT 10.0; Win64; x64) AppleWebKit/537.36 (KHTML, like Gecko) Chrome/56.0.2924.87 Safari/537.36"
103.30.233.241 - - [07/Mar/2017:14:28:51 +0800] "GET /_static/js/theme.js HTTP/1.1" 200 4280 "http://www.ansible.com.cn/" "Mozilla/5.0 (Windows NT 10.0; Win64; x64) AppleWebKit/537.36 (KHTML, like Gecko) Chrome/56.0.2924.87 Safari/537.36"
103.30.233.241 - - [07/Mar/2017:14:28:51 +0800] "GET /_static/js/modernizr.min.js HTTP/1.1" 200 15414 "http://www.ansible.com.cn/" "Mozilla/5.0 (Windows NT 10.0; Win64; x64) AppleWebKit/537.36 (KHTML, like Gecko) Chrome/56.0.2924.87 Safari/537.36"
103.30.233.241 - - [07/Mar/2017:14:28:52 +0800] "GET /_static/doctools.js HTTP/1.1" 200 7377 "http://www.ansible.com.cn/" "Mozilla/5.0 (Windows NT 10.0; Win64; x64) AppleWebKit/537.36 (KHTML, like Gecko) Chrome/56.0.2924.87 Safari/537.36"
103.30.233.241 - - [07/Mar/2017:14:28:54 +0800] "GET /_static/jquery.js HTTP/1.1" 200 95786 "http://www.ansible.com.cn/" "Mozilla/5.0 (Windows NT 10.0; Win64; x64) AppleWebKit/537.36 (KHTML, like Gecko) Chrome/56.0.2924.87 Safari/537.36"
103.30.233.241 - - [07/Mar/2017:14:29:00 +0800] "GET /_static/fonts/fontawesome-webfont.woff?v=4.2.0 HTTP/1.1" 200 44432 "http://www.ansible.com.cn/_static/css/theme.css" "Mozilla/5.0 (Windows NT 10.0; Win64; x64) AppleWebKit/537.36 (KHTML, like Gecko) Chrome/56.0.2924.87 Safari/537.36"
114.80.215.216 - - [07/Mar/2017:14:29:00 +0800] "GET /docs/intro_getting_started.html HTTP/1.1" 200 14927 "http://www.ansible.com.cn/docs/intro_inventory.html" "Mozilla/5.0 (Windows NT 10.0; WOW64) AppleWebKit/537.36 (KHTML, like Gecko) Chrome/50.0.2661.102 Safari/537.36"
103.30.233.241 - - [07/Mar/2017:14:29:12 +0800] "GET /_static/fonts/Lato-Regular.ttf HTTP/1.1" 200 81980 "http://www.ansible.com.cn/_static/css/theme.css" "Mozilla/5.0 (Windows NT 10.0; Win64; x64) AppleWebKit/537.36 (KHTML, like Gecko) Chrome/56.0.2924.87 Safari/537.36"
135.245.48.72 - - [07/Mar/2017:14:29:15 +0800] "GET /index.html HTTP/1.1" 200 18885 "-" "Mozilla/5.0 (Windows NT 6.1; WOW64) AppleWebKit/537.36 (KHTML, like Gecko) Chrome/56.0.2924.87 Safari/537.36"
135.245.48.72 - - [07/Mar/2017:14:29:15 +0800] "GET /_static/js/modernizr.min.js HTTP/1.1" 304 0 "http://www.ansible.com.cn/index.html" "Mozilla/5.0 (Windows NT 6.1; WOW64) AppleWebKit/537.36 (KHTML, like Gecko) Chrome/56.0.2924.87 Safari/537.36"
135.245.48.72 - - [07/Mar/2017:14:29:15 +0800] "GET /_static/css/theme.css HTTP/1.1" 304 0 "http://www.ansible.com.cn/index.html" "Mozilla/5.0 (Windows NT 6.1; WOW64) AppleWebKit/537.36 (KHTML, like Gecko) Chrome/56.0.2924.87 Safari/537.36"
135.245.48.72 - - [07/Mar/2017:14:29:16 +0800] "GET /_static/doctools.js HTTP/1.1" 304 0 "http://www.ansible.com.cn/index.html" "Mozilla/5.0 (Windows NT 6.1; WOW64) AppleWebKit/537.36 (KHTML, like Gecko) Chrome/56.0.2924.87 Safari/537.36"
135.245.48.72 - - [07/Mar/2017:14:29:16 +0800] "GET /_static/js/theme.js HTTP/1.1" 304 0 "http://www.ansible.com.cn/index.html" "Mozilla/5.0 (Windows NT 6.1; WOW64) AppleWebKit/537.36 (KHTML, like Gecko) Chrome/56.0.2924.87 Safari/537.36"
135.245.48.72 - - [07/Mar/2017:14:29:16 +0800] "GET /_static/underscore.js HTTP/1.1" 304 0 "http://www.ansible.com.cn/index.html" "Mozilla/5.0 (Windows NT 6.1; WOW64) AppleWebKit/537.36 (KHTML, like Gecko) Chrome/56.0.2924.87 Safari/537.36"
135.245.48.72 - - [07/Mar/2017:14:29:17 +0800] "GET /_static/fonts/Lato-Regular.ttf HTTP/1.1" 304 0 "http://www.ansible.com.cn/_static/css/theme.css" "Mozilla/5.0 (Windows NT 6.1; WOW64) AppleWebKit/537.36 (KHTML, like Gecko) Chrome/56.0.2924.87 Safari/537.36"
135.245.48.72 - - [07/Mar/2017:14:29:17 +0800] "GET /_static/jquery.js HTTP/1.1" 200 95786 "http://www.ansible.com.cn/index.html" "Mozilla/5.0 (Windows NT 6.1; WOW64) AppleWebKit/537.36 (KHTML, like Gecko) Chrome/56.0.2924.87 Safari/537.36"
135.245.48.72 - - [07/Mar/2017:14:29:19 +0800] "GET /_static/fonts/fontawesome-webfont.woff?v=4.2.0 HTTP/1.1" 200 44432 "http://www.ansible.com.cn/_static/css/theme.css" "Mozilla/5.0 (Windows NT 6.1; WOW64) AppleWebKit/537.36 (KHTML, like Gecko) Chrome/56.0.2924.87 Safari/537.36"
135.245.48.72 - - [07/Mar/2017:14:29:19 +0800] "GET /_static/fonts/Lato-Bold.ttf HTTP/1.1" 304 0 "http://www.ansible.com.cn/_static/css/theme.css" "Mozilla/5.0 (Windows NT 6.1; WOW64) AppleWebKit/537.36 (KHTML, like Gecko) Chrome/56.0.2924.87 Safari/537.36"
135.245.48.72 - - [07/Mar/2017:14:29:19 +0800] "GET /_static/fonts/RobotoSlab-Bold.ttf HTTP/1.1" 304 0 "http://www.ansible.com.cn/_static/css/theme.css" "Mozilla/5.0 (Windows NT 6.1; WOW64) AppleWebKit/537.36 (KHTML, like Gecko) Chrome/56.0.2924.87 Safari/537.36"
135.245.48.72 - - [07/Mar/2017:14:29:20 +0800] "GET /favicon.ico HTTP/1.1" 304 0 "http://www.ansible.com.cn/index.html" "Mozilla/5.0 (Windows NT 6.1; WOW64) AppleWebKit/537.36 (KHTML, like Gecko) Chrome/56.0.2924.87 Safari/537.36"
119.139.198.125 - - [07/Mar/2017:14:29:24 +0800] "GET /_static/fonts/RobotoSlab-Regular.ttf HTTP/1.1" 200 36276 "http://www.ansible.com.cn/_static/css/theme.css" "Mozilla/5.0 (Macintosh; Intel Mac OS X 10_12_2) AppleWebKit/537.36 (KHTML, like Gecko) Chrome/50.0.2661.75 Safari/537.36 QQBrowser/4.1.4132.400"
103.30.233.241 - - [07/Mar/2017:14:29:32 +0800] "GET /_static/fonts/RobotoSlab-Bold.ttf HTTP/1.1" 200 36596 "http://www.ansible.com.cn/_static/css/theme.css" "Mozilla/5.0 (Windows NT 10.0; Win64; x64) AppleWebKit/537.36 (KHTML, like Gecko) Chrome/56.0.2924.87 Safari/537.36"
135.245.48.72 - - [07/Mar/2017:14:29:36 +0800] "GET /_static/fonts/RobotoSlab-Regular.ttf HTTP/1.1" 304 0 "http://www.ansible.com.cn/_static/css/theme.css" "Mozilla/5.0 (Windows NT 6.1; WOW64) AppleWebKit/537.36 (KHTML, like Gecko) Chrome/56.0.2924.87 Safari/537.36"
135.245.48.72 - - [07/Mar/2017:14:29:43 +0800] "GET /search.html?q=shell&check_keywords=yes&area=default HTTP/1.1" 200 10945 "http://www.ansible.com.cn/index.html" "Mozilla/5.0 (Windows NT 6.1; WOW64) AppleWebKit/537.36 (KHTML, like Gecko) Chrome/56.0.2924.87 Safari/537.36"
135.245.48.72 - - [07/Mar/2017:14:29:44 +0800] "GET /_static/searchtools.js HTTP/1.1" 200 17880 "http://www.ansible.com.cn/search.html?q=shell&check_keywords=yes&area=default" "Mozilla/5.0 (Windows NT 6.1; WOW64) AppleWebKit/537.36 (KHTML, like Gecko) Chrome/56.0.2924.87 Safari/537.36"
135.245.48.72 - - [07/Mar/2017:14:29:48 +0800] "GET /docs/playbooks.html HTTP/1.1" 200 13937 "http://www.ansible.com.cn/search.html?q=shell&check_keywords=yes&area=default" "Mozilla/5.0 (Windows NT 6.1; WOW64) AppleWebKit/537.36 (KHTML, like Gecko) Chrome/56.0.2924.87 Safari/537.36"
135.245.48.72 - - [07/Mar/2017:14:29:49 +0800] "GET /searchindex.js HTTP/1.1" 206 1 "http://www.ansible.com.cn/search.html?q=shell&check_keywords=yes&area=default" "Mozilla/5.0 (Windows NT 6.1; WOW64) AppleWebKit/537.36 (KHTML, like Gecko) Chrome/56.0.2924.87 Safari/537.36"
135.245.48.72 - - [07/Mar/2017:14:29:49 +0800] "GET /docs/_static/js/modernizr.min.js HTTP/1.1" 304 0 "http://www.ansible.com.cn/docs/playbooks.html" "Mozilla/5.0 (Windows NT 6.1; WOW64) AppleWebKit/537.36 (KHTML, like Gecko) Chrome/56.0.2924.87 Safari/537.36"
135.245.48.72 - - [07/Mar/2017:14:29:51 +0800] "GET /searchindex.js HTTP/1.1" 206 151688 "http://www.ansible.com.cn/search.html?q=shell&check_keywords=yes&area=default" "Mozilla/5.0 (Windows NT 6.1; WOW64) AppleWebKit/537.36 (KHTML, like Gecko) Chrome/56.0.2924.87 Safari/537.36"
1.119.129.17 - - [07/Mar/2017:14:29:55 +0800] "GET /docs/test_strategies.html HTTP/1.1" 200 16040 "https://www.google.com.hk/" "Mozilla/5.0 (Windows NT 6.1; Win64; x64) AppleWebKit/537.36 (KHTML, like Gecko) Chrome/56.0.2924.87 Safari/537.36"
1.119.129.17 - - [07/Mar/2017:14:29:55 +0800] "GET /docs/_static/js/modernizr.min.js HTTP/1.1" 200 15414 "http://www.ansible.com.cn/docs/test_strategies.html" "Mozilla/5.0 (Windows NT 6.1; Win64; x64) AppleWebKit/537.36 (KHTML, like Gecko) Chrome/56.0.2924.87 Safari/537.36"
1.119.129.17 - - [07/Mar/2017:14:29:55 +0800] "GET /_static/css/theme.css HTTP/1.1" 200 22148 "http://www.ansible.com.cn/docs/test_strategies.html" "Mozilla/5.0 (Windows NT 6.1; Win64; x64) AppleWebKit/537.36 (KHTML, like Gecko) Chrome/56.0.2924.87 Safari/537.36"
