140.207.160.162 - - [07/Mar/2017:13:53:41 +0800] "GET /_static/js/theme.js HTTP/1.1" 200 4280 "http://www.ansible.com.cn/" "Mozilla/5.0 (Windows NT 10.0; Win64; x64) AppleWebKit/537.36 (KHTML, like Gecko) Chrome/51.0.2704.79 Safari/537.36 Edge/14.14393"
140.207.160.162 - - [07/Mar/2017:13:53:41 +0800] "GET /_static/jquery.js HTTP/1.1" 200 95786 "http://www.ansible.com.cn/" "Mozilla/5.0 (Windows NT 10.0; Win64; x64) AppleWebKit/537.36 (KHTML, like Gecko) Chrome/51.0.2704.79 Safari/537.36 Edge/14.14393"
140.207.160.162 - - [07/Mar/2017:13:53:42 +0800] "GET /_static/fonts/fontawesome-webfont.woff?v=4.2.0 HTTP/1.1" 200 44432 "http://www.ansible.com.cn/" "Mozilla/5.0 (Windows NT 10.0; Win64; x64) AppleWebKit/537.36 (KHTML, like Gecko) Chrome/51.0.2704.79 Safari/537.36 Edge/14.14393"
140.207.160.162 - - [07/Mar/2017:13:53:42 +0800] "GET /_static/fonts/Lato-Regular.ttf HTTP/1.1" 200 81980 "http://www.ansible.com.cn/" "Mozilla/5.0 (Windows NT 10.0; Win64; x64) AppleWebKit/537.36 (KHTML, like Gecko) Chrome/51.0.2704.79 Safari/537.36 Edge/14.14393"
140.207.160.162 - - [07/Mar/2017:13:53:42 +0800] "GET /_static/fonts/Lato-Bold.ttf HTTP/1.1" 200 82368 "http://www.ansible.com.cn/" "Mozilla/5.0 (Windows NT 10.0; Win64; x64) AppleWebKit/537.36 (KHTML, like Gecko) Chrome/51.0.2704.79 Safari/537.36 Edge/14.14393"
140.207.160.162 - - [07/Mar/2017:13:53:42 +0800] "GET /_static/fonts/RobotoSlab-Regular.ttf HTTP/1.1" 200 36276 "http://www.ansible.com.cn/" "Mozilla/5.0 (Windows NT 10.0; Win64; x64) AppleWebKit/537.36 (KHTML, like Gecko) Chrome/51.0.2704.79 Safari/537.36 Edge/14.14393"
140.207.160.162 - - [07/Mar/2017:13:53:43 +0800] "GET /_static/fonts/RobotoSlab-Bold.ttf HTTP/1.1" 200 36596 "http://www.ansible.com.cn/" "Mozilla/5.0 (Windows NT 10.0; Win64; x64) AppleWebKit/537.36 (KHTML, like Gecko) Chrome/51.0.2704.79 Safari/537.36 Edge/14.14393"
58.213.72.214 - - [07/Mar/2017:13:53:43 +0800] "GET /_static/fonts/Lato-Bold.ttf HTTP/1.1" 200 82368 "http://www.ansible.com.cn/_static/css/theme.css" "Mozilla/5.0 (X11; Ubuntu; Linux x86_64; rv:44.0) Gecko/20100101 Firefox/44.0"
58.213.72.214 - - [07/Mar/2017:13:53:43 +0800] "GET /favicon.ico HTTP/1.1" 200 2504 "-" "Mozilla/5.0 (X11; Ubuntu; Linux x86_64; rv:44.0) Gecko/20100101 Firefox/44.0"
140.207.160.162 - - [07/Mar/2017:13:53:44 +0800] "GET /favicon.ico HTTP/1.1" 200 2504 "-" "Mozilla/5.0 (Windows NT 10.0; Win64; x64) AppleWebKit/537.36 (KHTML, like Gecko) Chrome/51.0.2704.79 Safari/537.36 Edge/14.14393"
101.95.189.42 - - [07/Mar/2017:13:53:50 +0800] "GET /docs/playbooks_intro.html HTTP/1.1" 200 18148 "http://www.ansible.com.cn/docs/playbooks.html" "Mozilla/5.0 (Windows NT 6.1; WOW64; rv:51.0) Gecko/20100101 Firefox/51.0"
140.207.160.162 - - [07/Mar/2017:13:53:52 +0800] "GET /docs/intro_patterns.html HTTP/1.1" 200 13168 "http://www.ansible.com.cn/" "Mozilla/5.0 (Windows NT 10.0; Win64; x64) AppleWebKit/537.36 (KHTML, like Gecko) Chrome/51.0.2704.79 Safari/537.36 Edge/14.14393"
140.207.160.162 - - [07/Mar/2017:13:53:52 +0800] "GET /docs/_static/js/modernizr.min.js HTTP/1.1" 200 15414 "http://www.ansible.com.cn/docs/intro_patterns.html" "Mozilla/5.0 (Windows NT 10.0; Win64; x64) AppleWebKit/537.36 (KHTML, like Gecko) Chrome/51.0.2704.79 Safari/537.36 Edge/14.14393"
59.46.21.22 - - [07/Mar/2017:13:54:10 +0800] "GET /docs/playbooks_intro.html HTTP/1.1" 200 18148 "http://www.ansible.com.cn/docs/playbooks.html" "Mozilla/5.0 (Windows NT 10.0; WOW64; Trident/7.0; rv:11.0) like Gecko"
119.96.203.87 - - [07/Mar/2017:13:54:12 +0800] "GET /docs/playbooks.html HTTP/1.1" 200 13937 "http://www.ansible.com.cn/docs/intro_configuration.html" "Mozilla/5.0 (Windows NT 10.0; Win64; x64) AppleWebKit/537.36 (KHTML, like Gecko) Chrome/51.0.2704.79 Safari/537.36 Edge/14.14393"
140.207.160.162 - - [07/Mar/2017:13:54:13 +0800] "GET /docs/modules.html HTTP/1.1" 200 11630 "http://www.ansible.com.cn/docs/intro_patterns.html" "Mozilla/5.0 (Windows NT 10.0; Win64; x64) AppleWebKit/537.36 (KHTML, like Gecko) Chrome/51.0.2704.79 Safari/537.36 Edge/14.14393"
119.96.203.87 - - [07/Mar/2017:13:54:15 +0800] "GET /docs/playbooks_roles.html HTTP/1.1" 200 19104 "http://www.ansible.com.cn/docs/playbooks.html" "Mozilla/5.0 (Windows NT 10.0; Win64; x64) AppleWebKit/537.36 (KHTML, like Gecko) Chrome/51.0.2704.79 Safari/537.36 Edge/14.14393"
120.41.71.7 - - [07/Mar/2017:13:54:22 +0800] "GET / HTTP/1.1" 200 18885 "https://www.baidu.com/link?url=W0bP4HCqzmYMfbXfKdwgHUW-4YZKtxW06FSYgOgiH84DIsTvFF_xLhw4jIweQSmW&wd=&eqid=e02a83cb002a29590000000658be4af3" "Mozilla/5.0 (Macintosh; Intel Mac OS X 10_10_5) AppleWebKit/537.36 (KHTML, like Gecko) Chrome/56.0.2924.87 Safari/537.36"
120.41.71.7 - - [07/Mar/2017:13:54:22 +0800] "GET /_static/css/theme.css HTTP/1.1" 200 22148 "http://www.ansible.com.cn/" "Mozilla/5.0 (Macintosh; Intel Mac OS X 10_10_5) AppleWebKit/537.36 (KHTML, like Gecko) Chrome/56.0.2924.87 Safari/537.36"
120.41.71.7 - - [07/Mar/2017:13:54:22 +0800] "GET /_static/js/modernizr.min.js HTTP/1.1" 200 15414 "http://www.ansible.com.cn/" "Mozilla/5.0 (Macintosh; Intel Mac OS X 10_10_5) AppleWebKit/537.36 (KHTML, like Gecko) Chrome/56.0.2924.87 Safari/537.36"
120.41.71.7 - - [07/Mar/2017:13:54:22 +0800] "GET /_static/js/theme.js HTTP/1.1" 200 4280 "http://www.ansible.com.cn/" "Mozilla/5.0 (Macintosh; Intel Mac OS X 10_10_5) AppleWebKit/537.36 (KHTML, like Gecko) Chrome/56.0.2924.87 Safari/537.36"
120.41.71.7 - - [07/Mar/2017:13:54:22 +0800] "GET /_static/underscore.js HTTP/1.1" 200 12140 "http://www.ansible.com.cn/" "Mozilla/5.0 (Macintosh; Intel Mac OS X 10_10_5) AppleWebKit/537.36 (KHTML, like Gecko) Chrome/56.0.2924.87 Safari/537.36"
120.41.71.7 - - [07/Mar/2017:13:54:22 +0800] "GET /_static/doctools.js HTTP/1.1" 200 7377 "http://www.ansible.com.cn/" "Mozilla/5.0 (Macintosh; Intel Mac OS X 10_10_5) AppleWebKit/537.36 (KHTML, like Gecko) Chrome/56.0.2924.87 Safari/537.36"
120.41.71.7 - - [07/Mar/2017:13:54:22 +0800] "GET /_static/jquery.js HTTP/1.1" 200 95786 "http://www.ansible.com.cn/" "Mozilla/5.0 (Macintosh; Intel Mac OS X 10_10_5) AppleWebKit/537.36 (KHTML, like Gecko) Chrome/56.0.2924.87 Safari/537.36"
120.41.71.7 - - [07/Mar/2017:13:54:22 +0800] "GET /_static/fonts/Lato-Regular.ttf HTTP/1.1" 200 81980 "http://www.ansible.com.cn/_static/css/theme.css" "Mozilla/5.0 (Macintosh; Intel Mac OS X 10_10_5) AppleWebKit/537.36 (KHTML, like Gecko) Chrome/56.0.2924.87 Safari/537.36"
120.41.71.7 - - [07/Mar/2017:13:54:22 +0800] "GET /_static/fonts/fontawesome-webfont.woff?v=4.2.0 HTTP/1.1" 200 44432 "http://www.ansible.com.cn/_static/css/theme.css" "Mozilla/5.0 (Macintosh; Intel Mac OS X 10_10_5) AppleWebKit/537.36 (KHTML, like Gecko) Chrome/56.0.2924.87 Safari/537.36"
120.41.71.7 - - [07/Mar/2017:13:54:22 +0800] "GET /_static/fonts/RobotoSlab-Bold.ttf HTTP/1.1" 200 36596 "http://www.ansible.com.cn/_static/css/theme.css" "Mozilla/5.0 (Macintosh; Intel Mac OS X 10_10_5) AppleWebKit/537.36 (KHTML, like Gecko) Chrome/56.0.2924.87 Safari/537.36"
120.41.71.7 - - [07/Mar/2017:13:54:22 +0800] "GET /_static/fonts/Lato-Bold.ttf HTTP/1.1" 200 82368 "http://www.ansible.com.cn/_static/css/theme.css" "Mozilla/5.0 (Macintosh; Intel Mac OS X 10_10_5) AppleWebKit/537.36 (KHTML, like Gecko) Chrome/56.0.2924.87 Safari/537.36"
120.41.71.7 - - [07/Mar/2017:13:54:23 +0800] "GET /favicon.ico HTTP/1.1" 200 2504 "http://www.ansible.com.cn/" "Mozilla/5.0 (Macintosh; Intel Mac OS X 10_10_5) AppleWebKit/537.36 (KHTML, like Gecko) Chrome/56.0.2924.87 Safari/537.36"
140.207.160.162 - - [07/Mar/2017:13:54:24 +0800] "GET /docs/modules_core.html HTTP/1.1" 200 11734 "http://www.ansible.com.cn/docs/modules.html" "Mozilla/5.0 (Windows NT 10.0; Win64; x64) AppleWebKit/537.36 (KHTML, like Gecko) Chrome/51.0.2704.79 Safari/537.36 Edge/14.14393"
182.48.103.203 - - [07/Mar/2017:13:54:25 +0800] "GET /docs/intro_patterns.html HTTP/1.1" 200 13168 "http://www.ansible.com.cn/docs/intro_dynamic_inventory.html" "Mozilla/5.0 (Macintosh; Intel Mac OS X 10_12_1) AppleWebKit/537.36 (KHTML, like Gecko) Chrome/56.0.2924.87 Safari/537.36"
140.207.160.162 - - [07/Mar/2017:13:54:39 +0800] "GET /docs/tower.html HTTP/1.1" 200 11622 "http://www.ansible.com.cn/docs/modules.html" "Mozilla/5.0 (Windows NT 10.0; Win64; x64) AppleWebKit/537.36 (KHTML, like Gecko) Chrome/51.0.2704.79 Safari/537.36 Edge/14.14393"
140.207.160.162 - - [07/Mar/2017:13:54:59 +0800] "GET /docs/community.html HTTP/1.1" 200 19101 "http://www.ansible.com.cn/docs/tower.html" "Mozilla/5.0 (Windows NT 10.0; Win64; x64) AppleWebKit/537.36 (KHTML, like Gecko) Chrome/51.0.2704.79 Safari/537.36 Edge/14.14393"
112.64.141.50 - - [07/Mar/2017:13:55:00 +0800] "GET /_static/css/theme.css HTTP/1.1" 304 0 "http://www.ansible.com.cn/docs/playbooks_delegation.html" "Mozilla/5.0 (X11; Ubuntu; Linux x86_64; rv:51.0) Gecko/20100101 Firefox/51.0"
112.64.141.50 - - [07/Mar/2017:13:55:00 +0800] "GET /docs/_static/js/modernizr.min.js HTTP/1.1" 304 0 "http://www.ansible.com.cn/docs/playbooks_delegation.html" "Mozilla/5.0 (X11; Ubuntu; Linux x86_64; rv:51.0) Gecko/20100101 Firefox/51.0"
112.64.141.50 - - [07/Mar/2017:13:55:00 +0800] "GET /_static/jquery.js HTTP/1.1" 304 0 "http://www.ansible.com.cn/docs/playbooks_delegation.html" "Mozilla/5.0 (X11; Ubuntu; Linux x86_64; rv:51.0) Gecko/20100101 Firefox/51.0"
112.64.141.50 - - [07/Mar/2017:13:55:00 +0800] "GET /_static/underscore.js HTTP/1.1" 304 0 "http://www.ansible.com.cn/docs/playbooks_delegation.html" "Mozilla/5.0 (X11; Ubuntu; Linux x86_64; rv:51.0) Gecko/20100101 Firefox/51.0"
112.64.141.50 - - [07/Mar/2017:13:55:00 +0800] "GET /_static/js/theme.js HTTP/1.1" 304 0 "http://www.ansible.com.cn/docs/playbooks_delegation.html" "Mozilla/5.0 (X11; Ubuntu; Linux x86_64; rv:51.0) Gecko/20100101 Firefox/51.0"
112.64.141.50 - - [07/Mar/2017:13:55:00 +0800] "GET /_static/doctools.js HTTP/1.1" 304 0 "http://www.ansible.com.cn/docs/playbooks_delegation.html" "Mozilla/5.0 (X11; Ubuntu; Linux x86_64; rv:51.0) Gecko/20100101 Firefox/51.0"
112.64.141.50 - - [07/Mar/2017:13:55:00 +0800] "GET /docs/playbooks_environment.html HTTP/1.1" 200 11990 "http://www.ansible.com.cn/docs/playbooks_delegation.html" "Mozilla/5.0 (X11; Ubuntu; Linux x86_64; rv:51.0) Gecko/20100101 Firefox/51.0"
106.120.101.62 - - [07/Mar/2017:13:55:14 +0800] "GET /favicon.ico HTTP/1.1" 200 2504 "-" "Mozilla/5.0 (Windows NT 6.1; WOW64) AppleWebKit/537.36 (KHTML, like Gecko) Chrome/53.0.2785.104 Safari/537.36 Core/1.53.2372.400 QQBrowser/9.5.10548.400"
140.207.160.162 - - [07/Mar/2017:13:55:19 +0800] "GET /docs/modules_extra.html HTTP/1.1" 200 11959 "http://www.ansible.com.cn/docs/modules.html" "Mozilla/5.0 (Windows NT 10.0; Win64; x64) AppleWebKit/537.36 (KHTML, like Gecko) Chrome/51.0.2704.79 Safari/537.36 Edge/14.14393"
140.207.160.162 - - [07/Mar/2017:13:55:26 +0800] "GET /docs/guides.html HTTP/1.1" 200 11350 "http://www.ansible.com.cn/docs/modules_core.html" "Mozilla/5.0 (Windows NT 10.0; Win64; x64) AppleWebKit/537.36 (KHTML, like Gecko) Chrome/51.0.2704.79 Safari/537.36 Edge/14.14393"
103.10.84.199 - - [07/Mar/2017:13:55:43 +0800] "GET /docs/intro_installation.html HTTP/1.1" 200 16913 "http://www.ansible.com.cn/" "Mozilla/5.0 (X11; Ubuntu; Linux x86_64; rv:44.0) Gecko/20100101 Firefox/44.0"
140.207.160.162 - - [07/Mar/2017:13:55:44 +0800] "GET /docs/developing.html HTTP/1.1" 200 11378 "http://www.ansible.com.cn/docs/guides.html" "Mozilla/5.0 (Windows NT 10.0; Win64; x64) AppleWebKit/537.36 (KHTML, like Gecko) Chrome/51.0.2704.79 Safari/537.36 Edge/14.14393"
103.10.84.199 - - [07/Mar/2017:13:55:47 +0800] "GET /docs/_static/js/modernizr.min.js HTTP/1.1" 200 15414 "http://www.ansible.com.cn/docs/intro_installation.html" "Mozilla/5.0 (X11; Ubuntu; Linux x86_64; rv:44.0) Gecko/20100101 Firefox/44.0"
103.10.84.199 - - [07/Mar/2017:13:55:50 +0800] "GET /docs/intro_getting_started.html HTTP/1.1" 200 14927 "http://www.ansible.com.cn/docs/intro_installation.html" "Mozilla/5.0 (X11; Ubuntu; Linux x86_64; rv:44.0) Gecko/20100101 Firefox/44.0"
58.132.203.220 - - [07/Mar/2017:13:56:04 +0800] "GET /docs/ HTTP/1.1" 200 12067 "-" "Mozilla/5.0 (Windows NT 10.0; Win64; x64) AppleWebKit/537.36 (KHTML, like Gecko) Chrome/56.0.2924.87 Safari/537.36"
58.132.203.220 - - [07/Mar/2017:13:56:04 +0800] "GET /_static/css/theme.css HTTP/1.1" 200 22148 "http://www.ansible.com.cn/docs/" "Mozilla/5.0 (Windows NT 10.0; Win64; x64) AppleWebKit/537.36 (KHTML, like Gecko) Chrome/56.0.2924.87 Safari/537.36"
58.132.203.220 - - [07/Mar/2017:13:56:04 +0800] "GET /_static/underscore.js HTTP/1.1" 200 12140 "http://www.ansible.com.cn/docs/" "Mozilla/5.0 (Windows NT 10.0; Win64; x64) AppleWebKit/537.36 (KHTML, like Gecko) Chrome/56.0.2924.87 Safari/537.36"
58.132.203.220 - - [07/Mar/2017:13:56:05 +0800] "GET /_static/doctools.js HTTP/1.1" 200 7377 "http://www.ansible.com.cn/docs/" "Mozilla/5.0 (Windows NT 10.0; Win64; x64) AppleWebKit/537.36 (KHTML, like Gecko) Chrome/56.0.2924.87 Safari/537.36"
58.132.203.220 - - [07/Mar/2017:13:56:05 +0800] "GET /_static/js/theme.js HTTP/1.1" 200 4280 "http://www.ansible.com.cn/docs/" "Mozilla/5.0 (Windows NT 10.0; Win64; x64) AppleWebKit/537.36 (KHTML, like Gecko) Chrome/56.0.2924.87 Safari/537.36"
58.132.203.220 - - [07/Mar/2017:13:56:05 +0800] "GET /docs/_static/js/modernizr.min.js HTTP/1.1" 200 15414 "http://www.ansible.com.cn/docs/" "Mozilla/5.0 (Windows NT 10.0; Win64; x64) AppleWebKit/537.36 (KHTML, like Gecko) Chrome/56.0.2924.87 Safari/537.36"
58.132.203.220 - - [07/Mar/2017:13:56:05 +0800] "GET /_static/fonts/RobotoSlab-Bold.ttf HTTP/1.1" 200 36596 "http://www.ansible.com.cn/_static/css/theme.css" "Mozilla/5.0 (Windows NT 10.0; Win64; x64) AppleWebKit/537.36 (KHTML, like Gecko) Chrome/56.0.2924.87 Safari/537.36"
58.132.203.220 - - [07/Mar/2017:13:56:05 +0800] "GET /_static/fonts/Lato-Bold.ttf HTTP/1.1" 200 82368 "http://www.ansible.com.cn/_static/css/theme.css" "Mozilla/5.0 (Windows NT 10.0; Win64; x64) AppleWebKit/537.36 (KHTML, like Gecko) Chrome/56.0.2924.87 Safari/537.36"
58.132.203.220 - - [07/Mar/2017:13:56:05 +0800] "GET /_static/fonts/Lato-Regular.ttf HTTP/1.1" 200 81980 "http://www.ansible.com.cn/_static/css/theme.css" "Mozilla/5.0 (Windows NT 10.0; Win64; x64) AppleWebKit/537.36 (KHTML, like Gecko) Chrome/56.0.2924.87 Safari/537.36"
58.132.203.220 - - [07/Mar/2017:13:56:05 +0800] "GET /_static/jquery.js HTTP/1.1" 200 95786 "http://www.ansible.com.cn/docs/" "Mozilla/5.0 (Windows NT 10.0; Win64; x64) AppleWebKit/537.36 (KHTML, like Gecko) Chrome/56.0.2924.87 Safari/537.36"
140.207.160.162 - - [07/Mar/2017:13:56:05 +0800] "GET /docs/test_strategies.html HTTP/1.1" 200 16040 "http://www.ansible.com.cn/docs/community.html" "Mozilla/5.0 (Windows NT 10.0; Win64; x64) AppleWebKit/537.36 (KHTML, like Gecko) Chrome/51.0.2704.79 Safari/537.36 Edge/14.14393"
58.132.203.220 - - [07/Mar/2017:13:56:05 +0800] "GET /_static/fonts/fontawesome-webfont.woff?v=4.2.0 HTTP/1.1" 200 44432 "http://www.ansible.com.cn/_static/css/theme.css" "Mozilla/5.0 (Windows NT 10.0; Win64; x64) AppleWebKit/537.36 (KHTML, like Gecko) Chrome/56.0.2924.87 Safari/537.36"
58.132.203.220 - - [07/Mar/2017:13:56:06 +0800] "GET /favicon.ico HTTP/1.1" 200 2504 "http://www.ansible.com.cn/docs/" "Mozilla/5.0 (Windows NT 10.0; Win64; x64) AppleWebKit/537.36 (KHTML, like Gecko) Chrome/56.0.2924.87 Safari/537.36"
112.80.60.5 - - [07/Mar/2017:13:56:08 +0800] "GET /index.html HTTP/1.1" 200 18885 "http://www.ansible.com.cn/docs/intro.html" "Mozilla/5.0 (Windows NT 6.1; WOW64) AppleWebKit/537.36 (KHTML, like Gecko) Chrome/56.0.2924.87 Safari/537.36"
58.132.203.220 - - [07/Mar/2017:13:56:09 +0800] "GET /docs/intro_installation.html HTTP/1.1" 200 16913 "http://www.ansible.com.cn/docs/" "Mozilla/5.0 (Windows NT 10.0; Win64; x64) AppleWebKit/537.36 (KHTML, like Gecko) Chrome/56.0.2924.87 Safari/537.36"
58.132.203.220 - - [07/Mar/2017:13:56:11 +0800] "GET /_static/fonts/RobotoSlab-Regular.ttf HTTP/1.1" 200 36276 "http://www.ansible.com.cn/_static/css/theme.css" "Mozilla/5.0 (Windows NT 10.0; Win64; x64) AppleWebKit/537.36 (KHTML, like Gecko) Chrome/56.0.2924.87 Safari/537.36"
116.231.175.12 - - [07/Mar/2017:13:56:34 +0800] "GET /docs/intro_configuration.html HTTP/1.1" 200 23657 "http://www.ansible.com.cn/docs/intro_adhoc.html" "Mozilla/5.0 (Windows NT 6.1; WOW64; Trident/7.0; rv:11.0) like Gecko"
58.132.203.220 - - [07/Mar/2017:13:56:48 +0800] "GET /docs/intro_getting_started.html HTTP/1.1" 200 14927 "http://www.ansible.com.cn/docs/intro_installation.html" "Mozilla/5.0 (Windows NT 10.0; Win64; x64) AppleWebKit/537.36 (KHTML, like Gecko) Chrome/56.0.2924.87 Safari/537.36"
58.132.203.220 - - [07/Mar/2017:13:56:59 +0800] "GET /docs/quickstart.html HTTP/1.1" 200 11261 "http://www.ansible.com.cn/docs/intro_getting_started.html" "Mozilla/5.0 (Windows NT 10.0; Win64; x64) AppleWebKit/537.36 (KHTML, like Gecko) Chrome/56.0.2924.87 Safari/537.36"
111.202.154.66 - - [07/Mar/2017:13:57:19 +0800] "GET /_static/js/modernizr.min.js HTTP/1.1" 200 15414 "http://www.ansible.com.cn/" "Mozilla/5.0 (Macintosh; Intel Mac OS X 10_12_3) AppleWebKit/602.4.8 (KHTML, like Gecko) Version/10.0.3 Safari/602.4.8"
111.202.154.66 - - [07/Mar/2017:13:57:19 +0800] "GET /_static/css/theme.css HTTP/1.1" 200 22148 "http://www.ansible.com.cn/" "Mozilla/5.0 (Macintosh; Intel Mac OS X 10_12_3) AppleWebKit/602.4.8 (KHTML, like Gecko) Version/10.0.3 Safari/602.4.8"
111.202.154.66 - - [07/Mar/2017:13:57:19 +0800] "GET / HTTP/1.1" 200 18885 "https://www.baidu.com/link?url=LTvww3lXx9vKeiHFIcdRQ5ymEeb8LfVhJVmZU2JgvZ_dfdxOE7_s2vU7yf5BUKGo&wd=&eqid=ec96b9910000a9260000000358be4bbb" "Mozilla/5.0 (Macintosh; Intel Mac OS X 10_12_3) AppleWebKit/602.4.8 (KHTML, like Gecko) Version/10.0.3 Safari/602.4.8"
111.202.154.66 - - [07/Mar/2017:13:57:19 +0800] "GET /_static/fonts/Lato-Regular.ttf HTTP/1.1" 200 81980 "http://www.ansible.com.cn/" "Mozilla/5.0 (Macintosh; Intel Mac OS X 10_12_3) AppleWebKit/602.4.8 (KHTML, like Gecko) Version/10.0.3 Safari/602.4.8"
111.202.154.66 - - [07/Mar/2017:13:57:19 +0800] "GET /_static/fonts/Lato-Bold.ttf HTTP/1.1" 200 82368 "http://www.ansible.com.cn/" "Mozilla/5.0 (Macintosh; Intel Mac OS X 10_12_3) AppleWebKit/602.4.8 (KHTML, like Gecko) Version/10.0.3 Safari/602.4.8"
111.202.154.66 - - [07/Mar/2017:13:57:19 +0800] "GET /_static/doctools.js HTTP/1.1" 200 7377 "http://www.ansible.com.cn/" "Mozilla/5.0 (Macintosh; Intel Mac OS X 10_12_3) AppleWebKit/602.4.8 (KHTML, like Gecko) Version/10.0.3 Safari/602.4.8"
111.202.154.66 - - [07/Mar/2017:13:57:19 +0800] "GET /_static/underscore.js HTTP/1.1" 200 12140 "http://www.ansible.com.cn/" "Mozilla/5.0 (Macintosh; Intel Mac OS X 10_12_3) AppleWebKit/602.4.8 (KHTML, like Gecko) Version/10.0.3 Safari/602.4.8"
111.202.154.66 - - [07/Mar/2017:13:57:19 +0800] "GET /_static/js/theme.js HTTP/1.1" 200 4280 "http://www.ansible.com.cn/" "Mozilla/5.0 (Macintosh; Intel Mac OS X 10_12_3) AppleWebKit/602.4.8 (KHTML, like Gecko) Version/10.0.3 Safari/602.4.8"
111.202.154.66 - - [07/Mar/2017:13:57:19 +0800] "GET /_static/fonts/fontawesome-webfont.woff?v=4.2.0 HTTP/1.1" 200 44432 "http://www.ansible.com.cn/" "Mozilla/5.0 (Macintosh; Intel Mac OS X 10_12_3) AppleWebKit/602.4.8 (KHTML, like Gecko) Version/10.0.3 Safari/602.4.8"
111.202.154.66 - - [07/Mar/2017:13:57:19 +0800] "GET /_static/fonts/RobotoSlab-Bold.ttf HTTP/1.1" 200 36596 "http://www.ansible.com.cn/" "Mozilla/5.0 (Macintosh; Intel Mac OS X 10_12_3) AppleWebKit/602.4.8 (KHTML, like Gecko) Version/10.0.3 Safari/602.4.8"
111.202.154.66 - - [07/Mar/2017:13:57:19 +0800] "GET /_static/jquery.js HTTP/1.1" 200 95786 "http://www.ansible.com.cn/" "Mozilla/5.0 (Macintosh; Intel Mac OS X 10_12_3) AppleWebKit/602.4.8 (KHTML, like Gecko) Version/10.0.3 Safari/602.4.8"
111.202.154.66 - - [07/Mar/2017:13:57:19 +0800] "GET /_static/fonts/RobotoSlab-Regular.ttf HTTP/1.1" 200 36276 "http://www.ansible.com.cn/" "Mozilla/5.0 (Macintosh; Intel Mac OS X 10_12_3) AppleWebKit/602.4.8 (KHTML, like Gecko) Version/10.0.3 Safari/602.4.8"
111.202.154.66 - - [07/Mar/2017:13:57:19 +0800] "GET /favicon.ico HTTP/1.1" 200 2504 "http://www.ansible.com.cn/" "Mozilla/5.0 (Macintosh; Intel Mac OS X 10_12_3) AppleWebKit/602.4.8 (KHTML, like Gecko) Version/10.0.3 Safari/602.4.8"
113.250.234.112 - - [07/Mar/2017:13:57:20 +0800] "GET /_static/doctools.js HTTP/1.1" 304 0 "http://www.ansible.com.cn/docs/galaxy.html" "Mozilla/5.0 (Windows NT 10.0; Win64; x64) AppleWebKit/537.36 (KHTML, like Gecko) Chrome/56.0.2924.87 Safari/537.36"
113.250.234.112 - - [07/Mar/2017:13:57:20 +0800] "GET /_static/underscore.js HTTP/1.1" 304 0 "http://www.ansible.com.cn/docs/galaxy.html" "Mozilla/5.0 (Windows NT 10.0; Win64; x64) AppleWebKit/537.36 (KHTML, like Gecko) Chrome/56.0.2924.87 Safari/537.36"
113.250.234.112 - - [07/Mar/2017:13:57:20 +0800] "GET /docs/_static/js/modernizr.min.js HTTP/1.1" 304 0 "http://www.ansible.com.cn/docs/galaxy.html" "Mozilla/5.0 (Windows NT 10.0; Win64; x64) AppleWebKit/537.36 (KHTML, like Gecko) Chrome/56.0.2924.87 Safari/537.36"
113.250.234.112 - - [07/Mar/2017:13:57:20 +0800] "GET /_static/jquery.js HTTP/1.1" 304 0 "http://www.ansible.com.cn/docs/galaxy.html" "Mozilla/5.0 (Windows NT 10.0; Win64; x64) AppleWebKit/537.36 (KHTML, like Gecko) Chrome/56.0.2924.87 Safari/537.36"
113.250.234.112 - - [07/Mar/2017:13:57:20 +0800] "GET /_static/css/theme.css HTTP/1.1" 304 0 "http://www.ansible.com.cn/docs/galaxy.html" "Mozilla/5.0 (Windows NT 10.0; Win64; x64) AppleWebKit/537.36 (KHTML, like Gecko) Chrome/56.0.2924.87 Safari/537.36"
113.250.234.112 - - [07/Mar/2017:13:57:20 +0800] "GET /_static/js/theme.js HTTP/1.1" 304 0 "http://www.ansible.com.cn/docs/galaxy.html" "Mozilla/5.0 (Windows NT 10.0; Win64; x64) AppleWebKit/537.36 (KHTML, like Gecko) Chrome/56.0.2924.87 Safari/537.36"
111.202.154.66 - - [07/Mar/2017:13:57:38 +0800] "GET /docs/modules_core.html HTTP/1.1" 200 11734 "http://www.ansible.com.cn/" "Mozilla/5.0 (Macintosh; Intel Mac OS X 10_12_3) AppleWebKit/602.4.8 (KHTML, like Gecko) Version/10.0.3 Safari/602.4.8"
111.202.154.66 - - [07/Mar/2017:13:57:38 +0800] "GET /docs/_static/js/modernizr.min.js HTTP/1.1" 200 15414 "http://www.ansible.com.cn/docs/modules_core.html" "Mozilla/5.0 (Macintosh; Intel Mac OS X 10_12_3) AppleWebKit/602.4.8 (KHTML, like Gecko) Version/10.0.3 Safari/602.4.8"
116.231.175.12 - - [07/Mar/2017:13:57:46 +0800] "GET /docs/playbooks.html HTTP/1.1" 200 13937 "http://www.ansible.com.cn/docs/intro_configuration.html" "Mozilla/5.0 (Windows NT 6.1; WOW64; Trident/7.0; rv:11.0) like Gecko"
111.202.154.66 - - [07/Mar/2017:13:57:46 +0800] "GET /docs/guide_vagrant.html HTTP/1.1" 200 13286 "http://www.ansible.com.cn/docs/modules_core.html" "Mozilla/5.0 (Macintosh; Intel Mac OS X 10_12_3) AppleWebKit/602.4.8 (KHTML, like Gecko) Version/10.0.3 Safari/602.4.8"
116.231.175.12 - - [07/Mar/2017:13:57:50 +0800] "GET /docs/playbooks_intro.html HTTP/1.1" 200 18148 "http://www.ansible.com.cn/docs/playbooks.html" "Mozilla/5.0 (Windows NT 6.1; WOW64; Trident/7.0; rv:11.0) like Gecko"
111.202.154.66 - - [07/Mar/2017:13:58:00 +0800] "GET /docs/playbooks.html HTTP/1.1" 200 13937 "http://www.ansible.com.cn/docs/guide_vagrant.html" "Mozilla/5.0 (Macintosh; Intel Mac OS X 10_12_3) AppleWebKit/602.4.8 (KHTML, like Gecko) Version/10.0.3 Safari/602.4.8"
140.207.160.162 - - [07/Mar/2017:13:58:01 +0800] "GET /docs/guide_rolling_upgrade.html HTTP/1.1" 200 17764 "http://www.ansible.com.cn/docs/guides.html" "Mozilla/5.0 (Windows NT 10.0; Win64; x64) AppleWebKit/537.36 (KHTML, like Gecko) Chrome/51.0.2704.79 Safari/537.36 Edge/14.14393"
111.202.154.66 - - [07/Mar/2017:13:58:08 +0800] "GET /docs/playbooks_variables.html HTTP/1.1" 200 26968 "http://www.ansible.com.cn/docs/playbooks.html" "Mozilla/5.0 (Macintosh; Intel Mac OS X 10_12_3) AppleWebKit/602.4.8 (KHTML, like Gecko) Version/10.0.3 Safari/602.4.8"
140.207.160.162 - - [07/Mar/2017:13:58:10 +0800] "GET /docs/developing_api.html HTTP/1.1" 200 13168 "http://www.ansible.com.cn/docs/developing.html" "Mozilla/5.0 (Windows NT 10.0; Win64; x64) AppleWebKit/537.36 (KHTML, like Gecko) Chrome/51.0.2704.79 Safari/537.36 Edge/14.14393"
182.48.103.203 - - [07/Mar/2017:13:58:46 +0800] "GET / HTTP/1.1" 200 18885 "-" "Mozilla/5.0 (Macintosh; Intel Mac OS X 10_12_1) AppleWebKit/537.36 (KHTML, like Gecko) Chrome/56.0.2924.87 Safari/537.36"
182.48.103.203 - - [07/Mar/2017:13:58:46 +0800] "GET /_static/css/theme.css HTTP/1.1" 200 22148 "http://ansible.com.cn/" "Mozilla/5.0 (Macintosh; Intel Mac OS X 10_12_1) AppleWebKit/537.36 (KHTML, like Gecko) Chrome/56.0.2924.87 Safari/537.36"
182.48.103.203 - - [07/Mar/2017:13:58:46 +0800] "GET /_static/js/modernizr.min.js HTTP/1.1" 200 15414 "http://ansible.com.cn/" "Mozilla/5.0 (Macintosh; Intel Mac OS X 10_12_1) AppleWebKit/537.36 (KHTML, like Gecko) Chrome/56.0.2924.87 Safari/537.36"
182.48.103.203 - - [07/Mar/2017:13:58:47 +0800] "GET /_static/fonts/Lato-Regular.ttf HTTP/1.1" 200 81980 "http://ansible.com.cn/_static/css/theme.css" "Mozilla/5.0 (Macintosh; Intel Mac OS X 10_12_1) AppleWebKit/537.36 (KHTML, like Gecko) Chrome/56.0.2924.87 Safari/537.36"
182.48.103.203 - - [07/Mar/2017:13:58:47 +0800] "GET /_static/underscore.js HTTP/1.1" 200 12140 "http://ansible.com.cn/" "Mozilla/5.0 (Macintosh; Intel Mac OS X 10_12_1) AppleWebKit/537.36 (KHTML, like Gecko) Chrome/56.0.2924.87 Safari/537.36"
182.48.103.203 - - [07/Mar/2017:13:58:47 +0800] "GET /_static/js/theme.js HTTP/1.1" 200 4280 "http://ansible.com.cn/" "Mozilla/5.0 (Macintosh; Intel Mac OS X 10_12_1) AppleWebKit/537.36 (KHTML, like Gecko) Chrome/56.0.2924.87 Safari/537.36"
182.48.103.203 - - [07/Mar/2017:13:58:47 +0800] "GET /_static/doctools.js HTTP/1.1" 200 7377 "http://ansible.com.cn/" "Mozilla/5.0 (Macintosh; Intel Mac OS X 10_12_1) AppleWebKit/537.36 (KHTML, like Gecko) Chrome/56.0.2924.87 Safari/537.36"
182.48.103.203 - - [07/Mar/2017:13:58:47 +0800] "GET /_static/fonts/fontawesome-webfont.woff?v=4.2.0 HTTP/1.1" 200 44432 "http://ansible.com.cn/_static/css/theme.css" "Mozilla/5.0 (Macintosh; Intel Mac OS X 10_12_1) AppleWebKit/537.36 (KHTML, like Gecko) Chrome/56.0.2924.87 Safari/537.36"
182.48.103.203 - - [07/Mar/2017:13:58:47 +0800] "GET /_static/jquery.js HTTP/1.1" 200 95786 "http://ansible.com.cn/" "Mozilla/5.0 (Macintosh; Intel Mac OS X 10_12_1) AppleWebKit/537.36 (KHTML, like Gecko) Chrome/56.0.2924.87 Safari/537.36"
182.48.103.203 - - [07/Mar/2017:13:58:47 +0800] "GET /_static/fonts/Lato-Bold.ttf HTTP/1.1" 200 82368 "http://ansible.com.cn/_static/css/theme.css" "Mozilla/5.0 (Macintosh; Intel Mac OS X 10_12_1) AppleWebKit/537.36 (KHTML, like Gecko) Chrome/56.0.2924.87 Safari/537.36"
182.48.103.203 - - [07/Mar/2017:13:58:47 +0800] "GET /_static/fonts/RobotoSlab-Bold.ttf HTTP/1.1" 200 36596 "http://ansible.com.cn/_static/css/theme.css" "Mozilla/5.0 (Macintosh; Intel Mac OS X 10_12_1) AppleWebKit/537.36 (KHTML, like Gecko) Chrome/56.0.2924.87 Safari/537.36"
182.48.103.203 - - [07/Mar/2017:13:58:48 +0800] "GET /favicon.ico HTTP/1.1" 200 2504 "http://ansible.com.cn/" "Mozilla/5.0 (Macintosh; Intel Mac OS X 10_12_1) AppleWebKit/537.36 (KHTML, like Gecko) Chrome/56.0.2924.87 Safari/537.36"
182.48.103.203 - - [07/Mar/2017:13:59:11 +0800] "GET /docs/quickstart.html HTTP/1.1" 200 11261 "http://ansible.com.cn/" "Mozilla/5.0 (Macintosh; Intel Mac OS X 10_12_1) AppleWebKit/537.36 (KHTML, like Gecko) Chrome/56.0.2924.87 Safari/537.36"
182.48.103.203 - - [07/Mar/2017:13:59:11 +0800] "GET /docs/_static/js/modernizr.min.js HTTP/1.1" 200 15414 "http://ansible.com.cn/docs/quickstart.html" "Mozilla/5.0 (Macintosh; Intel Mac OS X 10_12_1) AppleWebKit/537.36 (KHTML, like Gecko) Chrome/56.0.2924.87 Safari/537.36"
106.120.217.164 - - [07/Mar/2017:13:59:26 +0800] "GET /docs/intro_inventory.html HTTP/1.1" 200 66597 "http://www.ansible.com.cn/docs/intro_getting_started.html" "Mozilla/5.0 (Windows NT 6.1; WOW64; rv:51.0) Gecko/20100101 Firefox/51.0"
106.120.217.164 - - [07/Mar/2017:13:59:26 +0800] "GET /_static/fonts/fontawesome-webfont.woff?v=4.2.0 HTTP/1.1" 200 44432 "http://www.ansible.com.cn/_static/css/theme.css" "Mozilla/5.0 (Windows NT 6.1; WOW64; rv:51.0) Gecko/20100101 Firefox/51.0"
101.230.12.115 - - [07/Mar/2017:14:00:13 +0800] "GET /docs/playbooks_conditionals.html HTTP/1.1" 200 16053 "-" "Mozilla/5.0 (Macintosh; Intel Mac OS X 10_12_3) AppleWebKit/602.4.8 (KHTML, like Gecko)"
101.230.12.115 - - [07/Mar/2017:14:00:13 +0800] "GET /apple-touch-icon-precomposed.png HTTP/1.1" 404 149 "-" "Safari/12602.4.8 CFNetwork/807.2.14 Darwin/16.4.0 (x86_64)"
101.230.12.115 - - [07/Mar/2017:14:00:13 +0800] "GET /apple-touch-icon.png HTTP/1.1" 404 149 "-" "Safari/12602.4.8 CFNetwork/807.2.14 Darwin/16.4.0 (x86_64)"
101.230.12.115 - - [07/Mar/2017:14:00:13 +0800] "GET /favicon.ico HTTP/1.1" 200 2504 "-" "Safari/12602.4.8 CFNetwork/807.2.14 Darwin/16.4.0 (x86_64)"
101.230.12.115 - - [07/Mar/2017:14:00:13 +0800] "GET /apple-touch-icon-precomposed.png HTTP/1.1" 404 149 "-" "Safari/12602.4.8 CFNetwork/807.2.14 Darwin/16.4.0 (x86_64)"
101.230.12.115 - - [07/Mar/2017:14:00:13 +0800] "GET /apple-touch-icon.png HTTP/1.1" 404 149 "-" "Safari/12602.4.8 CFNetwork/807.2.14 Darwin/16.4.0 (x86_64)"
210.82.92.194 - - [07/Mar/2017:14:00:30 +0800] "GET /docs/faq.html HTTP/1.1" 200 16654 "http://www.ansible.com.cn/" "Mozilla/5.0 (Windows NT 6.1; WOW64) AppleWebKit/537.36 (KHTML, like Gecko) Chrome/49.0.2623.22 Safari/537.36 SE 2.X MetaSr 1.0"
210.82.92.194 - - [07/Mar/2017:14:00:30 +0800] "GET /docs/_static/js/modernizr.min.js HTTP/1.1" 200 15414 "http://www.ansible.com.cn/docs/faq.html" "Mozilla/5.0 (Windows NT 6.1; WOW64) AppleWebKit/537.36 (KHTML, like Gecko) Chrome/49.0.2623.22 Safari/537.36 SE 2.X MetaSr 1.0"
120.41.71.7 - - [07/Mar/2017:14:00:51 +0800] "GET /docs/intro_installation.html HTTP/1.1" 200 16913 "http://www.ansible.com.cn/" "Mozilla/5.0 (Macintosh; Intel Mac OS X 10_10_5) AppleWebKit/537.36 (KHTML, like Gecko) Chrome/56.0.2924.87 Safari/537.36"
120.41.71.7 - - [07/Mar/2017:14:00:51 +0800] "GET /docs/_static/js/modernizr.min.js HTTP/1.1" 200 15414 "http://www.ansible.com.cn/docs/intro_installation.html" "Mozilla/5.0 (Macintosh; Intel Mac OS X 10_10_5) AppleWebKit/537.36 (KHTML, like Gecko) Chrome/56.0.2924.87 Safari/537.36"
120.41.71.7 - - [07/Mar/2017:14:00:55 +0800] "GET /_static/fonts/RobotoSlab-Regular.ttf HTTP/1.1" 200 36276 "http://www.ansible.com.cn/_static/css/theme.css" "Mozilla/5.0 (Macintosh; Intel Mac OS X 10_10_5) AppleWebKit/537.36 (KHTML, like Gecko) Chrome/56.0.2924.87 Safari/537.36"
171.113.252.113 - - [07/Mar/2017:14:01:30 +0800] "GET / HTTP/1.1" 200 18885 "https://www.baidu.com/link?url=P4EBgc6pREttTijxoGyhp9gVWpLr02kDDKMea0tiWiD_DkkU230kvQyUCETgSJTl&wd=&eqid=aabe6c5f00462ab80000000258be4cb0" "Mozilla/5.0 (Windows NT 6.1; Win64; x64) AppleWebKit/537.36 (KHTML, like Gecko) Chrome/56.0.2924.87 Safari/537.36"
171.113.252.113 - - [07/Mar/2017:14:01:30 +0800] "GET /_static/css/theme.css HTTP/1.1" 200 22148 "http://www.ansible.com.cn/" "Mozilla/5.0 (Windows NT 6.1; Win64; x64) AppleWebKit/537.36 (KHTML, like Gecko) Chrome/56.0.2924.87 Safari/537.36"
171.113.252.113 - - [07/Mar/2017:14:01:30 +0800] "GET /_static/js/modernizr.min.js HTTP/1.1" 200 15414 "http://www.ansible.com.cn/" "Mozilla/5.0 (Windows NT 6.1; Win64; x64) AppleWebKit/537.36 (KHTML, like Gecko) Chrome/56.0.2924.87 Safari/537.36"
171.113.252.113 - - [07/Mar/2017:14:01:30 +0800] "GET /_static/underscore.js HTTP/1.1" 200 12140 "http://www.ansible.com.cn/" "Mozilla/5.0 (Windows NT 6.1; Win64; x64) AppleWebKit/537.36 (KHTML, like Gecko) Chrome/56.0.2924.87 Safari/537.36"
171.113.252.113 - - [07/Mar/2017:14:01:30 +0800] "GET /_static/doctools.js HTTP/1.1" 200 7377 "http://www.ansible.com.cn/" "Mozilla/5.0 (Windows NT 6.1; Win64; x64) AppleWebKit/537.36 (KHTML, like Gecko) Chrome/56.0.2924.87 Safari/537.36"
171.113.252.113 - - [07/Mar/2017:14:01:30 +0800] "GET /_static/js/theme.js HTTP/1.1" 200 4280 "http://www.ansible.com.cn/" "Mozilla/5.0 (Windows NT 6.1; Win64; x64) AppleWebKit/537.36 (KHTML, like Gecko) Chrome/56.0.2924.87 Safari/537.36"
171.113.252.113 - - [07/Mar/2017:14:01:30 +0800] "GET /_static/jquery.js HTTP/1.1" 200 95786 "http://www.ansible.com.cn/" "Mozilla/5.0 (Windows NT 6.1; Win64; x64) AppleWebKit/537.36 (KHTML, like Gecko) Chrome/56.0.2924.87 Safari/537.36"
171.113.252.113 - - [07/Mar/2017:14:01:30 +0800] "GET /_static/fonts/Lato-Regular.ttf HTTP/1.1" 200 81980 "http://www.ansible.com.cn/_static/css/theme.css" "Mozilla/5.0 (Windows NT 6.1; Win64; x64) AppleWebKit/537.36 (KHTML, like Gecko) Chrome/56.0.2924.87 Safari/537.36"
171.113.252.113 - - [07/Mar/2017:14:01:30 +0800] "GET /_static/fonts/fontawesome-webfont.woff?v=4.2.0 HTTP/1.1" 200 44432 "http://www.ansible.com.cn/_static/css/theme.css" "Mozilla/5.0 (Windows NT 6.1; Win64; x64) AppleWebKit/537.36 (KHTML, like Gecko) Chrome/56.0.2924.87 Safari/537.36"
171.113.252.113 - - [07/Mar/2017:14:01:30 +0800] "GET /_static/fonts/RobotoSlab-Bold.ttf HTTP/1.1" 200 36596 "http://www.ansible.com.cn/_static/css/theme.css" "Mozilla/5.0 (Windows NT 6.1; Win64; x64) AppleWebKit/537.36 (KHTML, like Gecko) Chrome/56.0.2924.87 Safari/537.36"
171.113.252.113 - - [07/Mar/2017:14:01:30 +0800] "GET /_static/fonts/Lato-Bold.ttf HTTP/1.1" 200 82368 "http://www.ansible.com.cn/_static/css/theme.css" "Mozilla/5.0 (Windows NT 6.1; Win64; x64) AppleWebKit/537.36 (KHTML, like Gecko) Chrome/56.0.2924.87 Safari/537.36"
171.113.252.113 - - [07/Mar/2017:14:01:30 +0800] "GET /favicon.ico HTTP/1.1" 200 2504 "http://www.ansible.com.cn/" "Mozilla/5.0 (Windows NT 6.1; Win64; x64) AppleWebKit/537.36 (KHTML, like Gecko) Chrome/56.0.2924.87 Safari/537.36"
171.113.252.113 - - [07/Mar/2017:14:01:40 +0800] "GET /docs/developing.html HTTP/1.1" 200 11378 "http://www.ansible.com.cn/" "Mozilla/5.0 (Windows NT 6.1; Win64; x64) AppleWebKit/537.36 (KHTML, like Gecko) Chrome/56.0.2924.87 Safari/537.36"
171.113.252.113 - - [07/Mar/2017:14:01:40 +0800] "GET /docs/_static/js/modernizr.min.js HTTP/1.1" 200 15414 "http://www.ansible.com.cn/docs/developing.html" "Mozilla/5.0 (Windows NT 6.1; Win64; x64) AppleWebKit/537.36 (KHTML, like Gecko) Chrome/56.0.2924.87 Safari/537.36"
171.113.252.113 - - [07/Mar/2017:14:01:46 +0800] "GET /docs/developing_api.html HTTP/1.1" 200 13168 "http://www.ansible.com.cn/docs/developing.html" "Mozilla/5.0 (Windows NT 6.1; Win64; x64) AppleWebKit/537.36 (KHTML, like Gecko) Chrome/56.0.2924.87 Safari/537.36"
203.208.60.214 - - [07/Mar/2017:14:02:03 +0800] "GET / HTTP/1.1" 200 18885 "-" "Mozilla/5.0 (Linux; Android 6.0.1; Nexus 5X Build/MMB29P) AppleWebKit/537.36 (KHTML, like Gecko) Chrome/41.0.2272.96 Mobile Safari/537.36 (compatible; Googlebot/2.1; +http://www.google.com/bot.html)"
180.166.53.21 - - [07/Mar/2017:14:02:05 +0800] "GET /_static/css/theme.css HTTP/1.1" 304 0 "http://www.ansible.com.cn/docs/playbooks_intro.html" "Mozilla/5.0 (Windows NT 6.1; Win64; x64) AppleWebKit/537.36 (KHTML, like Gecko) Chrome/55.0.2883.87 Safari/537.36"
180.166.53.21 - - [07/Mar/2017:14:02:05 +0800] "GET /_static/jquery.js HTTP/1.1" 304 0 "http://www.ansible.com.cn/docs/playbooks_intro.html" "Mozilla/5.0 (Windows NT 6.1; Win64; x64) AppleWebKit/537.36 (KHTML, like Gecko) Chrome/55.0.2883.87 Safari/537.36"
180.166.53.21 - - [07/Mar/2017:14:02:05 +0800] "GET /_static/underscore.js HTTP/1.1" 304 0 "http://www.ansible.com.cn/docs/playbooks_intro.html" "Mozilla/5.0 (Windows NT 6.1; Win64; x64) AppleWebKit/537.36 (KHTML, like Gecko) Chrome/55.0.2883.87 Safari/537.36"
180.166.53.21 - - [07/Mar/2017:14:02:05 +0800] "GET /_static/doctools.js HTTP/1.1" 304 0 "http://www.ansible.com.cn/docs/playbooks_intro.html" "Mozilla/5.0 (Windows NT 6.1; Win64; x64) AppleWebKit/537.36 (KHTML, like Gecko) Chrome/55.0.2883.87 Safari/537.36"
180.166.53.21 - - [07/Mar/2017:14:02:05 +0800] "GET /_static/js/theme.js HTTP/1.1" 304 0 "http://www.ansible.com.cn/docs/playbooks_intro.html" "Mozilla/5.0 (Windows NT 6.1; Win64; x64) AppleWebKit/537.36 (KHTML, like Gecko) Chrome/55.0.2883.87 Safari/537.36"
180.166.53.21 - - [07/Mar/2017:14:02:10 +0800] "GET /docs/_static/js/modernizr.min.js HTTP/1.1" 304 0 "http://www.ansible.com.cn/docs/playbooks_intro.html" "Mozilla/5.0 (Windows NT 6.1; Win64; x64) AppleWebKit/537.36 (KHTML, like Gecko) Chrome/55.0.2883.87 Safari/537.36"
171.113.252.113 - - [07/Mar/2017:14:02:18 +0800] "GET /docs/glossary.html HTTP/1.1" 200 20624 "http://www.ansible.com.cn/docs/developing_api.html" "Mozilla/5.0 (Windows NT 6.1; Win64; x64) AppleWebKit/537.36 (KHTML, like Gecko) Chrome/56.0.2924.87 Safari/537.36"
171.113.252.113 - - [07/Mar/2017:14:02:20 +0800] "GET /_static/fonts/RobotoSlab-Regular.ttf HTTP/1.1" 200 36276 "http://www.ansible.com.cn/_static/css/theme.css" "Mozilla/5.0 (Windows NT 6.1; Win64; x64) AppleWebKit/537.36 (KHTML, like Gecko) Chrome/56.0.2924.87 Safari/537.36"
202.101.0.2 - - [07/Mar/2017:14:02:46 +0800] "GET /_static/css/theme.css HTTP/1.1" 304 0 "http://www.ansible.com.cn/" "Mozilla/5.0 (Windows NT 10.0; WOW64; rv:45.0) Gecko/20100101 Firefox/45.0"
202.101.0.2 - - [07/Mar/2017:14:02:46 +0800] "GET /_static/js/modernizr.min.js HTTP/1.1" 304 0 "http://www.ansible.com.cn/" "Mozilla/5.0 (Windows NT 10.0; WOW64; rv:45.0) Gecko/20100101 Firefox/45.0"
202.101.0.2 - - [07/Mar/2017:14:02:46 +0800] "GET /_static/doctools.js HTTP/1.1" 304 0 "http://www.ansible.com.cn/" "Mozilla/5.0 (Windows NT 10.0; WOW64; rv:45.0) Gecko/20100101 Firefox/45.0"
202.101.0.2 - - [07/Mar/2017:14:02:46 +0800] "GET /_static/underscore.js HTTP/1.1" 304 0 "http://www.ansible.com.cn/" "Mozilla/5.0 (Windows NT 10.0; WOW64; rv:45.0) Gecko/20100101 Firefox/45.0"
202.101.0.2 - - [07/Mar/2017:14:02:46 +0800] "GET /_static/jquery.js HTTP/1.1" 304 0 "http://www.ansible.com.cn/" "Mozilla/5.0 (Windows NT 10.0; WOW64; rv:45.0) Gecko/20100101 Firefox/45.0"
202.101.0.2 - - [07/Mar/2017:14:02:46 +0800] "GET /_static/js/theme.js HTTP/1.1" 304 0 "http://www.ansible.com.cn/" "Mozilla/5.0 (Windows NT 10.0; WOW64; rv:45.0) Gecko/20100101 Firefox/45.0"
202.101.0.2 - - [07/Mar/2017:14:02:48 +0800] "GET /_static/fonts/RobotoSlab-Regular.ttf HTTP/1.1" 200 36276 "http://www.ansible.com.cn/_static/css/theme.css" "Mozilla/5.0 (Windows NT 10.0; WOW64; rv:45.0) Gecko/20100101 Firefox/45.0"
122.225.229.154 - - [07/Mar/2017:14:03:10 +0800] "GET / HTTP/1.1" 200 18885 "-" "Mozilla/5.0 (Windows NT 6.1; WOW64) AppleWebKit/537.36 (KHTML, like Gecko) Chrome/56.0.2924.87 Safari/537.36"
122.225.229.154 - - [07/Mar/2017:14:03:11 +0800] "GET /_static/css/theme.css HTTP/1.1" 304 0 "http://www.ansible.com.cn/" "Mozilla/5.0 (Windows NT 6.1; WOW64) AppleWebKit/537.36 (KHTML, like Gecko) Chrome/56.0.2924.87 Safari/537.36"
122.225.229.154 - - [07/Mar/2017:14:03:11 +0800] "GET /_static/js/modernizr.min.js HTTP/1.1" 304 0 "http://www.ansible.com.cn/" "Mozilla/5.0 (Windows NT 6.1; WOW64) AppleWebKit/537.36 (KHTML, like Gecko) Chrome/56.0.2924.87 Safari/537.36"
122.225.229.154 - - [07/Mar/2017:14:03:11 +0800] "GET /_static/js/theme.js HTTP/1.1" 304 0 "http://www.ansible.com.cn/" "Mozilla/5.0 (Windows NT 6.1; WOW64) AppleWebKit/537.36 (KHTML, like Gecko) Chrome/56.0.2924.87 Safari/537.36"
122.225.229.154 - - [07/Mar/2017:14:03:11 +0800] "GET /_static/underscore.js HTTP/1.1" 304 0 "http://www.ansible.com.cn/" "Mozilla/5.0 (Windows NT 6.1; WOW64) AppleWebKit/537.36 (KHTML, like Gecko) Chrome/56.0.2924.87 Safari/537.36"
122.225.229.154 - - [07/Mar/2017:14:03:11 +0800] "GET /_static/jquery.js HTTP/1.1" 304 0 "http://www.ansible.com.cn/" "Mozilla/5.0 (Windows NT 6.1; WOW64) AppleWebKit/537.36 (KHTML, like Gecko) Chrome/56.0.2924.87 Safari/537.36"
122.225.229.154 - - [07/Mar/2017:14:03:11 +0800] "GET /_static/doctools.js HTTP/1.1" 304 0 "http://www.ansible.com.cn/" "Mozilla/5.0 (Windows NT 6.1; WOW64) AppleWebKit/537.36 (KHTML, like Gecko) Chrome/56.0.2924.87 Safari/537.36"
122.225.229.154 - - [07/Mar/2017:14:03:12 +0800] "GET /_static/fonts/Lato-Regular.ttf HTTP/1.1" 304 0 "http://www.ansible.com.cn/_static/css/theme.css" "Mozilla/5.0 (Windows NT 6.1; WOW64) AppleWebKit/537.36 (KHTML, like Gecko) Chrome/56.0.2924.87 Safari/537.36"
122.225.229.154 - - [07/Mar/2017:14:03:12 +0800] "GET /_static/fonts/Lato-Bold.ttf HTTP/1.1" 304 0 "http://www.ansible.com.cn/_static/css/theme.css" "Mozilla/5.0 (Windows NT 6.1; WOW64) AppleWebKit/537.36 (KHTML, like Gecko) Chrome/56.0.2924.87 Safari/537.36"
122.225.229.154 - - [07/Mar/2017:14:03:12 +0800] "GET /_static/fonts/fontawesome-webfont.woff?v=4.2.0 HTTP/1.1" 200 44432 "http://www.ansible.com.cn/_static/css/theme.css" "Mozilla/5.0 (Windows NT 6.1; WOW64) AppleWebKit/537.36 (KHTML, like Gecko) Chrome/56.0.2924.87 Safari/537.36"
122.225.229.154 - - [07/Mar/2017:14:03:12 +0800] "GET /_static/fonts/RobotoSlab-Bold.ttf HTTP/1.1" 304 0 "http://www.ansible.com.cn/_static/css/theme.css" "Mozilla/5.0 (Windows NT 6.1; WOW64) AppleWebKit/537.36 (KHTML, like Gecko) Chrome/56.0.2924.87 Safari/537.36"
122.225.229.154 - - [07/Mar/2017:14:03:14 +0800] "GET /favicon.ico HTTP/1.1" 304 0 "http://www.ansible.com.cn/" "Mozilla/5.0 (Windows NT 6.1; WOW64) AppleWebKit/537.36 (KHTML, like Gecko) Chrome/56.0.2924.87 Safari/537.36"
27.115.113.34 - - [07/Mar/2017:14:03:27 +0800] "GET / HTTP/1.1" 200 18885 "https://www.baidu.com/link?url=4OpF8KkxAXCnDdUTTL3To_LeB1J4UaF_SiLiFF8mwFxeQKp9FQa5EPHAun-nm7i6&wd=&eqid=cacfc9d3005344390000000258be4d27" "Mozilla/5.0 (Windows NT 6.3; WOW64; rv:50.0) Gecko/20100101 Firefox/50.0"
27.115.113.34 - - [07/Mar/2017:14:03:27 +0800] "GET /_static/css/theme.css HTTP/1.1" 200 22148 "http://www.ansible.com.cn/" "Mozilla/5.0 (Windows NT 6.3; WOW64; rv:50.0) Gecko/20100101 Firefox/50.0"
27.115.113.34 - - [07/Mar/2017:14:03:27 +0800] "GET /_static/doctools.js HTTP/1.1" 200 7377 "http://www.ansible.com.cn/" "Mozilla/5.0 (Windows NT 6.3; WOW64; rv:50.0) Gecko/20100101 Firefox/50.0"
27.115.113.34 - - [07/Mar/2017:14:03:27 +0800] "GET /_static/js/modernizr.min.js HTTP/1.1" 200 15414 "http://www.ansible.com.cn/" "Mozilla/5.0 (Windows NT 6.3; WOW64; rv:50.0) Gecko/20100101 Firefox/50.0"
27.115.113.34 - - [07/Mar/2017:14:03:27 +0800] "GET /_static/underscore.js HTTP/1.1" 200 12140 "http://www.ansible.com.cn/" "Mozilla/5.0 (Windows NT 6.3; WOW64; rv:50.0) Gecko/20100101 Firefox/50.0"
27.115.113.34 - - [07/Mar/2017:14:03:27 +0800] "GET /_static/js/theme.js HTTP/1.1" 200 4280 "http://www.ansible.com.cn/" "Mozilla/5.0 (Windows NT 6.3; WOW64; rv:50.0) Gecko/20100101 Firefox/50.0"
27.115.113.34 - - [07/Mar/2017:14:03:27 +0800] "GET /_static/jquery.js HTTP/1.1" 200 95786 "http://www.ansible.com.cn/" "Mozilla/5.0 (Windows NT 6.3; WOW64; rv:50.0) Gecko/20100101 Firefox/50.0"
27.115.113.34 - - [07/Mar/2017:14:03:27 +0800] "GET /_static/fonts/Lato-Regular.ttf HTTP/1.1" 200 81980 "http://www.ansible.com.cn/_static/css/theme.css" "Mozilla/5.0 (Windows NT 6.3; WOW64; rv:50.0) Gecko/20100101 Firefox/50.0"
27.115.113.34 - - [07/Mar/2017:14:03:28 +0800] "GET /_static/fonts/RobotoSlab-Bold.ttf HTTP/1.1" 200 36596 "http://www.ansible.com.cn/_static/css/theme.css" "Mozilla/5.0 (Windows NT 6.3; WOW64; rv:50.0) Gecko/20100101 Firefox/50.0"
27.115.113.34 - - [07/Mar/2017:14:03:28 +0800] "GET /_static/fonts/fontawesome-webfont.woff?v=4.2.0 HTTP/1.1" 200 44432 "http://www.ansible.com.cn/_static/css/theme.css" "Mozilla/5.0 (Windows NT 6.3; WOW64; rv:50.0) Gecko/20100101 Firefox/50.0"
27.115.113.34 - - [07/Mar/2017:14:03:28 +0800] "GET /_static/fonts/Lato-Bold.ttf HTTP/1.1" 200 82368 "http://www.ansible.com.cn/_static/css/theme.css" "Mozilla/5.0 (Windows NT 6.3; WOW64; rv:50.0) Gecko/20100101 Firefox/50.0"
27.115.113.34 - - [07/Mar/2017:14:03:29 +0800] "GET /docs/intro.html HTTP/1.1" 200 11515 "http://www.ansible.com.cn/" "Mozilla/5.0 (Windows NT 6.3; WOW64; rv:50.0) Gecko/20100101 Firefox/50.0"
27.115.113.34 - - [07/Mar/2017:14:03:29 +0800] "GET /favicon.ico HTTP/1.1" 200 2504 "-" "Mozilla/5.0 (Windows NT 6.3; WOW64; rv:50.0) Gecko/20100101 Firefox/50.0"
27.115.113.34 - - [07/Mar/2017:14:03:29 +0800] "GET /_static/fonts/RobotoSlab-Regular.ttf HTTP/1.1" 200 36276 "http://www.ansible.com.cn/_static/css/theme.css" "Mozilla/5.0 (Windows NT 6.3; WOW64; rv:50.0) Gecko/20100101 Firefox/50.0"
221.122.17.3 - - [07/Mar/2017:14:03:52 +0800] "GET /docs/playbooks_intro.html HTTP/1.1" 200 18148 "http://www.ansible.com.cn/docs/playbooks_variables.html" "Mozilla/5.0 (Windows NT 6.1; Win64; x64) AppleWebKit/537.36 (KHTML, like Gecko) Chrome/54.0.2840.99 Safari/537.36"
221.122.17.3 - - [07/Mar/2017:14:03:52 +0800] "GET /_static/css/theme.css HTTP/1.1" 304 0 "http://www.ansible.com.cn/docs/playbooks_intro.html" "Mozilla/5.0 (Windows NT 6.1; Win64; x64) AppleWebKit/537.36 (KHTML, like Gecko) Chrome/54.0.2840.99 Safari/537.36"
221.122.17.3 - - [07/Mar/2017:14:03:52 +0800] "GET /_static/jquery.js HTTP/1.1" 304 0 "http://www.ansible.com.cn/docs/playbooks_intro.html" "Mozilla/5.0 (Windows NT 6.1; Win64; x64) AppleWebKit/537.36 (KHTML, like Gecko) Chrome/54.0.2840.99 Safari/537.36"
221.122.17.3 - - [07/Mar/2017:14:03:52 +0800] "GET /docs/_static/js/modernizr.min.js HTTP/1.1" 304 0 "http://www.ansible.com.cn/docs/playbooks_intro.html" "Mozilla/5.0 (Windows NT 6.1; Win64; x64) AppleWebKit/537.36 (KHTML, like Gecko) Chrome/54.0.2840.99 Safari/537.36"
221.122.17.3 - - [07/Mar/2017:14:03:52 +0800] "GET /_static/underscore.js HTTP/1.1" 304 0 "http://www.ansible.com.cn/docs/playbooks_intro.html" "Mozilla/5.0 (Windows NT 6.1; Win64; x64) AppleWebKit/537.36 (KHTML, like Gecko) Chrome/54.0.2840.99 Safari/537.36"
221.122.17.3 - - [07/Mar/2017:14:03:52 +0800] "GET /_static/doctools.js HTTP/1.1" 304 0 "http://www.ansible.com.cn/docs/playbooks_intro.html" "Mozilla/5.0 (Windows NT 6.1; Win64; x64) AppleWebKit/537.36 (KHTML, like Gecko) Chrome/54.0.2840.99 Safari/537.36"
221.122.17.3 - - [07/Mar/2017:14:03:52 +0800] "GET /_static/js/theme.js HTTP/1.1" 304 0 "http://www.ansible.com.cn/docs/playbooks_intro.html" "Mozilla/5.0 (Windows NT 6.1; Win64; x64) AppleWebKit/537.36 (KHTML, like Gecko) Chrome/54.0.2840.99 Safari/537.36"
203.208.60.244 - - [07/Mar/2017:14:04:13 +0800] "GET / HTTP/1.1" 200 18885 "-" "Mozilla/5.0 (Linux; Android 6.0.1; Nexus 5X Build/MMB29P) AppleWebKit/537.36 (KHTML, like Gecko) Chrome/41.0.2272.96 Mobile Safari/537.36 (compatible; Googlebot/2.1; +http://www.google.com/bot.html)"
113.207.75.130 - - [07/Mar/2017:14:04:19 +0800] "GET /docs/YAMLSyntax.html HTTP/1.1" 200 12835 "http://ansible.com.cn/docs/playbooks_intro.html" "Mozilla/5.0 (Windows NT 6.3; WOW64) AppleWebKit/537.36 (KHTML, like Gecko) Chrome/53.0.2785.116 Safari/537.36"
101.95.189.42 - - [07/Mar/2017:14:04:57 +0800] "GET /docs/playbooks_roles.html HTTP/1.1" 200 19104 "http://www.ansible.com.cn/docs/playbooks_intro.html" "Mozilla/5.0 (Windows NT 6.1; WOW64; rv:51.0) Gecko/20100101 Firefox/51.0"
106.38.0.72 - - [07/Mar/2017:14:05:24 +0800] "GET /_static/css/theme.css HTTP/1.1" 304 0 "http://www.ansible.com.cn/" "Mozilla/5.0 (Windows NT 6.1; WOW64) AppleWebKit/537.36 (KHTML, like Gecko) Chrome/56.0.2924.87 Safari/537.36"
106.38.0.72 - - [07/Mar/2017:14:05:24 +0800] "GET /_static/jquery.js HTTP/1.1" 304 0 "http://www.ansible.com.cn/" "Mozilla/5.0 (Windows NT 6.1; WOW64) AppleWebKit/537.36 (KHTML, like Gecko) Chrome/56.0.2924.87 Safari/537.36"
106.38.0.72 - - [07/Mar/2017:14:05:24 +0800] "GET /_static/js/modernizr.min.js HTTP/1.1" 304 0 "http://www.ansible.com.cn/" "Mozilla/5.0 (Windows NT 6.1; WOW64) AppleWebKit/537.36 (KHTML, like Gecko) Chrome/56.0.2924.87 Safari/537.36"
106.38.0.72 - - [07/Mar/2017:14:05:24 +0800] "GET /_static/doctools.js HTTP/1.1" 304 0 "http://www.ansible.com.cn/" "Mozilla/5.0 (Windows NT 6.1; WOW64) AppleWebKit/537.36 (KHTML, like Gecko) Chrome/56.0.2924.87 Safari/537.36"
106.38.0.72 - - [07/Mar/2017:14:05:24 +0800] "GET /_static/underscore.js HTTP/1.1" 304 0 "http://www.ansible.com.cn/" "Mozilla/5.0 (Windows NT 6.1; WOW64) AppleWebKit/537.36 (KHTML, like Gecko) Chrome/56.0.2924.87 Safari/537.36"
106.38.0.72 - - [07/Mar/2017:14:05:24 +0800] "GET /_static/js/theme.js HTTP/1.1" 304 0 "http://www.ansible.com.cn/" "Mozilla/5.0 (Windows NT 6.1; WOW64) AppleWebKit/537.36 (KHTML, like Gecko) Chrome/56.0.2924.87 Safari/537.36"
106.38.0.72 - - [07/Mar/2017:14:05:31 +0800] "GET /search.html?q=%E8%BF%87%E6%BB%A4&check_keywords=yes&area=default HTTP/1.1" 200 10945 "http://www.ansible.com.cn/" "Mozilla/5.0 (Windows NT 6.1; WOW64) AppleWebKit/537.36 (KHTML, like Gecko) Chrome/56.0.2924.87 Safari/537.36"
106.38.0.72 - - [07/Mar/2017:14:05:31 +0800] "GET /_static/searchtools.js HTTP/1.1" 304 0 "http://www.ansible.com.cn/search.html?q=%E8%BF%87%E6%BB%A4&check_keywords=yes&area=default" "Mozilla/5.0 (Windows NT 6.1; WOW64) AppleWebKit/537.36 (KHTML, like Gecko) Chrome/56.0.2924.87 Safari/537.36"
106.38.0.72 - - [07/Mar/2017:14:05:32 +0800] "GET /searchindex.js HTTP/1.1" 304 0 "http://www.ansible.com.cn/search.html?q=%E8%BF%87%E6%BB%A4&check_keywords=yes&area=default" "Mozilla/5.0 (Windows NT 6.1; WOW64) AppleWebKit/537.36 (KHTML, like Gecko) Chrome/56.0.2924.87 Safari/537.36"
106.38.0.72 - - [07/Mar/2017:14:05:32 +0800] "GET /_sources/docs/glossary.txt HTTP/1.1" 200 8764 "http://www.ansible.com.cn/search.html?q=%E8%BF%87%E6%BB%A4&check_keywords=yes&area=default" "Mozilla/5.0 (Windows NT 6.1; WOW64) AppleWebKit/537.36 (KHTML, like Gecko) Chrome/56.0.2924.87 Safari/537.36"
106.38.0.72 - - [07/Mar/2017:14:05:51 +0800] "GET /docs/_static/js/modernizr.min.js HTTP/1.1" 304 0 "http://www.ansible.com.cn/docs/playbooks_conditionals.html?highlight=%E8%BF%87%E6%BB%A4%E5%99%A8" "Mozilla/5.0 (Windows NT 6.1; WOW64) AppleWebKit/537.36 (KHTML, like Gecko) Chrome/56.0.2924.87 Safari/537.36"
221.122.17.3 - - [07/Mar/2017:14:05:51 +0800] "GET /docs/modules_extra.html HTTP/1.1" 200 11959 "http://www.ansible.com.cn/docs/playbooks_conditionals.html" "Mozilla/5.0 (Windows NT 6.1; Win64; x64) AppleWebKit/537.36 (KHTML, like Gecko) Chrome/54.0.2840.99 Safari/537.36"
153.110.241.228 - - [07/Mar/2017:14:06:08 +0800] "GET /docs/playbooks_variables.html HTTP/1.1" 200 26968 "http://www.ansible.com.cn/docs/playbooks.html" "Mozilla/5.0 (Windows NT 6.1; WOW64; rv:45.0) Gecko/20100101 Firefox/45.0"
