1.119.129.17 - - [07/Mar/2017:14:29:55 +0800] "GET /_static/underscore.js HTTP/1.1" 200 12140 "http://www.ansible.com.cn/docs/test_strategies.html" "Mozilla/5.0 (Windows NT 6.1; Win64; x64) AppleWebKit/537.36 (KHTML, like Gecko) Chrome/56.0.2924.87 Safari/537.36"
1.119.129.17 - - [07/Mar/2017:14:29:55 +0800] "GET /_static/js/theme.js HTTP/1.1" 200 4280 "http://www.ansible.com.cn/docs/test_strategies.html" "Mozilla/5.0 (Windows NT 6.1; Win64; x64) AppleWebKit/537.36 (KHTML, like Gecko) Chrome/56.0.2924.87 Safari/537.36"
1.119.129.17 - - [07/Mar/2017:14:29:55 +0800] "GET /_static/doctools.js HTTP/1.1" 200 7377 "http://www.ansible.com.cn/docs/test_strategies.html" "Mozilla/5.0 (Windows NT 6.1; Win64; x64) AppleWebKit/537.36 (KHTML, like Gecko) Chrome/56.0.2924.87 Safari/537.36"
1.119.129.17 - - [07/Mar/2017:14:29:55 +0800] "GET /_static/jquery.js HTTP/1.1" 200 95786 "http://www.ansible.com.cn/docs/test_strategies.html" "Mozilla/5.0 (Windows NT 6.1; Win64; x64) AppleWebKit/537.36 (KHTML, like Gecko) Chrome/56.0.2924.87 Safari/537.36"
1.119.129.17 - - [07/Mar/2017:14:29:55 +0800] "GET /_static/fonts/Lato-Regular.ttf HTTP/1.1" 200 81980 "http://www.ansible.com.cn/_static/css/theme.css" "Mozilla/5.0 (Windows NT 6.1; Win64; x64) AppleWebKit/537.36 (KHTML, like Gecko) Chrome/56.0.2924.87 Safari/537.36"
1.119.129.17 - - [07/Mar/2017:14:29:55 +0800] "GET /_static/fonts/fontawesome-webfont.woff?v=4.2.0 HTTP/1.1" 200 44432 "http://www.ansible.com.cn/_static/css/theme.css" "Mozilla/5.0 (Windows NT 6.1; Win64; x64) AppleWebKit/537.36 (KHTML, like Gecko) Chrome/56.0.2924.87 Safari/537.36"
1.119.129.17 - - [07/Mar/2017:14:29:56 +0800] "GET /_static/fonts/Lato-Bold.ttf HTTP/1.1" 200 82368 "http://www.ansible.com.cn/_static/css/theme.css" "Mozilla/5.0 (Windows NT 6.1; Win64; x64) AppleWebKit/537.36 (KHTML, like Gecko) Chrome/56.0.2924.87 Safari/537.36"
1.119.129.17 - - [07/Mar/2017:14:29:56 +0800] "GET /_static/fonts/RobotoSlab-Bold.ttf HTTP/1.1" 200 36596 "http://www.ansible.com.cn/_static/css/theme.css" "Mozilla/5.0 (Windows NT 6.1; Win64; x64) AppleWebKit/537.36 (KHTML, like Gecko) Chrome/56.0.2924.87 Safari/537.36"
1.119.129.17 - - [07/Mar/2017:14:29:56 +0800] "GET /favicon.ico HTTP/1.1" 200 2504 "http://www.ansible.com.cn/docs/test_strategies.html" "Mozilla/5.0 (Windows NT 6.1; Win64; x64) AppleWebKit/537.36 (KHTML, like Gecko) Chrome/56.0.2924.87 Safari/537.36"
183.195.251.242 - - [07/Mar/2017:14:29:56 +0800] "GET / HTTP/1.1" 200 18885 "http://cn.bing.com/search?q=Ansible&go=&qs=n&form=QBLH&pq=cit+2013&sc=8-8&sp=-1&sk=&cvid=32adc4f06d3742c5945d14bdb32f76b1" "Mozilla/5.0 (Windows NT 10.0; WOW64) AppleWebKit/537.36 (KHTML, like Gecko) Chrome/56.0.2924.87 Safari/537.36"
183.195.251.242 - - [07/Mar/2017:14:29:56 +0800] "GET /_static/css/theme.css HTTP/1.1" 200 22148 "http://www.ansible.com.cn/" "Mozilla/5.0 (Windows NT 10.0; WOW64) AppleWebKit/537.36 (KHTML, like Gecko) Chrome/56.0.2924.87 Safari/537.36"
183.195.251.242 - - [07/Mar/2017:14:29:56 +0800] "GET /_static/js/modernizr.min.js HTTP/1.1" 200 15414 "http://www.ansible.com.cn/" "Mozilla/5.0 (Windows NT 10.0; WOW64) AppleWebKit/537.36 (KHTML, like Gecko) Chrome/56.0.2924.87 Safari/537.36"
135.245.48.72 - - [07/Mar/2017:14:29:56 +0800] "GET /searchindex.js HTTP/1.1" 200 424686 "http://www.ansible.com.cn/search.html?q=shell&check_keywords=yes&area=default" "Mozilla/5.0 (Windows NT 6.1; WOW64) AppleWebKit/537.36 (KHTML, like Gecko) Chrome/56.0.2924.87 Safari/537.36"
183.195.251.242 - - [07/Mar/2017:14:29:57 +0800] "GET /_static/fonts/Lato-Regular.ttf HTTP/1.1" 200 81980 "http://www.ansible.com.cn/_static/css/theme.css" "Mozilla/5.0 (Windows NT 10.0; WOW64) AppleWebKit/537.36 (KHTML, like Gecko) Chrome/56.0.2924.87 Safari/537.36"
183.195.251.242 - - [07/Mar/2017:14:29:57 +0800] "GET /_static/underscore.js HTTP/1.1" 200 12140 "http://www.ansible.com.cn/" "Mozilla/5.0 (Windows NT 10.0; WOW64) AppleWebKit/537.36 (KHTML, like Gecko) Chrome/56.0.2924.87 Safari/537.36"
183.195.251.242 - - [07/Mar/2017:14:29:57 +0800] "GET /_static/doctools.js HTTP/1.1" 200 7377 "http://www.ansible.com.cn/" "Mozilla/5.0 (Windows NT 10.0; WOW64) AppleWebKit/537.36 (KHTML, like Gecko) Chrome/56.0.2924.87 Safari/537.36"
183.195.251.242 - - [07/Mar/2017:14:29:57 +0800] "GET /_static/js/theme.js HTTP/1.1" 200 4280 "http://www.ansible.com.cn/" "Mozilla/5.0 (Windows NT 10.0; WOW64) AppleWebKit/537.36 (KHTML, like Gecko) Chrome/56.0.2924.87 Safari/537.36"
183.195.251.242 - - [07/Mar/2017:14:29:57 +0800] "GET /_static/jquery.js HTTP/1.1" 200 95786 "http://www.ansible.com.cn/" "Mozilla/5.0 (Windows NT 10.0; WOW64) AppleWebKit/537.36 (KHTML, like Gecko) Chrome/56.0.2924.87 Safari/537.36"
183.195.251.242 - - [07/Mar/2017:14:29:57 +0800] "GET /_static/fonts/RobotoSlab-Bold.ttf HTTP/1.1" 200 36596 "http://www.ansible.com.cn/_static/css/theme.css" "Mozilla/5.0 (Windows NT 10.0; WOW64) AppleWebKit/537.36 (KHTML, like Gecko) Chrome/56.0.2924.87 Safari/537.36"
183.195.251.242 - - [07/Mar/2017:14:29:57 +0800] "GET /_static/fonts/Lato-Bold.ttf HTTP/1.1" 200 82368 "http://www.ansible.com.cn/_static/css/theme.css" "Mozilla/5.0 (Windows NT 10.0; WOW64) AppleWebKit/537.36 (KHTML, like Gecko) Chrome/56.0.2924.87 Safari/537.36"
183.195.251.242 - - [07/Mar/2017:14:29:57 +0800] "GET /_static/fonts/fontawesome-webfont.woff?v=4.2.0 HTTP/1.1" 200 44432 "http://www.ansible.com.cn/_static/css/theme.css" "Mozilla/5.0 (Windows NT 10.0; WOW64) AppleWebKit/537.36 (KHTML, like Gecko) Chrome/56.0.2924.87 Safari/537.36"
183.195.251.242 - - [07/Mar/2017:14:29:57 +0800] "GET /favicon.ico HTTP/1.1" 200 2504 "http://www.ansible.com.cn/" "Mozilla/5.0 (Windows NT 10.0; WOW64) AppleWebKit/537.36 (KHTML, like Gecko) Chrome/56.0.2924.87 Safari/537.36"
1.119.129.17 - - [07/Mar/2017:14:29:58 +0800] "GET /_static/fonts/RobotoSlab-Regular.ttf HTTP/1.1" 200 36276 "http://www.ansible.com.cn/_static/css/theme.css" "Mozilla/5.0 (Windows NT 6.1; Win64; x64) AppleWebKit/537.36 (KHTML, like Gecko) Chrome/56.0.2924.87 Safari/537.36"
135.245.48.72 - - [07/Mar/2017:14:30:03 +0800] "GET /docs/playbooks_intro.html HTTP/1.1" 200 18148 "http://www.ansible.com.cn/docs/playbooks.html" "Mozilla/5.0 (Windows NT 6.1; WOW64) AppleWebKit/537.36 (KHTML, like Gecko) Chrome/56.0.2924.87 Safari/537.36"
103.30.233.241 - - [07/Mar/2017:14:30:13 +0800] "GET /_static/fonts/Lato-Bold.ttf HTTP/1.1" 200 82368 "http://www.ansible.com.cn/_static/css/theme.css" "Mozilla/5.0 (Windows NT 10.0; Win64; x64) AppleWebKit/537.36 (KHTML, like Gecko) Chrome/56.0.2924.87 Safari/537.36"
135.245.48.72 - - [07/Mar/2017:14:30:14 +0800] "GET /docs/playbooks_special_topics.html HTTP/1.1" 200 11474 "http://www.ansible.com.cn/docs/playbooks_intro.html" "Mozilla/5.0 (Windows NT 6.1; WOW64) AppleWebKit/537.36 (KHTML, like Gecko) Chrome/56.0.2924.87 Safari/537.36"
103.30.233.241 - - [07/Mar/2017:14:30:16 +0800] "GET /favicon.ico HTTP/1.1" 200 2504 "http://www.ansible.com.cn/" "Mozilla/5.0 (Windows NT 10.0; Win64; x64) AppleWebKit/537.36 (KHTML, like Gecko) Chrome/56.0.2924.87 Safari/537.36"
135.245.48.72 - - [07/Mar/2017:14:30:24 +0800] "GET /_sources/docs/intro_adhoc.txt HTTP/1.1" 200 5425 "http://www.ansible.com.cn/search.html?q=shell&check_keywords=yes&area=default" "Mozilla/5.0 (Windows NT 6.1; WOW64) AppleWebKit/537.36 (KHTML, like Gecko) Chrome/56.0.2924.87 Safari/537.36"
135.245.48.72 - - [07/Mar/2017:14:30:25 +0800] "GET /_sources/docs/faq.txt HTTP/1.1" 200 5451 "http://www.ansible.com.cn/search.html?q=shell&check_keywords=yes&area=default" "Mozilla/5.0 (Windows NT 6.1; WOW64) AppleWebKit/537.36 (KHTML, like Gecko) Chrome/56.0.2924.87 Safari/537.36"
116.246.26.13 - - [07/Mar/2017:14:30:35 +0800] "GET /docs/playbooks_roles.html HTTP/1.1" 200 19104 "http://www.ansible.com.cn/docs/playbooks_intro.html" "Mozilla/5.0 (Windows NT 6.1; WOW64) AppleWebKit/537.36 (KHTML, like Gecko) Chrome/56.0.2924.87 Safari/537.36"
116.246.26.13 - - [07/Mar/2017:14:30:41 +0800] "GET /docs/playbooks_roles.html HTTP/1.1" 200 19104 "http://www.ansible.com.cn/docs/playbooks_intro.html" "Mozilla/5.0 (Windows NT 6.1; WOW64) AppleWebKit/537.36 (KHTML, like Gecko) Chrome/56.0.2924.87 Safari/537.36"
222.173.26.82 - - [07/Mar/2017:14:30:42 +0800] "GET /docs/YAMLSyntax.html HTTP/1.1" 200 12835 "http://www.ansible.com.cn/docs/playbooks_intro.html" "Mozilla/5.0 (Windows NT 6.3; WOW64) AppleWebKit/537.36 (KHTML, like Gecko) Chrome/31.0.1650.63 Safari/537.36 TheWorld 6"
223.202.12.254 - - [07/Mar/2017:14:30:49 +0800] "GET /docs/playbooks.html HTTP/1.1" 200 13937 "http://www.ansible.com.cn/docs/modules.html" "Mozilla/5.0 (Windows NT 6.1; WOW64; rv:51.0) Gecko/20100101 Firefox/51.0"
223.202.12.254 - - [07/Mar/2017:14:30:54 +0800] "GET /docs/playbooks_special_topics.html HTTP/1.1" 200 11474 "http://www.ansible.com.cn/docs/modules.html" "Mozilla/5.0 (Windows NT 6.1; WOW64; rv:51.0) Gecko/20100101 Firefox/51.0"
223.202.12.254 - - [07/Mar/2017:14:30:59 +0800] "GET /_static/css/theme.css HTTP/1.1" 200 22148 "http://www.ansible.com.cn/docs/playbooks_special_topics.html" "Mozilla/5.0 (Windows NT 6.1; WOW64; rv:51.0) Gecko/20100101 Firefox/51.0"
223.202.12.254 - - [07/Mar/2017:14:30:59 +0800] "GET /_static/underscore.js HTTP/1.1" 200 12140 "http://www.ansible.com.cn/docs/playbooks_special_topics.html" "Mozilla/5.0 (Windows NT 6.1; WOW64; rv:51.0) Gecko/20100101 Firefox/51.0"
223.202.12.254 - - [07/Mar/2017:14:30:59 +0800] "GET /_static/doctools.js HTTP/1.1" 200 7377 "http://www.ansible.com.cn/docs/playbooks_special_topics.html" "Mozilla/5.0 (Windows NT 6.1; WOW64; rv:51.0) Gecko/20100101 Firefox/51.0"
223.202.12.254 - - [07/Mar/2017:14:30:59 +0800] "GET /_static/js/theme.js HTTP/1.1" 200 4280 "http://www.ansible.com.cn/docs/playbooks_special_topics.html" "Mozilla/5.0 (Windows NT 6.1; WOW64; rv:51.0) Gecko/20100101 Firefox/51.0"
223.202.12.254 - - [07/Mar/2017:14:30:59 +0800] "GET /docs/_static/js/modernizr.min.js HTTP/1.1" 200 15414 "http://www.ansible.com.cn/docs/playbooks_special_topics.html" "Mozilla/5.0 (Windows NT 6.1; WOW64; rv:51.0) Gecko/20100101 Firefox/51.0"
223.202.12.254 - - [07/Mar/2017:14:30:59 +0800] "GET /_static/jquery.js HTTP/1.1" 200 95786 "http://www.ansible.com.cn/docs/playbooks_special_topics.html" "Mozilla/5.0 (Windows NT 6.1; WOW64; rv:51.0) Gecko/20100101 Firefox/51.0"
223.202.12.254 - - [07/Mar/2017:14:30:59 +0800] "GET /_static/fonts/RobotoSlab-Bold.ttf HTTP/1.1" 200 36596 "http://www.ansible.com.cn/_static/css/theme.css" "Mozilla/5.0 (Windows NT 6.1; WOW64; rv:51.0) Gecko/20100101 Firefox/51.0"
223.202.12.254 - - [07/Mar/2017:14:30:59 +0800] "GET /_static/fonts/fontawesome-webfont.woff?v=4.2.0 HTTP/1.1" 200 44432 "http://www.ansible.com.cn/_static/css/theme.css" "Mozilla/5.0 (Windows NT 6.1; WOW64; rv:51.0) Gecko/20100101 Firefox/51.0"
223.202.12.254 - - [07/Mar/2017:14:30:59 +0800] "GET /_static/fonts/Lato-Regular.ttf HTTP/1.1" 200 81980 "http://www.ansible.com.cn/_static/css/theme.css" "Mozilla/5.0 (Windows NT 6.1; WOW64; rv:51.0) Gecko/20100101 Firefox/51.0"
223.202.12.254 - - [07/Mar/2017:14:30:59 +0800] "GET /_static/fonts/Lato-Bold.ttf HTTP/1.1" 200 82368 "http://www.ansible.com.cn/_static/css/theme.css" "Mozilla/5.0 (Windows NT 6.1; WOW64; rv:51.0) Gecko/20100101 Firefox/51.0"
223.202.12.254 - - [07/Mar/2017:14:31:00 +0800] "GET /docs/playbooks_acceleration.html HTTP/1.1" 200 13298 "http://www.ansible.com.cn/docs/playbooks_special_topics.html" "Mozilla/5.0 (Windows NT 6.1; WOW64; rv:51.0) Gecko/20100101 Firefox/51.0"
124.207.246.146 - - [07/Mar/2017:14:31:00 +0800] "GET /docs/playbooks_conditionals.html HTTP/1.1" 200 16053 "http://www.ansible.com.cn/docs/playbooks_variables.html" "Mozilla/5.0 (Macintosh; Intel Mac OS X 10_12_3) AppleWebKit/537.36 (KHTML, like Gecko) Chrome/56.0.2924.87 Safari/537.36"
124.207.246.146 - - [07/Mar/2017:14:31:01 +0800] "GET /_static/css/theme.css HTTP/1.1" 304 0 "http://www.ansible.com.cn/docs/playbooks_conditionals.html" "Mozilla/5.0 (Macintosh; Intel Mac OS X 10_12_3) AppleWebKit/537.36 (KHTML, like Gecko) Chrome/56.0.2924.87 Safari/537.36"
124.207.246.146 - - [07/Mar/2017:14:31:01 +0800] "GET /_static/jquery.js HTTP/1.1" 304 0 "http://www.ansible.com.cn/docs/playbooks_conditionals.html" "Mozilla/5.0 (Macintosh; Intel Mac OS X 10_12_3) AppleWebKit/537.36 (KHTML, like Gecko) Chrome/56.0.2924.87 Safari/537.36"
124.207.246.146 - - [07/Mar/2017:14:31:01 +0800] "GET /_static/underscore.js HTTP/1.1" 304 0 "http://www.ansible.com.cn/docs/playbooks_conditionals.html" "Mozilla/5.0 (Macintosh; Intel Mac OS X 10_12_3) AppleWebKit/537.36 (KHTML, like Gecko) Chrome/56.0.2924.87 Safari/537.36"
124.207.246.146 - - [07/Mar/2017:14:31:01 +0800] "GET /_static/doctools.js HTTP/1.1" 304 0 "http://www.ansible.com.cn/docs/playbooks_conditionals.html" "Mozilla/5.0 (Macintosh; Intel Mac OS X 10_12_3) AppleWebKit/537.36 (KHTML, like Gecko) Chrome/56.0.2924.87 Safari/537.36"
124.207.246.146 - - [07/Mar/2017:14:31:01 +0800] "GET /_static/js/theme.js HTTP/1.1" 304 0 "http://www.ansible.com.cn/docs/playbooks_conditionals.html" "Mozilla/5.0 (Macintosh; Intel Mac OS X 10_12_3) AppleWebKit/537.36 (KHTML, like Gecko) Chrome/56.0.2924.87 Safari/537.36"
124.207.246.146 - - [07/Mar/2017:14:31:03 +0800] "GET /docs/_static/js/modernizr.min.js HTTP/1.1" 304 0 "http://www.ansible.com.cn/docs/playbooks_conditionals.html" "Mozilla/5.0 (Macintosh; Intel Mac OS X 10_12_3) AppleWebKit/537.36 (KHTML, like Gecko) Chrome/56.0.2924.87 Safari/537.36"
101.226.89.119 - - [07/Mar/2017:14:31:10 +0800] "GET /docs/playbooks_acceleration.html HTTP/1.1" 200 13298 "http://www.ansible.com.cn/docs/playbooks_special_topics.html" "Mozilla/5.0 (Windows NT 6.1; WOW64; rv:50.0) Gecko/20100101 Firefox/50.0"
101.226.89.119 - - [07/Mar/2017:14:31:10 +0800] "GET /docs/_static/js/modernizr.min.js HTTP/1.1" 200 15414 "http://www.ansible.com.cn/docs/playbooks_acceleration.html" "Mozilla/5.0 (Windows NT 6.1; WOW64; rv:50.0) Gecko/20100101 Firefox/50.0"
101.226.89.119 - - [07/Mar/2017:14:31:10 +0800] "GET /_static/jquery.js HTTP/1.1" 200 95786 "http://www.ansible.com.cn/docs/playbooks_acceleration.html" "Mozilla/5.0 (Windows NT 6.1; WOW64) AppleWebKit/537.36 (KHTML, like Gecko) Chrome/53.0.2785.104 Safari/537.36 Core/1.53.2141.400 QQBrowser/9.5.10219.400"
101.226.89.119 - - [07/Mar/2017:14:31:10 +0800] "GET /_static/underscore.js HTTP/1.1" 200 12140 "http://www.ansible.com.cn/docs/playbooks_acceleration.html" "Mozilla/5.0 (Windows NT 6.1; WOW64) AppleWebKit/537.36 (KHTML, like Gecko) Chrome/56.0.2924.87 Safari/537.36"
101.226.89.119 - - [07/Mar/2017:14:31:10 +0800] "GET /_static/doctools.js HTTP/1.1" 200 7377 "http://www.ansible.com.cn/docs/playbooks_acceleration.html" "Mozilla/5.0 (Windows NT 6.1; WOW64) AppleWebKit/537.36 (KHTML, like Gecko) Chrome/53.0.2785.104 Safari/537.36 Core/1.53.2141.400 QQBrowser/9.5.10219.400"
101.226.89.119 - - [07/Mar/2017:14:31:10 +0800] "GET /_static/js/theme.js HTTP/1.1" 200 4280 "http://www.ansible.com.cn/docs/playbooks_acceleration.html" "Mozilla/5.0 (Macintosh; Intel Mac OS X 10_12_4) AppleWebKit/537.36 (KHTML, like Gecko) \x09\x09\x09Chrome/55.0.2883.95 Safari/537.36"
103.10.87.50 - - [07/Mar/2017:14:31:57 +0800] "GET /favicon.ico HTTP/1.1" 200 2504 "-" "Mozilla/5.0 (Windows NT 6.1; WOW64) AppleWebKit/537.36 (KHTML, like Gecko) Chrome/49.0.2623.75 Safari/537.36 LBBROWSER"
223.202.12.254 - - [07/Mar/2017:14:31:57 +0800] "GET /docs/playbooks.html HTTP/1.1" 200 13937 "http://www.ansible.com.cn/docs/playbooks_special_topics.html" "Mozilla/5.0 (Windows NT 6.1; WOW64; rv:51.0) Gecko/20100101 Firefox/51.0"
223.202.12.254 - - [07/Mar/2017:14:31:58 +0800] "GET /docs/playbooks_intro.html HTTP/1.1" 200 18148 "http://www.ansible.com.cn/docs/playbooks.html" "Mozilla/5.0 (Windows NT 6.1; WOW64; rv:51.0) Gecko/20100101 Firefox/51.0"
113.207.75.130 - - [07/Mar/2017:14:32:30 +0800] "GET /search.html?q=%E6%A8%A1%E5%9D%97&check_keywords=yes&area=default HTTP/1.1" 200 10945 "http://ansible.com.cn/docs/become.html?highlight=root" "Mozilla/5.0 (Windows NT 6.3; WOW64) AppleWebKit/537.36 (KHTML, like Gecko) Chrome/53.0.2785.116 Safari/537.36"
113.207.75.130 - - [07/Mar/2017:14:32:30 +0800] "GET /_sources/docs/guide_aws.txt HTTP/1.1" 200 4458 "http://ansible.com.cn/search.html?q=%E6%A8%A1%E5%9D%97&check_keywords=yes&area=default" "Mozilla/5.0 (Windows NT 6.3; WOW64) AppleWebKit/537.36 (KHTML, like Gecko) Chrome/53.0.2785.116 Safari/537.36"
113.207.75.130 - - [07/Mar/2017:14:32:30 +0800] "GET /_sources/docs/intro_installation.txt HTTP/1.1" 200 4899 "http://ansible.com.cn/search.html?q=%E6%A8%A1%E5%9D%97&check_keywords=yes&area=default" "Mozilla/5.0 (Windows NT 6.3; WOW64) AppleWebKit/537.36 (KHTML, like Gecko) Chrome/53.0.2785.116 Safari/537.36"
113.207.75.130 - - [07/Mar/2017:14:32:30 +0800] "GET /_sources/docs/intro_windows.txt HTTP/1.1" 200 5208 "http://ansible.com.cn/search.html?q=%E6%A8%A1%E5%9D%97&check_keywords=yes&area=default" "Mozilla/5.0 (Windows NT 6.3; WOW64) AppleWebKit/537.36 (KHTML, like Gecko) Chrome/53.0.2785.116 Safari/537.36"
113.207.75.130 - - [07/Mar/2017:14:32:30 +0800] "GET /_sources/docs/intro_dynamic_inventory.txt HTTP/1.1" 200 5609 "http://ansible.com.cn/search.html?q=%E6%A8%A1%E5%9D%97&check_keywords=yes&area=default" "Mozilla/5.0 (Windows NT 6.3; WOW64) AppleWebKit/537.36 (KHTML, like Gecko) Chrome/53.0.2785.116 Safari/537.36"
113.207.75.130 - - [07/Mar/2017:14:32:31 +0800] "GET /_sources/docs/faq.txt HTTP/1.1" 200 5451 "http://ansible.com.cn/search.html?q=%E6%A8%A1%E5%9D%97&check_keywords=yes&area=default" "Mozilla/5.0 (Windows NT 6.3; WOW64) AppleWebKit/537.36 (KHTML, like Gecko) Chrome/53.0.2785.116 Safari/537.36"
113.207.75.130 - - [07/Mar/2017:14:32:31 +0800] "GET /_sources/docs/test_strategies.txt HTTP/1.1" 200 4828 "http://ansible.com.cn/search.html?q=%E6%A8%A1%E5%9D%97&check_keywords=yes&area=default" "Mozilla/5.0 (Windows NT 6.3; WOW64) AppleWebKit/537.36 (KHTML, like Gecko) Chrome/53.0.2785.116 Safari/537.36"
61.48.213.109 - - [07/Mar/2017:14:32:31 +0800] "GET / HTTP/1.1" 200 18885 "https://www.baidu.com/link?url=Ijh7ogaEPHtKxOuSrc8HgT8Fm_yCg0-8y1sRGGiZxgLQ2xgH23pdNbFUccGdxN6o&wd=&eqid=b6729a6c002abcd10000000658be53ee" "Mozilla/5.0 (Windows NT 6.1; WOW64; rv:51.0) Gecko/20100101 Firefox/51.0"
113.207.75.130 - - [07/Mar/2017:14:32:31 +0800] "GET /_sources/docs/modules_intro.txt HTTP/1.1" 200 1293 "http://ansible.com.cn/search.html?q=%E6%A8%A1%E5%9D%97&check_keywords=yes&area=default" "Mozilla/5.0 (Windows NT 6.3; WOW64) AppleWebKit/537.36 (KHTML, like Gecko) Chrome/53.0.2785.116 Safari/537.36"
61.48.213.109 - - [07/Mar/2017:14:32:31 +0800] "GET /_static/css/theme.css HTTP/1.1" 200 22148 "http://www.ansible.com.cn/" "Mozilla/5.0 (Windows NT 6.1; WOW64; rv:51.0) Gecko/20100101 Firefox/51.0"
61.48.213.109 - - [07/Mar/2017:14:32:31 +0800] "GET /_static/js/modernizr.min.js HTTP/1.1" 200 15414 "http://www.ansible.com.cn/" "Mozilla/5.0 (Windows NT 6.1; WOW64; rv:51.0) Gecko/20100101 Firefox/51.0"
61.48.213.109 - - [07/Mar/2017:14:32:31 +0800] "GET /_static/doctools.js HTTP/1.1" 200 7377 "http://www.ansible.com.cn/" "Mozilla/5.0 (Windows NT 6.1; WOW64; rv:51.0) Gecko/20100101 Firefox/51.0"
61.48.213.109 - - [07/Mar/2017:14:32:31 +0800] "GET /_static/underscore.js HTTP/1.1" 200 12140 "http://www.ansible.com.cn/" "Mozilla/5.0 (Windows NT 6.1; WOW64; rv:51.0) Gecko/20100101 Firefox/51.0"
61.48.213.109 - - [07/Mar/2017:14:32:31 +0800] "GET /_static/js/theme.js HTTP/1.1" 200 4280 "http://www.ansible.com.cn/" "Mozilla/5.0 (Windows NT 6.1; WOW64; rv:51.0) Gecko/20100101 Firefox/51.0"
61.48.213.109 - - [07/Mar/2017:14:32:31 +0800] "GET /_static/jquery.js HTTP/1.1" 200 95786 "http://www.ansible.com.cn/" "Mozilla/5.0 (Windows NT 6.1; WOW64; rv:51.0) Gecko/20100101 Firefox/51.0"
61.48.213.109 - - [07/Mar/2017:14:32:31 +0800] "GET /_static/fonts/Lato-Regular.ttf HTTP/1.1" 200 81980 "http://www.ansible.com.cn/_static/css/theme.css" "Mozilla/5.0 (Windows NT 6.1; WOW64; rv:51.0) Gecko/20100101 Firefox/51.0"
61.48.213.109 - - [07/Mar/2017:14:32:31 +0800] "GET /_static/fonts/RobotoSlab-Bold.ttf HTTP/1.1" 200 36596 "http://www.ansible.com.cn/_static/css/theme.css" "Mozilla/5.0 (Windows NT 6.1; WOW64; rv:51.0) Gecko/20100101 Firefox/51.0"
61.48.213.109 - - [07/Mar/2017:14:32:32 +0800] "GET /_static/fonts/fontawesome-webfont.woff?v=4.2.0 HTTP/1.1" 200 44432 "http://www.ansible.com.cn/_static/css/theme.css" "Mozilla/5.0 (Windows NT 6.1; WOW64; rv:51.0) Gecko/20100101 Firefox/51.0"
61.48.213.109 - - [07/Mar/2017:14:32:32 +0800] "GET /_static/fonts/Lato-Bold.ttf HTTP/1.1" 200 82368 "http://www.ansible.com.cn/_static/css/theme.css" "Mozilla/5.0 (Windows NT 6.1; WOW64; rv:51.0) Gecko/20100101 Firefox/51.0"
61.48.213.109 - - [07/Mar/2017:14:32:32 +0800] "GET /docs/intro.html HTTP/1.1" 200 11515 "http://www.ansible.com.cn/" "Mozilla/5.0 (Windows NT 6.1; WOW64; rv:51.0) Gecko/20100101 Firefox/51.0"
61.48.213.109 - - [07/Mar/2017:14:32:32 +0800] "GET /favicon.ico HTTP/1.1" 200 2504 "-" "Mozilla/5.0 (Windows NT 6.1; WOW64; rv:51.0) Gecko/20100101 Firefox/51.0"
223.202.12.254 - - [07/Mar/2017:14:32:45 +0800] "GET /docs/playbooks_roles.html HTTP/1.1" 200 19104 "http://www.ansible.com.cn/docs/playbooks_intro.html" "Mozilla/5.0 (Windows NT 6.1; WOW64; rv:51.0) Gecko/20100101 Firefox/51.0"
116.228.143.58 - - [07/Mar/2017:14:32:47 +0800] "GET / HTTP/1.1" 200 18885 "http://cn.bing.com/search?q=ansible&go=%E6%90%9C%E7%B4%A2&qs=n&form=QBRE&sp=-1&pq=ansible&sc=8-6&sk=&cvid=07B33388FCEC4CDCB2F80691B41CED9D" "Mozilla/5.0 (Windows NT 6.1) AppleWebKit/537.36 (KHTML, like Gecko) Chrome/47.0.2526.111 Safari/537.36"
116.228.143.58 - - [07/Mar/2017:14:32:47 +0800] "GET /_static/css/theme.css HTTP/1.1" 200 22148 "http://www.ansible.com.cn/" "Mozilla/5.0 (Windows NT 6.1) AppleWebKit/537.36 (KHTML, like Gecko) Chrome/47.0.2526.111 Safari/537.36"
116.228.143.58 - - [07/Mar/2017:14:32:47 +0800] "GET /_static/js/theme.js HTTP/1.1" 200 4280 "http://www.ansible.com.cn/" "Mozilla/5.0 (Windows NT 6.1) AppleWebKit/537.36 (KHTML, like Gecko) Chrome/47.0.2526.111 Safari/537.36"
116.228.143.58 - - [07/Mar/2017:14:32:47 +0800] "GET /_static/doctools.js HTTP/1.1" 200 7377 "http://www.ansible.com.cn/" "Mozilla/5.0 (Windows NT 6.1) AppleWebKit/537.36 (KHTML, like Gecko) Chrome/47.0.2526.111 Safari/537.36"
116.228.143.58 - - [07/Mar/2017:14:32:47 +0800] "GET /_static/js/modernizr.min.js HTTP/1.1" 200 15414 "http://www.ansible.com.cn/" "Mozilla/5.0 (Windows NT 6.1) AppleWebKit/537.36 (KHTML, like Gecko) Chrome/47.0.2526.111 Safari/537.36"
116.228.143.58 - - [07/Mar/2017:14:32:47 +0800] "GET /_static/jquery.js HTTP/1.1" 200 95786 "http://www.ansible.com.cn/" "Mozilla/5.0 (Windows NT 6.1) AppleWebKit/537.36 (KHTML, like Gecko) Chrome/47.0.2526.111 Safari/537.36"
116.228.143.58 - - [07/Mar/2017:14:32:48 +0800] "GET /_static/fonts/fontawesome-webfont.woff?v=4.2.0 HTTP/1.1" 200 44432 "http://www.ansible.com.cn/_static/css/theme.css" "Mozilla/5.0 (Windows NT 6.1) AppleWebKit/537.36 (KHTML, like Gecko) Chrome/47.0.2526.111 Safari/537.36"
116.228.143.58 - - [07/Mar/2017:14:32:48 +0800] "GET /_static/underscore.js HTTP/1.1" 200 12140 "http://www.ansible.com.cn/" "Mozilla/5.0 (Windows NT 6.1) AppleWebKit/537.36 (KHTML, like Gecko) Chrome/47.0.2526.111 Safari/537.36"
116.228.143.58 - - [07/Mar/2017:14:32:48 +0800] "GET /_static/fonts/RobotoSlab-Bold.ttf HTTP/1.1" 200 36596 "http://www.ansible.com.cn/_static/css/theme.css" "Mozilla/5.0 (Windows NT 6.1) AppleWebKit/537.36 (KHTML, like Gecko) Chrome/47.0.2526.111 Safari/537.36"
116.228.143.58 - - [07/Mar/2017:14:32:48 +0800] "GET /_static/fonts/Lato-Bold.ttf HTTP/1.1" 200 82368 "http://www.ansible.com.cn/_static/css/theme.css" "Mozilla/5.0 (Windows NT 6.1) AppleWebKit/537.36 (KHTML, like Gecko) Chrome/47.0.2526.111 Safari/537.36"
116.228.143.58 - - [07/Mar/2017:14:32:48 +0800] "GET /_static/fonts/Lato-Regular.ttf HTTP/1.1" 200 81980 "http://www.ansible.com.cn/_static/css/theme.css" "Mozilla/5.0 (Windows NT 6.1) AppleWebKit/537.36 (KHTML, like Gecko) Chrome/47.0.2526.111 Safari/537.36"
113.207.75.130 - - [07/Mar/2017:14:32:48 +0800] "GET /docs/modules_intro.html HTTP/1.1" 200 12437 "http://ansible.com.cn/docs/modules.html" "Mozilla/5.0 (Windows NT 6.3; WOW64) AppleWebKit/537.36 (KHTML, like Gecko) Chrome/53.0.2785.116 Safari/537.36"
116.228.143.58 - - [07/Mar/2017:14:32:52 +0800] "GET /docs/intro_getting_started.html HTTP/1.1" 200 14927 "http://www.ansible.com.cn/" "Mozilla/5.0 (Windows NT 6.1) AppleWebKit/537.36 (KHTML, like Gecko) Chrome/47.0.2526.111 Safari/537.36"
116.228.143.58 - - [07/Mar/2017:14:32:52 +0800] "GET /docs/_static/js/modernizr.min.js HTTP/1.1" 200 15414 "http://www.ansible.com.cn/docs/intro_getting_started.html" "Mozilla/5.0 (Windows NT 6.1) AppleWebKit/537.36 (KHTML, like Gecko) Chrome/47.0.2526.111 Safari/537.36"
61.48.213.109 - - [07/Mar/2017:14:32:56 +0800] "GET /docs/intro_inventory.html HTTP/1.1" 200 15540 "http://www.ansible.com.cn/" "Mozilla/5.0 (Windows NT 6.1; WOW64; rv:51.0) Gecko/20100101 Firefox/51.0"
15.211.153.80 - - [07/Mar/2017:14:32:56 +0800] "GET /docs/playbooks_roles.html HTTP/1.1" 200 19104 "http://www.ansible.com.cn/docs/playbooks_intro.html" "Mozilla/5.0 (Windows NT 6.1; Win64; x64) AppleWebKit/537.36 (KHTML, like Gecko) Chrome/56.0.2924.87 Safari/537.36"
61.48.213.109 - - [07/Mar/2017:14:32:56 +0800] "GET /docs/_static/js/modernizr.min.js HTTP/1.1" 200 15414 "http://www.ansible.com.cn/docs/intro_inventory.html" "Mozilla/5.0 (Windows NT 6.1; WOW64; rv:51.0) Gecko/20100101 Firefox/51.0"
220.181.108.116 - - [07/Mar/2017:14:32:56 +0800] "GET / HTTP/1.1" 200 18885 "-" "Mozilla/5.0 (compatible; Baiduspider/2.0; +http://www.baidu.com/search/spider.html)"
61.48.213.109 - - [07/Mar/2017:14:32:57 +0800] "GET /docs/intro_dynamic_inventory.html HTTP/1.1" 200 17156 "http://www.ansible.com.cn/docs/intro_inventory.html" "Mozilla/5.0 (Windows NT 6.1; WOW64; rv:51.0) Gecko/20100101 Firefox/51.0"
199.19.249.196 - - [07/Mar/2017:14:32:58 +0800] "GET /docs/playbooks_roles.html HTTP/1.1" 200 76974 "-" "Mozilla/5.0 (Windows NT 6.1; Win64; x64) AppleWebKit/537.36 (KHTML, like Gecko) Chrome/56.0.2924.87 Safari/537.36"
220.178.0.18 - - [07/Mar/2017:14:33:13 +0800] "GET / HTTP/1.1" 200 18885 "https://www.baidu.com/link?url=yP8BirNZE-pgPdW0_CARWl0zOnOzLxoewn8aUizOBkTgKzDvgtN14q1xo99hbMPV&wd=&eqid=c317f022005fd5130000000458be5427" "Mozilla/5.0 (Windows NT 10.0; WOW64) AppleWebKit/537.36 (KHTML, like Gecko) Chrome/47.0.2526.106 BIDUBrowser/8.4 Safari/537.36"
220.178.0.18 - - [07/Mar/2017:14:33:13 +0800] "GET /_static/css/theme.css HTTP/1.1" 200 22148 "http://www.ansible.com.cn/" "Mozilla/5.0 (Windows NT 10.0; WOW64) AppleWebKit/537.36 (KHTML, like Gecko) Chrome/47.0.2526.106 BIDUBrowser/8.4 Safari/537.36"
220.178.0.18 - - [07/Mar/2017:14:33:13 +0800] "GET /_static/js/modernizr.min.js HTTP/1.1" 200 15414 "http://www.ansible.com.cn/" "Mozilla/5.0 (Windows NT 10.0; WOW64) AppleWebKit/537.36 (KHTML, like Gecko) Chrome/47.0.2526.106 BIDUBrowser/8.4 Safari/537.36"
220.178.0.18 - - [07/Mar/2017:14:33:13 +0800] "GET /_static/underscore.js HTTP/1.1" 200 12140 "http://www.ansible.com.cn/" "Mozilla/5.0 (Windows NT 10.0; WOW64) AppleWebKit/537.36 (KHTML, like Gecko) Chrome/47.0.2526.106 BIDUBrowser/8.4 Safari/537.36"
220.178.0.18 - - [07/Mar/2017:14:33:13 +0800] "GET /_static/doctools.js HTTP/1.1" 200 7377 "http://www.ansible.com.cn/" "Mozilla/5.0 (Windows NT 10.0; WOW64) AppleWebKit/537.36 (KHTML, like Gecko) Chrome/47.0.2526.106 BIDUBrowser/8.4 Safari/537.36"
220.178.0.18 - - [07/Mar/2017:14:33:13 +0800] "GET /_static/js/theme.js HTTP/1.1" 200 4280 "http://www.ansible.com.cn/" "Mozilla/5.0 (Windows NT 10.0; WOW64) AppleWebKit/537.36 (KHTML, like Gecko) Chrome/47.0.2526.106 BIDUBrowser/8.4 Safari/537.36"
220.178.0.18 - - [07/Mar/2017:14:33:13 +0800] "GET /docs/intro.html HTTP/1.1" 200 11515 "http://www.ansible.com.cn/" "Mozilla/5.0 (Windows NT 10.0; WOW64) AppleWebKit/537.36 (KHTML, like Gecko) Chrome/47.0.2526.106 BIDUBrowser/8.4 Safari/537.36"
220.178.0.18 - - [07/Mar/2017:14:33:13 +0800] "GET /_static/jquery.js HTTP/1.1" 200 95786 "http://www.ansible.com.cn/" "Mozilla/5.0 (Windows NT 10.0; WOW64) AppleWebKit/537.36 (KHTML, like Gecko) Chrome/47.0.2526.106 BIDUBrowser/8.4 Safari/537.36"
220.178.0.18 - - [07/Mar/2017:14:33:14 +0800] "GET /_static/fonts/RobotoSlab-Bold.ttf HTTP/1.1" 200 36596 "http://www.ansible.com.cn/_static/css/theme.css" "Mozilla/5.0 (Windows NT 10.0; WOW64) AppleWebKit/537.36 (KHTML, like Gecko) Chrome/47.0.2526.106 BIDUBrowser/8.4 Safari/537.36"
220.178.0.18 - - [07/Mar/2017:14:33:14 +0800] "GET /_static/fonts/fontawesome-webfont.woff?v=4.2.0 HTTP/1.1" 200 44432 "http://www.ansible.com.cn/_static/css/theme.css" "Mozilla/5.0 (Windows NT 10.0; WOW64) AppleWebKit/537.36 (KHTML, like Gecko) Chrome/47.0.2526.106 BIDUBrowser/8.4 Safari/537.36"
220.178.0.18 - - [07/Mar/2017:14:33:14 +0800] "GET /_static/fonts/Lato-Bold.ttf HTTP/1.1" 200 82368 "http://www.ansible.com.cn/_static/css/theme.css" "Mozilla/5.0 (Windows NT 10.0; WOW64) AppleWebKit/537.36 (KHTML, like Gecko) Chrome/47.0.2526.106 BIDUBrowser/8.4 Safari/537.36"
220.178.0.18 - - [07/Mar/2017:14:33:14 +0800] "GET /_static/fonts/Lato-Regular.ttf HTTP/1.1" 200 81980 "http://www.ansible.com.cn/_static/css/theme.css" "Mozilla/5.0 (Windows NT 10.0; WOW64) AppleWebKit/537.36 (KHTML, like Gecko) Chrome/47.0.2526.106 BIDUBrowser/8.4 Safari/537.36"
220.178.0.18 - - [07/Mar/2017:14:33:18 +0800] "GET /docs/intro_installation.html HTTP/1.1" 200 16913 "http://www.ansible.com.cn/" "Mozilla/5.0 (Windows NT 10.0; WOW64) AppleWebKit/537.36 (KHTML, like Gecko) Chrome/47.0.2526.106 BIDUBrowser/8.4 Safari/537.36"
220.178.0.18 - - [07/Mar/2017:14:33:18 +0800] "GET /docs/_static/js/modernizr.min.js HTTP/1.1" 200 15414 "http://www.ansible.com.cn/docs/intro_installation.html" "Mozilla/5.0 (Windows NT 10.0; WOW64) AppleWebKit/537.36 (KHTML, like Gecko) Chrome/47.0.2526.106 BIDUBrowser/8.4 Safari/537.36"
220.178.0.18 - - [07/Mar/2017:14:33:18 +0800] "GET /docs/intro_getting_started.html HTTP/1.1" 200 14927 "http://www.ansible.com.cn/docs/intro_installation.html" "Mozilla/5.0 (Windows NT 10.0; WOW64) AppleWebKit/537.36 (KHTML, like Gecko) Chrome/47.0.2526.106 BIDUBrowser/8.4 Safari/537.36"
220.178.0.18 - - [07/Mar/2017:14:33:25 +0800] "GET /_static/fonts/RobotoSlab-Regular.ttf HTTP/1.1" 200 36276 "http://www.ansible.com.cn/_static/css/theme.css" "Mozilla/5.0 (Windows NT 10.0; WOW64) AppleWebKit/537.36 (KHTML, like Gecko) Chrome/47.0.2526.106 BIDUBrowser/8.4 Safari/537.36"
218.247.246.236 - - [07/Mar/2017:14:34:13 +0800] "GET /_static/fonts/RobotoSlab-Regular.ttf HTTP/1.1" 200 36276 "http://www.ansible.com.cn/_static/css/theme.css" "Mozilla/5.0 (Windows NT 6.1; WOW64) AppleWebKit/537.36 (KHTML, like Gecko) Chrome/56.0.2924.87 Safari/537.36"
180.167.7.199 - - [07/Mar/2017:14:34:23 +0800] "GET /docs/playbooks_best_practices.html HTTP/1.1" 200 19102 "http://www.ansible.com.cn/docs/playbooks_roles.html" "Mozilla/5.0 (Windows NT 6.1; Win64; x64) AppleWebKit/537.36 (KHTML, like Gecko) Chrome/56.0.2924.87 Safari/537.36"
183.195.251.242 - - [07/Mar/2017:14:34:25 +0800] "GET /docs/ HTTP/1.1" 200 12067 "http://cn.bing.com/search?q=Ansible&go=&qs=n&form=QBLH&pq=cit+2013&sc=8-8&sp=-1&sk=&cvid=32adc4f06d3742c5945d14bdb32f76b1" "Mozilla/5.0 (Windows NT 10.0; WOW64) AppleWebKit/537.36 (KHTML, like Gecko) Chrome/56.0.2924.87 Safari/537.36"
183.195.251.242 - - [07/Mar/2017:14:34:25 +0800] "GET /docs/_static/js/modernizr.min.js HTTP/1.1" 200 15414 "http://www.ansible.com.cn/docs/" "Mozilla/5.0 (Windows NT 10.0; WOW64) AppleWebKit/537.36 (KHTML, like Gecko) Chrome/56.0.2924.87 Safari/537.36"
199.19.249.196 - - [07/Mar/2017:14:34:30 +0800] "GET /docs/playbooks_best_practices.html HTTP/1.1" 200 77454 "-" "Mozilla/5.0 (Windows NT 6.1; Win64; x64) AppleWebKit/537.36 (KHTML, like Gecko) Chrome/56.0.2924.87 Safari/537.36"
180.168.132.238 - - [07/Mar/2017:14:34:35 +0800] "GET / HTTP/1.1" 200 18885 "https://www.baidu.com/link?url=raEx-bKLnn27ky3XVyaf4iGOQAY8RLH0oSkS3EgWDEiSXSyXDT3S-A8iL-0pymux&wd=&eqid=ccf192b1005542630000000458be5477" "Mozilla/5.0 (Windows NT 6.1; WOW64) AppleWebKit/537.36 (KHTML, like Gecko) Chrome/51.0.2704.103 Safari/537.36"
180.168.132.238 - - [07/Mar/2017:14:34:35 +0800] "GET /_static/css/theme.css HTTP/1.1" 200 22148 "http://www.ansible.com.cn/" "Mozilla/5.0 (Windows NT 6.1; WOW64) AppleWebKit/537.36 (KHTML, like Gecko) Chrome/51.0.2704.103 Safari/537.36"
180.168.132.238 - - [07/Mar/2017:14:34:35 +0800] "GET /_static/js/modernizr.min.js HTTP/1.1" 200 15414 "http://www.ansible.com.cn/" "Mozilla/5.0 (Windows NT 6.1; WOW64) AppleWebKit/537.36 (KHTML, like Gecko) Chrome/51.0.2704.103 Safari/537.36"
180.168.132.238 - - [07/Mar/2017:14:34:35 +0800] "GET /_static/underscore.js HTTP/1.1" 200 12140 "http://www.ansible.com.cn/" "Mozilla/5.0 (Windows NT 6.1; WOW64) AppleWebKit/537.36 (KHTML, like Gecko) Chrome/51.0.2704.103 Safari/537.36"
180.168.132.238 - - [07/Mar/2017:14:34:35 +0800] "GET /_static/doctools.js HTTP/1.1" 200 7377 "http://www.ansible.com.cn/" "Mozilla/5.0 (Windows NT 6.1; WOW64) AppleWebKit/537.36 (KHTML, like Gecko) Chrome/51.0.2704.103 Safari/537.36"
180.168.132.238 - - [07/Mar/2017:14:34:35 +0800] "GET /_static/js/theme.js HTTP/1.1" 200 4280 "http://www.ansible.com.cn/" "Mozilla/5.0 (Windows NT 6.1; WOW64) AppleWebKit/537.36 (KHTML, like Gecko) Chrome/51.0.2704.103 Safari/537.36"
180.168.132.238 - - [07/Mar/2017:14:34:35 +0800] "GET /_static/jquery.js HTTP/1.1" 200 95786 "http://www.ansible.com.cn/" "Mozilla/5.0 (Windows NT 6.1; WOW64) AppleWebKit/537.36 (KHTML, like Gecko) Chrome/51.0.2704.103 Safari/537.36"
180.168.132.238 - - [07/Mar/2017:14:34:35 +0800] "GET /_static/fonts/fontawesome-webfont.woff?v=4.2.0 HTTP/1.1" 200 44432 "http://www.ansible.com.cn/_static/css/theme.css" "Mozilla/5.0 (Windows NT 6.1; WOW64) AppleWebKit/537.36 (KHTML, like Gecko) Chrome/51.0.2704.103 Safari/537.36"
180.168.132.238 - - [07/Mar/2017:14:34:35 +0800] "GET /_static/fonts/RobotoSlab-Bold.ttf HTTP/1.1" 200 36596 "http://www.ansible.com.cn/_static/css/theme.css" "Mozilla/5.0 (Windows NT 6.1; WOW64) AppleWebKit/537.36 (KHTML, like Gecko) Chrome/51.0.2704.103 Safari/537.36"
180.168.132.238 - - [07/Mar/2017:14:34:35 +0800] "GET /_static/fonts/Lato-Bold.ttf HTTP/1.1" 200 82368 "http://www.ansible.com.cn/_static/css/theme.css" "Mozilla/5.0 (Windows NT 6.1; WOW64) AppleWebKit/537.36 (KHTML, like Gecko) Chrome/51.0.2704.103 Safari/537.36"
180.168.132.238 - - [07/Mar/2017:14:34:35 +0800] "GET /_static/fonts/Lato-Regular.ttf HTTP/1.1" 200 81980 "http://www.ansible.com.cn/_static/css/theme.css" "Mozilla/5.0 (Windows NT 6.1; WOW64) AppleWebKit/537.36 (KHTML, like Gecko) Chrome/51.0.2704.103 Safari/537.36"
180.168.132.238 - - [07/Mar/2017:14:34:36 +0800] "GET /favicon.ico HTTP/1.1" 200 2504 "http://www.ansible.com.cn/" "Mozilla/5.0 (Windows NT 6.1; WOW64) AppleWebKit/537.36 (KHTML, like Gecko) Chrome/51.0.2704.103 Safari/537.36"
180.168.132.238 - - [07/Mar/2017:14:34:38 +0800] "GET /_static/fonts/RobotoSlab-Regular.ttf HTTP/1.1" 200 36276 "http://www.ansible.com.cn/_static/css/theme.css" "Mozilla/5.0 (Windows NT 6.1; WOW64) AppleWebKit/537.36 (KHTML, like Gecko) Chrome/51.0.2704.103 Safari/537.36"
180.168.132.238 - - [07/Mar/2017:14:35:10 +0800] "GET /docs/quickstart.html HTTP/1.1" 200 11261 "http://www.ansible.com.cn/" "Mozilla/5.0 (Windows NT 6.1; WOW64) AppleWebKit/537.36 (KHTML, like Gecko) Chrome/51.0.2704.103 Safari/537.36"
180.168.132.238 - - [07/Mar/2017:14:35:10 +0800] "GET /docs/_static/js/modernizr.min.js HTTP/1.1" 200 15414 "http://www.ansible.com.cn/docs/quickstart.html" "Mozilla/5.0 (Windows NT 6.1; WOW64) AppleWebKit/537.36 (KHTML, like Gecko) Chrome/51.0.2704.103 Safari/537.36"
118.122.117.66 - - [07/Mar/2017:14:35:18 +0800] "GET /favicon.ico HTTP/1.1" 200 2504 "http://www.ansible.com.cn/docs/playbooks_loops.html" "Mozilla/5.0 (Windows NT 6.1; WOW64) AppleWebKit/537.36 (KHTML, like Gecko) Chrome/55.0.2883.87 Safari/537.36"
180.168.132.238 - - [07/Mar/2017:14:35:21 +0800] "GET /docs/intro.html HTTP/1.1" 200 11515 "http://www.ansible.com.cn/docs/quickstart.html" "Mozilla/5.0 (Windows NT 6.1; WOW64) AppleWebKit/537.36 (KHTML, like Gecko) Chrome/51.0.2704.103 Safari/537.36"
180.168.132.238 - - [07/Mar/2017:14:35:24 +0800] "GET /docs/intro_installation.html HTTP/1.1" 200 16913 "http://www.ansible.com.cn/docs/intro.html" "Mozilla/5.0 (Windows NT 6.1; WOW64) AppleWebKit/537.36 (KHTML, like Gecko) Chrome/51.0.2704.103 Safari/537.36"
180.168.132.238 - - [07/Mar/2017:14:35:49 +0800] "GET /docs/playbooks.html HTTP/1.1" 200 13937 "http://www.ansible.com.cn/docs/quickstart.html" "Mozilla/5.0 (Windows NT 6.1; WOW64) AppleWebKit/537.36 (KHTML, like Gecko) Chrome/51.0.2704.103 Safari/537.36"
119.137.54.214 - - [07/Mar/2017:14:35:57 +0800] "GET /docs/intro_inventory.html HTTP/1.1" 200 15540 "http://www.ansible.com.cn/docs/intro_inventory.html" "Mozilla/5.0 (Windows NT 10.0; WOW64) AppleWebKit/537.36 (KHTML, like Gecko) Chrome/56.0.2924.87 Safari/537.36"
42.120.160.27 - - [07/Mar/2017:14:36:14 +0800] "GET /docs/community.html HTTP/1.1" 200 19101 "-" "Mozilla/5.0 (Windows NT 6.1; Win64; x64; rv:2.0b13pre) Gecko/20110307 Firefox/4.0b13pre"
42.156.138.27 - - [07/Mar/2017:14:36:26 +0800] "GET /docs/community.html HTTP/1.1" 200 73871 "-" "Mozilla/5.0 (Windows NT 6.1; Win64; x64; rv:2.0b13pre) Gecko/20110307 Firefox/4.0b13pre"
42.156.136.27 - - [07/Mar/2017:14:36:26 +0800] "GET /docs/community.html HTTP/1.1" 200 73871 "-" "Mozilla/5.0 (Windows NT 6.1; Win64; x64; rv:2.0b13pre) Gecko/20110307 Firefox/4.0b13pre"
106.38.0.72 - - [07/Mar/2017:14:37:17 +0800] "GET /docs/playbooks.html HTTP/1.1" 200 13937 "http://www.ansible.com.cn/docs/playbooks_conditionals.html?highlight=%E8%BF%87%E6%BB%A4%E5%99%A8" "Mozilla/5.0 (Windows NT 6.1; WOW64) AppleWebKit/537.36 (KHTML, like Gecko) Chrome/56.0.2924.87 Safari/537.36"
110.80.1.70 - - [07/Mar/2017:14:37:23 +0800] "GET /docs/intro_adhoc.html HTTP/1.1" 200 17122 "http://www.ansible.com.cn/docs/intro_patterns.html" "Mozilla/5.0 (Windows NT 6.1; WOW64; rv:50.0) Gecko/20100101 Firefox/50.0"
106.38.0.72 - - [07/Mar/2017:14:37:28 +0800] "GET /docs/playbooks_variables.html HTTP/1.1" 200 26968 "http://www.ansible.com.cn/docs/playbooks.html" "Mozilla/5.0 (Windows NT 6.1; WOW64) AppleWebKit/537.36 (KHTML, like Gecko) Chrome/56.0.2924.87 Safari/537.36"
106.39.95.34 - - [07/Mar/2017:14:39:57 +0800] "GET /_static/fonts/RobotoSlab-Regular.ttf HTTP/1.1" 200 36276 "http://www.ansible.com.cn/_static/css/theme.css" "Mozilla/5.0 (Windows NT 6.1) AppleWebKit/537.36 (KHTML, like Gecko) Chrome/51.0.2704.103 Safari/537.36"
121.12.126.226 - - [07/Mar/2017:14:40:38 +0800] "GET / HTTP/1.1" 200 18885 "https://www.baidu.com/link?url=2KsKTCxXvuDuZC5u9X5IkkEc9eSUBWtU1OU6EEjhl7FlhXDne8Qm53rT13Ttilik&wd=&eqid=ce298b8b0028c0e30000000658be55bf" "Mozilla/5.0 (Windows NT 5.1; rv:51.0) Gecko/20100101 Firefox/51.0"
121.12.126.226 - - [07/Mar/2017:14:40:38 +0800] "GET /_static/css/theme.css HTTP/1.1" 200 22148 "http://www.ansible.com.cn/" "Mozilla/5.0 (Windows NT 5.1; rv:51.0) Gecko/20100101 Firefox/51.0"
121.12.126.226 - - [07/Mar/2017:14:40:38 +0800] "GET /_static/js/modernizr.min.js HTTP/1.1" 200 15414 "http://www.ansible.com.cn/" "Mozilla/5.0 (Windows NT 5.1; rv:51.0) Gecko/20100101 Firefox/51.0"
121.12.126.226 - - [07/Mar/2017:14:40:38 +0800] "GET /_static/js/theme.js HTTP/1.1" 200 4280 "http://www.ansible.com.cn/" "Mozilla/5.0 (Windows NT 5.1; rv:51.0) Gecko/20100101 Firefox/51.0"
121.12.126.226 - - [07/Mar/2017:14:40:38 +0800] "GET /_static/underscore.js HTTP/1.1" 200 12140 "http://www.ansible.com.cn/" "Mozilla/5.0 (Windows NT 5.1; rv:51.0) Gecko/20100101 Firefox/51.0"
121.12.126.226 - - [07/Mar/2017:14:40:38 +0800] "GET /_static/doctools.js HTTP/1.1" 200 7377 "http://www.ansible.com.cn/" "Mozilla/5.0 (Windows NT 5.1; rv:51.0) Gecko/20100101 Firefox/51.0"
121.12.126.226 - - [07/Mar/2017:14:40:39 +0800] "GET /_static/jquery.js HTTP/1.1" 200 95786 "http://www.ansible.com.cn/" "Mozilla/5.0 (Windows NT 5.1; rv:51.0) Gecko/20100101 Firefox/51.0"
121.12.126.226 - - [07/Mar/2017:14:40:39 +0800] "GET /_static/fonts/fontawesome-webfont.woff?v=4.2.0 HTTP/1.1" 200 44432 "http://www.ansible.com.cn/_static/css/theme.css" "Mozilla/5.0 (Windows NT 5.1; rv:51.0) Gecko/20100101 Firefox/51.0"
121.12.126.226 - - [07/Mar/2017:14:40:39 +0800] "GET /_static/fonts/RobotoSlab-Bold.ttf HTTP/1.1" 200 36596 "http://www.ansible.com.cn/_static/css/theme.css" "Mozilla/5.0 (Windows NT 5.1; rv:51.0) Gecko/20100101 Firefox/51.0"
121.12.126.226 - - [07/Mar/2017:14:40:40 +0800] "GET /_static/fonts/Lato-Bold.ttf HTTP/1.1" 200 82368 "http://www.ansible.com.cn/_static/css/theme.css" "Mozilla/5.0 (Windows NT 5.1; rv:51.0) Gecko/20100101 Firefox/51.0"
121.12.126.226 - - [07/Mar/2017:14:40:40 +0800] "GET /_static/fonts/Lato-Regular.ttf HTTP/1.1" 200 81980 "http://www.ansible.com.cn/_static/css/theme.css" "Mozilla/5.0 (Windows NT 5.1; rv:51.0) Gecko/20100101 Firefox/51.0"
121.12.126.226 - - [07/Mar/2017:14:40:41 +0800] "GET /docs/intro.html HTTP/1.1" 200 11515 "http://www.ansible.com.cn/" "Mozilla/5.0 (Windows NT 5.1; rv:51.0) Gecko/20100101 Firefox/51.0"
121.12.126.226 - - [07/Mar/2017:14:40:41 +0800] "GET /favicon.ico HTTP/1.1" 200 2504 "-" "Mozilla/5.0 (Windows NT 5.1; rv:51.0) Gecko/20100101 Firefox/51.0"
121.12.126.226 - - [07/Mar/2017:14:40:41 +0800] "GET /_static/fonts/RobotoSlab-Regular.ttf HTTP/1.1" 200 36276 "http://www.ansible.com.cn/_static/css/theme.css" "Mozilla/5.0 (Windows NT 5.1; rv:51.0) Gecko/20100101 Firefox/51.0"
210.21.236.135 - - [07/Mar/2017:14:40:48 +0800] "GET /_static/fonts/RobotoSlab-Regular.ttf HTTP/1.1" 304 0 "http://www.ansible.com.cn/_static/css/theme.css" "Mozilla/5.0 (Windows NT 6.1) AppleWebKit/537.36 (KHTML, like Gecko) Chrome/40.0.2214.115 Safari/537.36"
124.193.167.51 - - [07/Mar/2017:14:40:59 +0800] "GET /_static/css/theme.css HTTP/1.1" 304 0 "http://www.ansible.com.cn/docs/intro.html" "Mozilla/5.0 (Windows NT 6.3; WOW64) AppleWebKit/537.36 (KHTML, like Gecko) Chrome/56.0.2924.87 Safari/537.36"
124.193.167.51 - - [07/Mar/2017:14:40:59 +0800] "GET /docs/_static/js/modernizr.min.js HTTP/1.1" 304 0 "http://www.ansible.com.cn/docs/intro.html" "Mozilla/5.0 (Windows NT 6.3; WOW64) AppleWebKit/537.36 (KHTML, like Gecko) Chrome/56.0.2924.87 Safari/537.36"
124.193.167.51 - - [07/Mar/2017:14:40:59 +0800] "GET /_static/jquery.js HTTP/1.1" 304 0 "http://www.ansible.com.cn/docs/intro.html" "Mozilla/5.0 (Windows NT 6.3; WOW64) AppleWebKit/537.36 (KHTML, like Gecko) Chrome/56.0.2924.87 Safari/537.36"
124.193.167.51 - - [07/Mar/2017:14:40:59 +0800] "GET /_static/doctools.js HTTP/1.1" 304 0 "http://www.ansible.com.cn/docs/intro.html" "Mozilla/5.0 (Windows NT 6.3; WOW64) AppleWebKit/537.36 (KHTML, like Gecko) Chrome/56.0.2924.87 Safari/537.36"
124.193.167.51 - - [07/Mar/2017:14:40:59 +0800] "GET /_static/underscore.js HTTP/1.1" 304 0 "http://www.ansible.com.cn/docs/intro.html" "Mozilla/5.0 (Windows NT 6.3; WOW64) AppleWebKit/537.36 (KHTML, like Gecko) Chrome/56.0.2924.87 Safari/537.36"
124.193.167.51 - - [07/Mar/2017:14:40:59 +0800] "GET /_static/js/theme.js HTTP/1.1" 304 0 "http://www.ansible.com.cn/docs/intro.html" "Mozilla/5.0 (Windows NT 6.3; WOW64) AppleWebKit/537.36 (KHTML, like Gecko) Chrome/56.0.2924.87 Safari/537.36"
60.12.11.28 - - [07/Mar/2017:14:41:12 +0800] "GET /docs/community.html HTTP/1.1" 200 19101 "http://www.ansible.com.cn/" "Mozilla/5.0 (Macintosh; Intel Mac OS X 10_12_0) AppleWebKit/537.36 (KHTML, like Gecko) Chrome/56.0.2924.87 Safari/537.36"
60.12.11.28 - - [07/Mar/2017:14:41:12 +0800] "GET /docs/_static/js/modernizr.min.js HTTP/1.1" 200 15414 "http://www.ansible.com.cn/docs/community.html" "Mozilla/5.0 (Macintosh; Intel Mac OS X 10_12_0) AppleWebKit/537.36 (KHTML, like Gecko) Chrome/56.0.2924.87 Safari/537.36"
124.90.34.194 - - [07/Mar/2017:14:41:16 +0800] "GET /_static/fonts/RobotoSlab-Regular.ttf HTTP/1.1" 200 36276 "http://www.ansible.com.cn/_static/css/theme.css" "Mozilla/5.0 (Macintosh; Intel Mac OS X 10_12_3) AppleWebKit/537.36 (KHTML, like Gecko) Chrome/56.0.2924.87 Safari/537.36"
67.185.160.147 - - [07/Mar/2017:14:41:28 +0800] "GET /docs/intro_getting_started.html HTTP/1.1" 200 14927 "-" "Mozilla/5.0 (Macintosh; Intel Mac OS X 10_12_3) AppleWebKit/602.4.8 (KHTML, like Gecko)"
67.185.160.147 - - [07/Mar/2017:14:41:33 +0800] "GET /apple-touch-icon-precomposed.png HTTP/1.1" 404 149 "-" "Safari/12602.4.8 CFNetwork/807.2.14 Darwin/16.4.0 (x86_64)"
67.185.160.147 - - [07/Mar/2017:14:41:33 +0800] "GET /apple-touch-icon.png HTTP/1.1" 404 149 "-" "Safari/12602.4.8 CFNetwork/807.2.14 Darwin/16.4.0 (x86_64)"
67.185.160.147 - - [07/Mar/2017:14:41:33 +0800] "GET /favicon.ico HTTP/1.1" 200 2504 "-" "Safari/12602.4.8 CFNetwork/807.2.14 Darwin/16.4.0 (x86_64)"
67.185.160.147 - - [07/Mar/2017:14:41:34 +0800] "GET /apple-touch-icon-precomposed.png HTTP/1.1" 404 149 "-" "Safari/12602.4.8 CFNetwork/807.2.14 Darwin/16.4.0 (x86_64)"
67.185.160.147 - - [07/Mar/2017:14:41:34 +0800] "GET /apple-touch-icon.png HTTP/1.1" 404 149 "-" "Safari/12602.4.8 CFNetwork/807.2.14 Darwin/16.4.0 (x86_64)"
218.93.118.132 - - [07/Mar/2017:14:41:51 +0800] "GET /docs/modules_intro.html HTTP/1.1" 200 12437 "http://www.ansible.com.cn/docs/playbooks_variables.html" "Mozilla/5.0 (Windows NT 10.0; Win64; x64) AppleWebKit/537.36 (KHTML, like Gecko) Chrome/56.0.2924.87 Safari/537.36"
116.226.85.187 - - [07/Mar/2017:14:42:29 +0800] "GET /favicon.ico HTTP/1.1" 200 2504 "-" "Mozilla/5.0 (Windows NT 10.0; WOW64) AppleWebKit/537.36 (KHTML, like Gecko) Chrome/50.0.2661.102 Safari/537.36"
218.93.118.132 - - [07/Mar/2017:14:42:47 +0800] "GET /docs/modules_core.html HTTP/1.1" 200 11734 "http://www.ansible.com.cn/docs/modules_intro.html" "Mozilla/5.0 (Windows NT 10.0; Win64; x64) AppleWebKit/537.36 (KHTML, like Gecko) Chrome/56.0.2924.87 Safari/537.36"
218.247.246.236 - - [07/Mar/2017:14:43:01 +0800] "GET /docs/intro_getting_started.html HTTP/1.1" 200 14927 "http://www.ansible.com.cn/docs/intro_installation.html" "Mozilla/5.0 (Windows NT 6.1; WOW64) AppleWebKit/537.36 (KHTML, like Gecko) Chrome/56.0.2924.87 Safari/537.36"
124.193.167.51 - - [07/Mar/2017:14:43:09 +0800] "GET /docs/developing_api.html HTTP/1.1" 200 13168 "http://www.ansible.com.cn/docs/developing.html" "Mozilla/5.0 (Windows NT 6.3; WOW64) AppleWebKit/537.36 (KHTML, like Gecko) Chrome/56.0.2924.87 Safari/537.36"
218.93.118.132 - - [07/Mar/2017:14:43:17 +0800] "GET /docs/modules_extra.html HTTP/1.1" 200 11959 "http://www.ansible.com.cn/docs/modules_core.html" "Mozilla/5.0 (Windows NT 10.0; Win64; x64) AppleWebKit/537.36 (KHTML, like Gecko) Chrome/56.0.2924.87 Safari/537.36"
14.23.88.202 - - [07/Mar/2017:14:43:29 +0800] "GET / HTTP/1.1" 200 18885 "http://www.baidu.com/link?url=K1mtk-gUZzullWW-WQkR0YV3MluEzYgCirMcs1I19zc9igo8wJ8LkUIb4oDfBet8&wd=&eqid=dfd7f9470081d9160000000658be5685" "Mozilla/5.0 (Windows NT 6.1; Trident/7.0; rv:11.0) like Gecko"
14.23.88.202 - - [07/Mar/2017:14:43:29 +0800] "GET /_static/js/modernizr.min.js HTTP/1.1" 200 15414 "http://www.ansible.com.cn/" "Mozilla/5.0 (Windows NT 6.1; Trident/7.0; rv:11.0) like Gecko"
14.23.88.202 - - [07/Mar/2017:14:43:29 +0800] "GET /_static/css/theme.css HTTP/1.1" 200 22148 "http://www.ansible.com.cn/" "Mozilla/5.0 (Windows NT 6.1; Trident/7.0; rv:11.0) like Gecko"
14.23.88.202 - - [07/Mar/2017:14:43:29 +0800] "GET /_static/underscore.js HTTP/1.1" 200 12140 "http://www.ansible.com.cn/" "Mozilla/5.0 (Windows NT 6.1; Trident/7.0; rv:11.0) like Gecko"
14.23.88.202 - - [07/Mar/2017:14:43:29 +0800] "GET /_static/js/theme.js HTTP/1.1" 200 4280 "http://www.ansible.com.cn/" "Mozilla/5.0 (Windows NT 6.1; Trident/7.0; rv:11.0) like Gecko"
14.23.88.202 - - [07/Mar/2017:14:43:29 +0800] "GET /_static/doctools.js HTTP/1.1" 200 7377 "http://www.ansible.com.cn/" "Mozilla/5.0 (Windows NT 6.1; Trident/7.0; rv:11.0) like Gecko"
14.23.88.202 - - [07/Mar/2017:14:43:30 +0800] "GET /_static/fonts/Lato-Regular.ttf HTTP/1.1" 200 81980 "http://www.ansible.com.cn/" "Mozilla/5.0 (Windows NT 6.1; Trident/7.0; rv:11.0) like Gecko"
14.23.88.202 - - [07/Mar/2017:14:43:30 +0800] "GET /_static/fonts/fontawesome-webfont.eot? HTTP/1.1" 200 38205 "http://www.ansible.com.cn/" "Mozilla/5.0 (Windows NT 6.1; Trident/7.0; rv:11.0) like Gecko"
14.23.88.202 - - [07/Mar/2017:14:43:30 +0800] "GET /_static/jquery.js HTTP/1.1" 200 95786 "http://www.ansible.com.cn/" "Mozilla/5.0 (Windows NT 6.1; Trident/7.0; rv:11.0) like Gecko"
14.23.88.202 - - [07/Mar/2017:14:43:30 +0800] "GET /_static/fonts/RobotoSlab-Bold.ttf HTTP/1.1" 200 36596 "http://www.ansible.com.cn/" "Mozilla/5.0 (Windows NT 6.1; Trident/7.0; rv:11.0) like Gecko"
14.23.88.202 - - [07/Mar/2017:14:43:30 +0800] "GET /_static/fonts/Lato-Bold.ttf HTTP/1.1" 200 82368 "http://www.ansible.com.cn/" "Mozilla/5.0 (Windows NT 6.1; Trident/7.0; rv:11.0) like Gecko"
14.23.88.202 - - [07/Mar/2017:14:43:30 +0800] "GET /_static/fonts/RobotoSlab-Regular.ttf HTTP/1.1" 200 36276 "http://www.ansible.com.cn/" "Mozilla/5.0 (Windows NT 6.1; Trident/7.0; rv:11.0) like Gecko"
14.23.88.202 - - [07/Mar/2017:14:43:31 +0800] "GET /favicon.ico HTTP/1.1" 200 2504 "-" "Mozilla/5.0 (Windows NT 6.1; Trident/7.0; rv:11.0) like Gecko"
218.93.118.132 - - [07/Mar/2017:14:43:33 +0800] "GET /docs/common_return_values.html HTTP/1.1" 200 12191 "http://www.ansible.com.cn/docs/modules_extra.html" "Mozilla/5.0 (Windows NT 10.0; Win64; x64) AppleWebKit/537.36 (KHTML, like Gecko) Chrome/56.0.2924.87 Safari/537.36"
218.247.246.236 - - [07/Mar/2017:14:43:35 +0800] "GET /docs/intro_adhoc.html HTTP/1.1" 200 17122 "http://www.ansible.com.cn/docs/intro_getting_started.html" "Mozilla/5.0 (Windows NT 6.1; WOW64) AppleWebKit/537.36 (KHTML, like Gecko) Chrome/56.0.2924.87 Safari/537.36"
14.23.88.202 - - [07/Mar/2017:14:43:55 +0800] "GET /docs/intro.html HTTP/1.1" 200 11515 "http://www.ansible.com.cn/" "Mozilla/5.0 (Windows NT 6.1; Trident/7.0; rv:11.0) like Gecko"
14.23.88.202 - - [07/Mar/2017:14:43:55 +0800] "GET /docs/_static/js/modernizr.min.js HTTP/1.1" 200 15414 "http://www.ansible.com.cn/docs/intro.html" "Mozilla/5.0 (Windows NT 6.1; Trident/7.0; rv:11.0) like Gecko"
